Component: ARM Compiler 5.06 (build 20) Tool: armlink [4d35a3]

==============================================================================

Section Cross References

    heartbeat.o(i.SysTick_Handler) refers to heartbeat.o(.data) for tick
    heartbeat.o(i.TMR0_IRQHandler) refers to _printf_percent.o(.ARM.Collect$$_printf_percent$$00000000) for _printf_percent
    heartbeat.o(i.TMR0_IRQHandler) refers to _printf_d.o(.ARM.Collect$$_printf_percent$$00000009) for _printf_d
    heartbeat.o(i.TMR0_IRQHandler) refers to _printf_dec.o(.text) for _printf_int_dec
    heartbeat.o(i.TMR0_IRQHandler) refers to noretval__2printf.o(.text) for __2printf
    heartbeat.o(i.TMR0_IRQHandler) refers to heartbeat.o(.data) for d0
    heartbeat.o(i.TMR0_IRQHandler) refers to data1.o(.data) for data
    heartbeat.o(i.TMR0_IRQHandler1) refers to _printf_percent.o(.ARM.Collect$$_printf_percent$$00000000) for _printf_percent
    heartbeat.o(i.TMR0_IRQHandler1) refers to _printf_d.o(.ARM.Collect$$_printf_percent$$00000009) for _printf_d
    heartbeat.o(i.TMR0_IRQHandler1) refers to _printf_dec.o(.text) for _printf_int_dec
    heartbeat.o(i.TMR0_IRQHandler1) refers to aeabi_sdiv.o(.text) for __aeabi_idivmod
    heartbeat.o(i.TMR0_IRQHandler1) refers to noretval__2printf.o(.text) for __2printf
    heartbeat.o(i.TMR0_IRQHandler1) refers to heartbeat.o(.data) for d0
    heartbeat.o(i.TMR0_IRQHandler1) refers to data2.o(.constdata) for data2
    heartbeat.o(i.UART1_IRQHandler) refers to heartbeat.o(.data) for run
    heartbeat.o(i.delay_ms) refers to heartbeat.o(.data) for tick
    heartbeat.o(i.init) refers to aeabi_sdiv.o(.text) for __aeabi_uidivmod
    heartbeat.o(i.init) refers to heartbeat.o(i.NVIC_SetPriority) for NVIC_SetPriority
    heartbeat.o(i.init) refers to heartbeat.o(i.init_UART1) for init_UART1
    heartbeat.o(i.init) refers to heartbeat.o(i.init_TIMER0) for init_TIMER0
    heartbeat.o(i.init) refers to data1.o(.data) for data
    heartbeat.o(i.init) refers to heartbeat.o(.data) for d0
    heartbeat.o(i.init) refers to system_nano100series.o(.data) for SystemCoreClock
    heartbeat.o(i.init_TIMER0) refers to heartbeat.o(i.SYS_UnlockReg) for SYS_UnlockReg
    heartbeat.o(i.init_TIMER0) refers to clk.o(i.CLK_EnableModuleClock) for CLK_EnableModuleClock
    heartbeat.o(i.init_TIMER0) refers to clk.o(i.CLK_SetModuleClock) for CLK_SetModuleClock
    heartbeat.o(i.init_TIMER0) refers to timer.o(i.TIMER_Open) for TIMER_Open
    heartbeat.o(i.init_TIMER0) refers to heartbeat.o(i.NVIC_EnableIRQ) for NVIC_EnableIRQ
    heartbeat.o(i.init_UART1) refers to heartbeat.o(i.SYS_UnlockReg) for SYS_UnlockReg
    heartbeat.o(i.init_UART1) refers to clk.o(i.CLK_EnableModuleClock) for CLK_EnableModuleClock
    heartbeat.o(i.init_UART1) refers to clk.o(i.CLK_SetModuleClock) for CLK_SetModuleClock
    heartbeat.o(i.init_UART1) refers to uart.o(i.UART_Open) for UART_Open
    heartbeat.o(i.init_UART1) refers to heartbeat.o(i.NVIC_EnableIRQ) for NVIC_EnableIRQ
    heartbeat.o(i.main) refers to heartbeat.o(i.init) for init
    clk.o(i.CLK_EnablePLL) refers to aeabi_sdiv.o(.text) for __aeabi_uidivmod
    clk.o(i.CLK_EnablePLL) refers to clk.o(i.CLK_WaitClockReady) for CLK_WaitClockReady
    clk.o(i.CLK_EnablePLL) refers to clk.o(i.CLK_GetPLLClockFreq) for CLK_GetPLLClockFreq
    clk.o(i.CLK_EnablePLL) refers to clk.o(.constdata) for .constdata
    clk.o(i.CLK_EnableXtalRC) refers to clk.o(i.CLK_WaitClockReady) for CLK_WaitClockReady
    clk.o(i.CLK_GetCPUFreq) refers to system_nano100series.o(i.SystemCoreClockUpdate) for SystemCoreClockUpdate
    clk.o(i.CLK_GetCPUFreq) refers to system_nano100series.o(.data) for SystemCoreClock
    clk.o(i.CLK_GetHCLKFreq) refers to system_nano100series.o(i.SystemCoreClockUpdate) for SystemCoreClockUpdate
    clk.o(i.CLK_GetHCLKFreq) refers to system_nano100series.o(.data) for SystemCoreClock
    clk.o(i.CLK_GetPLLClockFreq) refers to aeabi_sdiv.o(.text) for __aeabi_uidivmod
    clk.o(i.CLK_SetCoreClock) refers to clk.o(i.CLK_EnableXtalRC) for CLK_EnableXtalRC
    clk.o(i.CLK_SetCoreClock) refers to clk.o(i.CLK_SetHCLK) for CLK_SetHCLK
    clk.o(i.CLK_SetCoreClock) refers to clk.o(i.CLK_EnablePLL) for CLK_EnablePLL
    clk.o(i.CLK_SetCoreClock) refers to system_nano100series.o(.data) for SystemCoreClock
    clk.o(i.CLK_SetHCLK) refers to clk.o(i.CLK_WaitClockReady) for CLK_WaitClockReady
    clk.o(i.CLK_SetHCLK) refers to system_nano100series.o(i.SystemCoreClockUpdate) for SystemCoreClockUpdate
    clk.o(i.CLK_SysTickDelay) refers to system_nano100series.o(.data) for CyclesPerUs
    timer.o(i.TIMER_Delay) refers to timer.o(i.TIMER_GetModuleClock) for TIMER_GetModuleClock
    timer.o(i.TIMER_Delay) refers to aeabi_sdiv.o(.text) for __aeabi_uidivmod
    timer.o(i.TIMER_Delay) refers to timer.o(i.__ARM_common_ll_muluu) for __ARM_common_ll_muluu
    timer.o(i.TIMER_Delay) refers to llsdiv.o(.text) for __aeabi_ldivmod
    timer.o(i.TIMER_Delay) refers to system_nano100series.o(.data) for SystemCoreClock
    timer.o(i.TIMER_GetModuleClock) refers to timer.o(.constdata) for .constdata
    timer.o(i.TIMER_Open) refers to timer.o(i.TIMER_GetModuleClock) for TIMER_GetModuleClock
    timer.o(i.TIMER_Open) refers to aeabi_sdiv.o(.text) for __aeabi_uidivmod
    uart.o(i.UART_Open) refers to system_nano100series.o(i.SysGet_PLLClockFreq) for SysGet_PLLClockFreq
    uart.o(i.UART_Open) refers to aeabi_sdiv.o(.text) for __aeabi_uidivmod
    uart.o(i.UART_Open) refers to uart.o(.constdata) for .constdata
    uart.o(i.UART_SelectIrDAMode) refers to system_nano100series.o(i.SysGet_PLLClockFreq) for SysGet_PLLClockFreq
    uart.o(i.UART_SelectIrDAMode) refers to aeabi_sdiv.o(.text) for __aeabi_uidivmod
    uart.o(i.UART_SelectIrDAMode) refers to uart.o(.constdata) for .constdata
    uart.o(i.UART_SetLine_Config) refers to system_nano100series.o(i.SysGet_PLLClockFreq) for SysGet_PLLClockFreq
    uart.o(i.UART_SetLine_Config) refers to aeabi_sdiv.o(.text) for __aeabi_uidivmod
    uart.o(i.UART_SetLine_Config) refers to uart.o(.constdata) for .constdata
    retarget.o(.emb_text) refers to retarget.o(i.Hard_Fault_Handler) for Hard_Fault_Handler
    retarget.o(i.Hard_Fault_Handler) refers to noretval__2printf.o(.text) for __2printf
    retarget.o(i.Hard_Fault_Handler) refers to retarget.o(i.stackDump) for stackDump
    retarget.o(i.SendChar) refers to retarget.o(i.SendChar_ToUART) for SendChar_ToUART
    retarget.o(i._ttywrch) refers to retarget.o(i.SendChar) for SendChar
    retarget.o(i.fgetc) refers to retarget.o(i.GetChar) for GetChar
    retarget.o(i.fputc) refers to retarget.o(i.SendChar) for SendChar
    retarget.o(i.stackDump) refers to _printf_percent.o(.ARM.Collect$$_printf_percent$$00000000) for _printf_percent
    retarget.o(i.stackDump) refers to _printf_x.o(.ARM.Collect$$_printf_percent$$0000000C) for _printf_x
    retarget.o(i.stackDump) refers to _printf_hex_int.o(.text) for _printf_longlong_hex
    retarget.o(i.stackDump) refers to noretval__2printf.o(.text) for __2printf
    startup_nano100series.o(STACK) refers (Special) to heapauxi.o(.text) for __use_two_region_memory
    startup_nano100series.o(HEAP) refers (Special) to heapauxi.o(.text) for __use_two_region_memory
    startup_nano100series.o(RESET) refers (Special) to heapauxi.o(.text) for __use_two_region_memory
    startup_nano100series.o(RESET) refers to startup_nano100series.o(STACK) for __initial_sp
    startup_nano100series.o(RESET) refers to startup_nano100series.o(.text) for Reset_Handler
    startup_nano100series.o(RESET) refers to retarget.o(.emb_text) for HardFault_Handler
    startup_nano100series.o(RESET) refers to heartbeat.o(i.SysTick_Handler) for SysTick_Handler
    startup_nano100series.o(RESET) refers to heartbeat.o(i.TMR0_IRQHandler) for TMR0_IRQHandler
    startup_nano100series.o(RESET) refers to heartbeat.o(i.UART1_IRQHandler) for UART1_IRQHandler
    startup_nano100series.o(.text) refers (Special) to heapauxi.o(.text) for __use_two_region_memory
    startup_nano100series.o(.text) refers to __main.o(!!!main) for __main
    startup_nano100series.o(.text) refers to startup_nano100series.o(HEAP) for Heap_Mem
    startup_nano100series.o(.text) refers to startup_nano100series.o(STACK) for Stack_Mem
    system_nano100series.o(i.SysGet_HCLKFreq) refers to system_nano100series.o(i.SysGet_PLLClockFreq) for SysGet_PLLClockFreq
    system_nano100series.o(i.SysGet_HCLKFreq) refers to aeabi_sdiv.o(.text) for __aeabi_uidivmod
    system_nano100series.o(i.SysGet_PLLClockFreq) refers to aeabi_sdiv.o(.text) for __aeabi_uidivmod
    system_nano100series.o(i.SystemCoreClockUpdate) refers to system_nano100series.o(i.SysGet_HCLKFreq) for SysGet_HCLKFreq
    system_nano100series.o(i.SystemCoreClockUpdate) refers to aeabi_sdiv.o(.text) for __aeabi_uidivmod
    system_nano100series.o(i.SystemCoreClockUpdate) refers to system_nano100series.o(.data) for SystemCoreClock
    llsdiv.o(.text) refers to lludiv.o(.text) for __aeabi_uldivmod
    __2printf.o(.text) refers to _printf_char_file.o(.text) for _printf_char_file
    __2printf.o(.text) refers to retarget.o(.data) for __stdout
    noretval__2printf.o(.text) refers to _printf_char_file.o(.text) for _printf_char_file
    noretval__2printf.o(.text) refers to retarget.o(.data) for __stdout
    __printf.o(.text) refers to _printf_percent.o(.ARM.Collect$$_printf_percent$$00000000) for _printf_percent
    _printf_dec.o(.text) refers to rtudiv10.o(.text) for __rt_udiv10
    _printf_dec.o(.text) refers to _printf_intcommon.o(.text) for _printf_int_common
    _printf_hex_ll.o(.text) refers to _printf_intcommon.o(.text) for _printf_int_common
    _printf_hex_ll.o(.text) refers to _printf_hex_ll.o(.constdata) for .constdata
    _printf_hex_int.o(.text) refers to _printf_intcommon.o(.text) for _printf_int_common
    _printf_hex_int.o(.text) refers to _printf_hex_int.o(.constdata) for .constdata
    _printf_hex_int_ll.o(.text) refers to _printf_intcommon.o(.text) for _printf_int_common
    _printf_hex_int_ll.o(.text) refers to _printf_hex_int_ll.o(.constdata) for .constdata
    _printf_hex_ptr.o(.text) refers to _printf_intcommon.o(.text) for _printf_int_common
    _printf_hex_ptr.o(.text) refers to _printf_hex_ptr.o(.constdata) for .constdata
    _printf_hex_int_ptr.o(.text) refers to _printf_intcommon.o(.text) for _printf_int_common
    _printf_hex_int_ptr.o(.text) refers to _printf_hex_int_ptr.o(.constdata) for .constdata
    _printf_hex_ll_ptr.o(.text) refers to _printf_intcommon.o(.text) for _printf_int_common
    _printf_hex_ll_ptr.o(.text) refers to _printf_hex_ll_ptr.o(.constdata) for .constdata
    _printf_hex_int_ll_ptr.o(.text) refers to _printf_intcommon.o(.text) for _printf_int_common
    _printf_hex_int_ll_ptr.o(.text) refers to _printf_hex_int_ll_ptr.o(.constdata) for .constdata
    __printf_flags.o(.text) refers to _printf_percent.o(.ARM.Collect$$_printf_percent$$00000000) for _printf_percent
    __printf_flags.o(.text) refers to __printf_flags.o(.constdata) for .constdata
    __printf_ss.o(.text) refers to _printf_percent.o(.ARM.Collect$$_printf_percent$$00000000) for _printf_percent
    __printf_flags_ss.o(.text) refers to _printf_percent.o(.ARM.Collect$$_printf_percent$$00000000) for _printf_percent
    __printf_flags_ss.o(.text) refers to __printf_flags_ss.o(.constdata) for .constdata
    __printf_wp.o(.text) refers to __printf_wp.o(i._is_digit) for _is_digit
    __printf_wp.o(.text) refers to _printf_percent.o(.ARM.Collect$$_printf_percent$$00000000) for _printf_percent
    __printf_flags_wp.o(.text) refers to __printf_wp.o(i._is_digit) for _is_digit
    __printf_flags_wp.o(.text) refers to _printf_percent.o(.ARM.Collect$$_printf_percent$$00000000) for _printf_percent
    __printf_flags_wp.o(.text) refers to __printf_flags_wp.o(.constdata) for .constdata
    __printf_ss_wp.o(.text) refers to __printf_wp.o(i._is_digit) for _is_digit
    __printf_ss_wp.o(.text) refers to _printf_percent.o(.ARM.Collect$$_printf_percent$$00000000) for _printf_percent
    __printf_flags_ss_wp.o(.text) refers to __printf_wp.o(i._is_digit) for _is_digit
    __printf_flags_ss_wp.o(.text) refers to _printf_percent.o(.ARM.Collect$$_printf_percent$$00000000) for _printf_percent
    __printf_flags_ss_wp.o(.text) refers to __printf_flags_ss_wp.o(.constdata) for .constdata
    _printf_x.o(.ARM.Collect$$_printf_percent$$0000000C) refers (Weak) to _printf_hex_int.o(.text) for _printf_int_hex
    _printf_d.o(.ARM.Collect$$_printf_percent$$00000009) refers (Weak) to _printf_dec.o(.text) for _printf_int_dec
    _printf_percent.o(.ARM.Collect$$_printf_percent$$00000000) refers (Special) to _printf_percent_end.o(.ARM.Collect$$_printf_percent$$00000017) for _printf_percent_end
    __main.o(!!!main) refers to __rtentry.o(.ARM.Collect$$rtentry$$00000000) for __rt_entry
    __rtentry.o(.ARM.Collect$$rtentry$$00000000) refers (Special) to __rtentry2.o(.ARM.Collect$$rtentry$$0000000A) for __rt_entry_li
    __rtentry.o(.ARM.Collect$$rtentry$$00000000) refers (Special) to __rtentry2.o(.ARM.Collect$$rtentry$$0000000D) for __rt_entry_main
    __rtentry.o(.ARM.Collect$$rtentry$$00000000) refers (Special) to __rtentry2.o(.ARM.Collect$$rtentry$$0000000C) for __rt_entry_postli_1
    __rtentry.o(.ARM.Collect$$rtentry$$00000000) refers (Special) to __rtentry2.o(.ARM.Collect$$rtentry$$00000009) for __rt_entry_postsh_1
    __rtentry.o(.ARM.Collect$$rtentry$$00000000) refers (Special) to __rtentry2.o(.ARM.Collect$$rtentry$$00000002) for __rt_entry_presh_1
    __rtentry.o(.ARM.Collect$$rtentry$$00000000) refers (Special) to __rtentry4.o(.ARM.Collect$$rtentry$$00000004) for __rt_entry_sh
    aeabi_idiv0_sigfpe.o(.text) refers to rt_div0.o(.text) for __rt_div0
    _printf_char_file.o(.text) refers to _printf_char_common.o(.text) for _printf_char_common
    _printf_char_file.o(.text) refers to retarget.o(i.ferror) for ferror
    _printf_char_file.o(.text) refers to retarget.o(i.fputc) for fputc
    __rtentry2.o(.ARM.Collect$$rtentry$$00000008) refers to boardinit2.o(.text) for _platform_post_stackheap_init
    __rtentry2.o(.ARM.Collect$$rtentry$$0000000A) refers to libinit.o(.ARM.Collect$$libinit$$00000000) for __rt_lib_init
    __rtentry2.o(.ARM.Collect$$rtentry$$0000000B) refers to boardinit3.o(.text) for _platform_post_lib_init
    __rtentry2.o(.ARM.Collect$$rtentry$$0000000D) refers to heartbeat.o(i.main) for main
    __rtentry2.o(.ARM.Collect$$rtentry$$0000000D) refers to exit.o(.text) for exit
    __rtentry2.o(.ARM.exidx) refers to __rtentry2.o(.ARM.Collect$$rtentry$$00000001) for .ARM.Collect$$rtentry$$00000001
    __rtentry2.o(.ARM.exidx) refers to __rtentry2.o(.ARM.Collect$$rtentry$$00000008) for .ARM.Collect$$rtentry$$00000008
    __rtentry2.o(.ARM.exidx) refers to __rtentry2.o(.ARM.Collect$$rtentry$$0000000A) for .ARM.Collect$$rtentry$$0000000A
    __rtentry2.o(.ARM.exidx) refers to __rtentry2.o(.ARM.Collect$$rtentry$$0000000B) for .ARM.Collect$$rtentry$$0000000B
    __rtentry2.o(.ARM.exidx) refers to __rtentry2.o(.ARM.Collect$$rtentry$$0000000D) for .ARM.Collect$$rtentry$$0000000D
    __rtentry4.o(.ARM.Collect$$rtentry$$00000004) refers to sys_stackheap_outer.o(.text) for __user_setup_stackheap
    __rtentry4.o(.ARM.exidx) refers to __rtentry4.o(.ARM.Collect$$rtentry$$00000004) for .ARM.Collect$$rtentry$$00000004
    rt_div0.o(.text) refers to defsig_fpe_outer.o(.text) for __rt_SIGFPE
    aeabi_ldiv0_sigfpe.o(.text) refers to rt_div0.o(.text) for __rt_div0
    _printf_char_common.o(.text) refers to __printf_wp.o(.text) for __printf
    sys_stackheap_outer.o(.text) refers to libspace.o(.text) for __user_perproc_libspace
    sys_stackheap_outer.o(.text) refers to startup_nano100series.o(.text) for __user_initial_stackheap
    sys_stackheap_outer.o(__vectab_stack_and_reset_area) refers to tempstk.o(.text) for __temporary_stack_top
    sys_stackheap_outer.o(__vectab_stack_and_reset_area) refers to __main.o(!!!main) for __main
    exit.o(.text) refers to rtexit.o(.ARM.Collect$$rtexit$$00000000) for __rt_exit
    defsig_fpe_outer.o(.text) refers to defsig_fpe_inner.o(.text) for __rt_SIGFPE_inner
    defsig_fpe_outer.o(.text) refers to defsig_exit.o(.text) for __sig_exit
    defsig_fpe_formal.o(.text) refers to rt_raise.o(.text) for __rt_raise
    libinit.o(.ARM.Collect$$libinit$$00000000) refers (Special) to libinit2.o(.ARM.Collect$$libinit$$0000002E) for __rt_lib_init_alloca_1
    libinit.o(.ARM.Collect$$libinit$$00000000) refers (Special) to libinit2.o(.ARM.Collect$$libinit$$0000002C) for __rt_lib_init_argv_1
    libinit.o(.ARM.Collect$$libinit$$00000000) refers (Special) to libinit2.o(.ARM.Collect$$libinit$$0000001B) for __rt_lib_init_atexit_1
    libinit.o(.ARM.Collect$$libinit$$00000000) refers (Special) to libinit2.o(.ARM.Collect$$libinit$$00000021) for __rt_lib_init_clock_1
    libinit.o(.ARM.Collect$$libinit$$00000000) refers (Special) to libinit2.o(.ARM.Collect$$libinit$$00000032) for __rt_lib_init_cpp_1
    libinit.o(.ARM.Collect$$libinit$$00000000) refers (Special) to libinit2.o(.ARM.Collect$$libinit$$00000030) for __rt_lib_init_exceptions_1
    libinit.o(.ARM.Collect$$libinit$$00000000) refers (Special) to libinit2.o(.ARM.Collect$$libinit$$00000002) for __rt_lib_init_fp_1
    libinit.o(.ARM.Collect$$libinit$$00000000) refers (Special) to libinit2.o(.ARM.Collect$$libinit$$0000001F) for __rt_lib_init_fp_trap_1
    libinit.o(.ARM.Collect$$libinit$$00000000) refers (Special) to libinit2.o(.ARM.Collect$$libinit$$00000023) for __rt_lib_init_getenv_1
    libinit.o(.ARM.Collect$$libinit$$00000000) refers (Special) to libinit2.o(.ARM.Collect$$libinit$$0000000A) for __rt_lib_init_heap_1
    libinit.o(.ARM.Collect$$libinit$$00000000) refers (Special) to libinit2.o(.ARM.Collect$$libinit$$00000011) for __rt_lib_init_lc_collate_1
    libinit.o(.ARM.Collect$$libinit$$00000000) refers (Special) to libinit2.o(.ARM.Collect$$libinit$$00000013) for __rt_lib_init_lc_ctype_1
    libinit.o(.ARM.Collect$$libinit$$00000000) refers (Special) to libinit2.o(.ARM.Collect$$libinit$$00000015) for __rt_lib_init_lc_monetary_1
    libinit.o(.ARM.Collect$$libinit$$00000000) refers (Special) to libinit2.o(.ARM.Collect$$libinit$$00000017) for __rt_lib_init_lc_numeric_1
    libinit.o(.ARM.Collect$$libinit$$00000000) refers (Special) to libinit2.o(.ARM.Collect$$libinit$$00000019) for __rt_lib_init_lc_time_1
    libinit.o(.ARM.Collect$$libinit$$00000000) refers (Special) to libinit2.o(.ARM.Collect$$libinit$$00000004) for __rt_lib_init_preinit_1
    libinit.o(.ARM.Collect$$libinit$$00000000) refers (Special) to libinit2.o(.ARM.Collect$$libinit$$0000000E) for __rt_lib_init_rand_1
    libinit.o(.ARM.Collect$$libinit$$00000000) refers (Special) to libinit2.o(.ARM.Collect$$libinit$$00000033) for __rt_lib_init_return
    libinit.o(.ARM.Collect$$libinit$$00000000) refers (Special) to libinit2.o(.ARM.Collect$$libinit$$0000001D) for __rt_lib_init_signal_1
    libinit.o(.ARM.Collect$$libinit$$00000000) refers (Special) to libinit2.o(.ARM.Collect$$libinit$$00000025) for __rt_lib_init_stdio_1
    libinit.o(.ARM.Collect$$libinit$$00000000) refers (Special) to libinit2.o(.ARM.Collect$$libinit$$0000000C) for __rt_lib_init_user_alloc_1
    libspace.o(.text) refers to libspace.o(.bss) for __libspace_start
    rtexit.o(.ARM.Collect$$rtexit$$00000000) refers (Special) to rtexit2.o(.ARM.Collect$$rtexit$$00000004) for __rt_exit_exit
    rtexit.o(.ARM.Collect$$rtexit$$00000000) refers (Special) to rtexit2.o(.ARM.Collect$$rtexit$$00000003) for __rt_exit_ls
    rtexit.o(.ARM.Collect$$rtexit$$00000000) refers (Special) to rtexit2.o(.ARM.Collect$$rtexit$$00000002) for __rt_exit_prels_1
    rtexit.o(.ARM.exidx) refers (Special) to rtexit2.o(.ARM.Collect$$rtexit$$00000004) for __rt_exit_exit
    rtexit.o(.ARM.exidx) refers (Special) to rtexit2.o(.ARM.Collect$$rtexit$$00000003) for __rt_exit_ls
    rtexit.o(.ARM.exidx) refers (Special) to rtexit2.o(.ARM.Collect$$rtexit$$00000002) for __rt_exit_prels_1
    rtexit.o(.ARM.exidx) refers to rtexit.o(.ARM.Collect$$rtexit$$00000000) for .ARM.Collect$$rtexit$$00000000
    rt_raise.o(.text) refers to __raise.o(.text) for __raise
    rt_raise.o(.text) refers to sys_exit.o(.text) for _sys_exit
    defsig_exit.o(.text) refers to sys_exit.o(.text) for _sys_exit
    defsig_fpe_inner.o(.text) refers to defsig_general.o(.text) for __default_signal_display
    libinit2.o(.ARM.Collect$$libinit$$00000010) refers to libinit2.o(.ARM.Collect$$libinit$$0000000F) for .ARM.Collect$$libinit$$0000000F
    libinit2.o(.ARM.Collect$$libinit$$00000012) refers to libinit2.o(.ARM.Collect$$libinit$$0000000F) for .ARM.Collect$$libinit$$0000000F
    libinit2.o(.ARM.Collect$$libinit$$00000014) refers to libinit2.o(.ARM.Collect$$libinit$$0000000F) for .ARM.Collect$$libinit$$0000000F
    libinit2.o(.ARM.Collect$$libinit$$00000016) refers to libinit2.o(.ARM.Collect$$libinit$$0000000F) for .ARM.Collect$$libinit$$0000000F
    libinit2.o(.ARM.Collect$$libinit$$00000018) refers to libinit2.o(.ARM.Collect$$libinit$$0000000F) for .ARM.Collect$$libinit$$0000000F
    libinit2.o(.ARM.Collect$$libinit$$00000026) refers to argv_veneer.o(.text) for __ARM_argv_veneer
    libinit2.o(.ARM.Collect$$libinit$$00000027) refers to argv_veneer.o(.text) for __ARM_argv_veneer
    sys_exit.o(.text) refers (Special) to use_no_semi.o(.text) for __I$use$semihosting
    sys_exit.o(.text) refers (Special) to indicate_semi.o(.text) for __semihosting_library_function
    rtexit2.o(.ARM.Collect$$rtexit$$00000003) refers to libshutdown.o(.ARM.Collect$$libshutdown$$00000000) for __rt_lib_shutdown
    rtexit2.o(.ARM.Collect$$rtexit$$00000004) refers to sys_exit.o(.text) for _sys_exit
    rtexit2.o(.ARM.exidx) refers to rtexit2.o(.ARM.Collect$$rtexit$$00000001) for .ARM.Collect$$rtexit$$00000001
    rtexit2.o(.ARM.exidx) refers to rtexit2.o(.ARM.Collect$$rtexit$$00000003) for .ARM.Collect$$rtexit$$00000003
    rtexit2.o(.ARM.exidx) refers to rtexit2.o(.ARM.Collect$$rtexit$$00000004) for .ARM.Collect$$rtexit$$00000004
    __raise.o(.text) refers to defsig.o(CL$$defsig) for __default_signal_handler
    defsig_general.o(.text) refers to retarget.o(i._ttywrch) for _ttywrch
    defsig.o(CL$$defsig) refers to defsig_fpe_inner.o(.text) for __rt_SIGFPE_inner
    defsig.o(CL$$defsig) refers to defsig_rtmem_inner.o(.text) for __rt_SIGRTMEM_inner
    _get_argv_nomalloc.o(.text) refers (Special) to hrguard.o(.text) for __heap_region$guard
    _get_argv_nomalloc.o(.text) refers to defsig_rtmem_outer.o(.text) for __rt_SIGRTMEM
    _get_argv_nomalloc.o(.text) refers to sys_command.o(.text) for _sys_command_string
    libshutdown.o(.ARM.Collect$$libshutdown$$00000000) refers (Special) to libshutdown2.o(.ARM.Collect$$libshutdown$$00000002) for __rt_lib_shutdown_cpp_1
    libshutdown.o(.ARM.Collect$$libshutdown$$00000000) refers (Special) to libshutdown2.o(.ARM.Collect$$libshutdown$$00000007) for __rt_lib_shutdown_fp_trap_1
    libshutdown.o(.ARM.Collect$$libshutdown$$00000000) refers (Special) to libshutdown2.o(.ARM.Collect$$libshutdown$$0000000F) for __rt_lib_shutdown_heap_1
    libshutdown.o(.ARM.Collect$$libshutdown$$00000000) refers (Special) to libshutdown2.o(.ARM.Collect$$libshutdown$$00000010) for __rt_lib_shutdown_return
    libshutdown.o(.ARM.Collect$$libshutdown$$00000000) refers (Special) to libshutdown2.o(.ARM.Collect$$libshutdown$$0000000A) for __rt_lib_shutdown_signal_1
    libshutdown.o(.ARM.Collect$$libshutdown$$00000000) refers (Special) to libshutdown2.o(.ARM.Collect$$libshutdown$$00000004) for __rt_lib_shutdown_stdio_1
    libshutdown.o(.ARM.Collect$$libshutdown$$00000000) refers (Special) to libshutdown2.o(.ARM.Collect$$libshutdown$$0000000C) for __rt_lib_shutdown_user_alloc_1
    sys_command.o(.text) refers (Special) to use_no_semi.o(.text) for __I$use$semihosting
    sys_command.o(.text) refers (Special) to indicate_semi.o(.text) for __semihosting_library_function
    defsig_abrt_inner.o(.text) refers to defsig_general.o(.text) for __default_signal_display
    defsig_rtred_inner.o(.text) refers to defsig_general.o(.text) for __default_signal_display
    defsig_rtmem_inner.o(.text) refers to defsig_general.o(.text) for __default_signal_display
    defsig_rtmem_outer.o(.text) refers to defsig_rtmem_inner.o(.text) for __rt_SIGRTMEM_inner
    defsig_rtmem_outer.o(.text) refers to defsig_exit.o(.text) for __sig_exit
    defsig_rtmem_formal.o(.text) refers to rt_raise.o(.text) for __rt_raise
    defsig_stak_inner.o(.text) refers to defsig_general.o(.text) for __default_signal_display
    defsig_pvfn_inner.o(.text) refers to defsig_general.o(.text) for __default_signal_display
    defsig_cppl_inner.o(.text) refers to defsig_general.o(.text) for __default_signal_display
    defsig_segv_inner.o(.text) refers to defsig_general.o(.text) for __default_signal_display
    defsig_other.o(.text) refers to defsig_general.o(.text) for __default_signal_display


==============================================================================

Removing Unused input sections from the image.

    Removing heartbeat.o(.rev16_text), (4 bytes).
    Removing heartbeat.o(.revsh_text), (4 bytes).
    Removing heartbeat.o(i.TMR0_IRQHandler1), (136 bytes).
    Removing heartbeat.o(i.delay_ms), (24 bytes).
    Removing heartbeat.o(.bss), (64 bytes).
    Removing data2.o(.constdata), (964 bytes).
    Removing clk.o(.rev16_text), (4 bytes).
    Removing clk.o(.revsh_text), (4 bytes).
    Removing clk.o(i.CLK_DisableCKO), (20 bytes).
    Removing clk.o(i.CLK_DisableModuleClock), (36 bytes).
    Removing clk.o(i.CLK_DisablePLL), (20 bytes).
    Removing clk.o(i.CLK_DisableSysTick), (12 bytes).
    Removing clk.o(i.CLK_DisableXtalRC), (16 bytes).
    Removing clk.o(i.CLK_EnableCKO), (40 bytes).
    Removing clk.o(i.CLK_EnablePLL), (224 bytes).
    Removing clk.o(i.CLK_EnableSysTick), (64 bytes).
    Removing clk.o(i.CLK_EnableXtalRC), (76 bytes).
    Removing clk.o(i.CLK_GetCPUFreq), (16 bytes).
    Removing clk.o(i.CLK_GetHCLKFreq), (16 bytes).
    Removing clk.o(i.CLK_GetHXTFreq), (28 bytes).
    Removing clk.o(i.CLK_GetLXTFreq), (24 bytes).
    Removing clk.o(i.CLK_GetPLLClockFreq), (128 bytes).
    Removing clk.o(i.CLK_Idle), (20 bytes).
    Removing clk.o(i.CLK_PowerDown), (32 bytes).
    Removing clk.o(i.CLK_SetCoreClock), (148 bytes).
    Removing clk.o(i.CLK_SetHCLK), (100 bytes).
    Removing clk.o(i.CLK_SysTickDelay), (52 bytes).
    Removing clk.o(i.CLK_WaitClockReady), (40 bytes).
    Removing clk.o(.constdata), (16 bytes).
    Removing gpio.o(.rev16_text), (4 bytes).
    Removing gpio.o(.revsh_text), (4 bytes).
    Removing gpio.o(i.GPIO_DisableInt), (28 bytes).
    Removing gpio.o(i.GPIO_EnableInt), (26 bytes).
    Removing gpio.o(i.GPIO_SetMode), (46 bytes).
    Removing sys.o(.rev16_text), (4 bytes).
    Removing sys.o(.revsh_text), (4 bytes).
    Removing sys.o(i.SYS_ClearResetSrc), (16 bytes).
    Removing sys.o(i.SYS_DisableBOD), (20 bytes).
    Removing sys.o(i.SYS_DisableIRCTrim), (12 bytes).
    Removing sys.o(i.SYS_EnableBOD), (24 bytes).
    Removing sys.o(i.SYS_EnableIRCTrim), (32 bytes).
    Removing sys.o(i.SYS_GetBODStatus), (12 bytes).
    Removing sys.o(i.SYS_GetResetSrc), (8 bytes).
    Removing sys.o(i.SYS_IsRegLocked), (20 bytes).
    Removing sys.o(i.SYS_ReadPDID), (8 bytes).
    Removing sys.o(i.SYS_ResetCPU), (18 bytes).
    Removing sys.o(i.SYS_ResetChip), (18 bytes).
    Removing sys.o(i.SYS_ResetModule), (48 bytes).
    Removing timer.o(.rev16_text), (4 bytes).
    Removing timer.o(.revsh_text), (4 bytes).
    Removing timer.o(i.TIMER_Close), (8 bytes).
    Removing timer.o(i.TIMER_Delay), (180 bytes).
    Removing timer.o(i.TIMER_DisableCapture), (12 bytes).
    Removing timer.o(i.TIMER_DisableEventCounter), (12 bytes).
    Removing timer.o(i.TIMER_DisableFreqCounter), (12 bytes).
    Removing timer.o(i.TIMER_EnableCapture), (24 bytes).
    Removing timer.o(i.TIMER_EnableEventCounter), (22 bytes).
    Removing timer.o(i.TIMER_EnableFreqCounter), (60 bytes).
    Removing timer.o(i.TIMER_SetTriggerSource), (14 bytes).
    Removing timer.o(i.TIMER_SetTriggerTarget), (14 bytes).
    Removing uart.o(.rev16_text), (4 bytes).
    Removing uart.o(.revsh_text), (4 bytes).
    Removing uart.o(i.UART_ClearIntFlag), (112 bytes).
    Removing uart.o(i.UART_Close), (6 bytes).
    Removing uart.o(i.UART_DisableFlowCtrl), (10 bytes).
    Removing uart.o(i.UART_DisableInt), (8 bytes).
    Removing uart.o(i.UART_EnableFlowCtrl), (24 bytes).
    Removing uart.o(i.UART_EnableInt), (8 bytes).
    Removing uart.o(i.UART_Read), (52 bytes).
    Removing uart.o(i.UART_SelectIrDAMode), (164 bytes).
    Removing uart.o(i.UART_SelectLINMode), (34 bytes).
    Removing uart.o(i.UART_SelectRS485Mode), (22 bytes).
    Removing uart.o(i.UART_SetLine_Config), (164 bytes).
    Removing uart.o(i.UART_SetTimeoutCnt), (20 bytes).
    Removing uart.o(i.UART_Write), (54 bytes).
    Removing retarget.o(.rev16_text), (4 bytes).
    Removing retarget.o(.revsh_text), (4 bytes).
    Removing retarget.o(i.GetChar), (28 bytes).
    Removing retarget.o(i.IsDebugFifoEmpty), (20 bytes).
    Removing retarget.o(i._ttywrch), (12 bytes).
    Removing retarget.o(i.fgetc), (10 bytes).
    Removing retarget.o(i.kbhit), (16 bytes).
    Removing system_nano100series.o(.rev16_text), (4 bytes).
    Removing system_nano100series.o(.revsh_text), (4 bytes).
    Removing system_nano100series.o(i.SysGet_HCLKFreq), (80 bytes).
    Removing system_nano100series.o(i.SystemCoreClockUpdate), (44 bytes).
    Removing timer.o(i.__ARM_common_ll_muluu), (48 bytes).

87 unused section(s) (total 4010 bytes) removed from the image.

==============================================================================

Image Symbol Table

    Local Symbols

    Symbol Name                              Value     Ov Type        Size  Object(Section)

    RESET                                    0x00000000   Section      192  startup_nano100series.o(RESET)
    ../clib/../cmprslib/lz77c.c              0x00000000   Number         0  __dclz77c.o ABSOLUTE
    ../clib/angel/boardlib.s                 0x00000000   Number         0  boardinit2.o ABSOLUTE
    ../clib/angel/boardlib.s                 0x00000000   Number         0  boardinit1.o ABSOLUTE
    ../clib/angel/boardlib.s                 0x00000000   Number         0  boardshut.o ABSOLUTE
    ../clib/angel/boardlib.s                 0x00000000   Number         0  boardinit3.o ABSOLUTE
    ../clib/angel/handlers.s                 0x00000000   Number         0  __scatter_zi.o ABSOLUTE
    ../clib/angel/kernel.s                   0x00000000   Number         0  __rtentry4.o ABSOLUTE
    ../clib/angel/kernel.s                   0x00000000   Number         0  rtexit.o ABSOLUTE
    ../clib/angel/kernel.s                   0x00000000   Number         0  __rtentry2.o ABSOLUTE
    ../clib/angel/kernel.s                   0x00000000   Number         0  rtexit2.o ABSOLUTE
    ../clib/angel/kernel.s                   0x00000000   Number         0  __rtentry.o ABSOLUTE
    ../clib/angel/rt.s                       0x00000000   Number         0  aeabi_idiv0.o ABSOLUTE
    ../clib/angel/rt.s                       0x00000000   Number         0  aeabi_idiv0_sigfpe.o ABSOLUTE
    ../clib/angel/rt.s                       0x00000000   Number         0  aeabi_ldiv0_sigfpe.o ABSOLUTE
    ../clib/angel/rt.s                       0x00000000   Number         0  rt_div0.o ABSOLUTE
    ../clib/angel/rt.s                       0x00000000   Number         0  aeabi_ldiv0.o ABSOLUTE
    ../clib/angel/rt.s                       0x00000000   Number         0  rt_raise.o ABSOLUTE
    ../clib/angel/scatterp.s                 0x00000000   Number         0  __scatter.o ABSOLUTE
    ../clib/angel/startup.s                  0x00000000   Number         0  __main.o ABSOLUTE
    ../clib/angel/sys.s                      0x00000000   Number         0  indicate_semi.o ABSOLUTE
    ../clib/angel/sys.s                      0x00000000   Number         0  use_no_semi.o ABSOLUTE
    ../clib/angel/sys.s                      0x00000000   Number         0  sys_stackheap_outer.o ABSOLUTE
    ../clib/angel/sys.s                      0x00000000   Number         0  libspace.o ABSOLUTE
    ../clib/angel/sys.s                      0x00000000   Number         0  tempstk.o ABSOLUTE
    ../clib/angel/sysapp.c                   0x00000000   Number         0  sys_exit.o ABSOLUTE
    ../clib/angel/sysapp.c                   0x00000000   Number         0  sys_command.o ABSOLUTE
    ../clib/armsys.c                         0x00000000   Number         0  argv_veneer.o ABSOLUTE
    ../clib/armsys.c                         0x00000000   Number         0  no_argv.o ABSOLUTE
    ../clib/armsys.c                         0x00000000   Number         0  _get_argv_nomalloc.o ABSOLUTE
    ../clib/division.c                       0x00000000   Number         0  rtudiv10.o ABSOLUTE
    ../clib/division.c                       0x00000000   Number         0  lludiv.o ABSOLUTE
    ../clib/division.c                       0x00000000   Number         0  llsdiv.o ABSOLUTE
    ../clib/division.s                       0x00000000   Number         0  aeabi_sdiv_div0.o ABSOLUTE
    ../clib/division.s                       0x00000000   Number         0  aeabi_sdiv.o ABSOLUTE
    ../clib/heapalloc.c                      0x00000000   Number         0  hrguard.o ABSOLUTE
    ../clib/heapaux.c                        0x00000000   Number         0  heapauxi.o ABSOLUTE
    ../clib/libinit.s                        0x00000000   Number         0  libshutdown2.o ABSOLUTE
    ../clib/libinit.s                        0x00000000   Number         0  libinit2.o ABSOLUTE
    ../clib/libinit.s                        0x00000000   Number         0  libshutdown.o ABSOLUTE
    ../clib/libinit.s                        0x00000000   Number         0  libinit.o ABSOLUTE
    ../clib/misc.s                           0x00000000   Number         0  printf_stubs.o ABSOLUTE
    ../clib/printf.c                         0x00000000   Number         0  _printf_intcommon.o ABSOLUTE
    ../clib/printf.c                         0x00000000   Number         0  __printf_nopercent.o ABSOLUTE
    ../clib/printf.c                         0x00000000   Number         0  __printf_ss_wp.o ABSOLUTE
    ../clib/printf.c                         0x00000000   Number         0  __printf_flags_ss_wp.o ABSOLUTE
    ../clib/printf.c                         0x00000000   Number         0  _printf_char_common.o ABSOLUTE
    ../clib/printf.c                         0x00000000   Number         0  __printf_wp.o ABSOLUTE
    ../clib/printf.c                         0x00000000   Number         0  __printf_flags_wp.o ABSOLUTE
    ../clib/printf.c                         0x00000000   Number         0  __2printf.o ABSOLUTE
    ../clib/printf.c                         0x00000000   Number         0  noretval__2printf.o ABSOLUTE
    ../clib/printf.c                         0x00000000   Number         0  __printf.o ABSOLUTE
    ../clib/printf.c                         0x00000000   Number         0  _printf_dec.o ABSOLUTE
    ../clib/printf.c                         0x00000000   Number         0  _printf_hex_ll.o ABSOLUTE
    ../clib/printf.c                         0x00000000   Number         0  _printf_hex_int.o ABSOLUTE
    ../clib/printf.c                         0x00000000   Number         0  _printf_char_file.o ABSOLUTE
    ../clib/printf.c                         0x00000000   Number         0  _printf_hex_int_ll.o ABSOLUTE
    ../clib/printf.c                         0x00000000   Number         0  _printf_hex_ptr.o ABSOLUTE
    ../clib/printf.c                         0x00000000   Number         0  _printf_hex_int_ptr.o ABSOLUTE
    ../clib/printf.c                         0x00000000   Number         0  _printf_hex_ll_ptr.o ABSOLUTE
    ../clib/printf.c                         0x00000000   Number         0  _printf_hex_int_ll_ptr.o ABSOLUTE
    ../clib/printf.c                         0x00000000   Number         0  __printf_flags.o ABSOLUTE
    ../clib/printf.c                         0x00000000   Number         0  __printf_ss.o ABSOLUTE
    ../clib/printf.c                         0x00000000   Number         0  __printf_flags_ss.o ABSOLUTE
    ../clib/printf_percent.s                 0x00000000   Number         0  _printf_percent_end.o ABSOLUTE
    ../clib/printf_percent.s                 0x00000000   Number         0  _printf_d.o ABSOLUTE
    ../clib/printf_percent.s                 0x00000000   Number         0  _printf_percent.o ABSOLUTE
    ../clib/printf_percent.s                 0x00000000   Number         0  _printf_x.o ABSOLUTE
    ../clib/signal.c                         0x00000000   Number         0  defsig_other.o ABSOLUTE
    ../clib/signal.c                         0x00000000   Number         0  defsig_segv_inner.o ABSOLUTE
    ../clib/signal.c                         0x00000000   Number         0  defsig_cppl_inner.o ABSOLUTE
    ../clib/signal.c                         0x00000000   Number         0  defsig_exit.o ABSOLUTE
    ../clib/signal.c                         0x00000000   Number         0  defsig_abrt_inner.o ABSOLUTE
    ../clib/signal.c                         0x00000000   Number         0  defsig_fpe_formal.o ABSOLUTE
    ../clib/signal.c                         0x00000000   Number         0  defsig_fpe_outer.o ABSOLUTE
    ../clib/signal.c                         0x00000000   Number         0  defsig_rtred_inner.o ABSOLUTE
    ../clib/signal.c                         0x00000000   Number         0  defsig_rtmem_inner.o ABSOLUTE
    ../clib/signal.c                         0x00000000   Number         0  defsig_rtmem_outer.o ABSOLUTE
    ../clib/signal.c                         0x00000000   Number         0  __raise.o ABSOLUTE
    ../clib/signal.c                         0x00000000   Number         0  defsig_general.o ABSOLUTE
    ../clib/signal.c                         0x00000000   Number         0  defsig_rtmem_formal.o ABSOLUTE
    ../clib/signal.c                         0x00000000   Number         0  defsig_fpe_inner.o ABSOLUTE
    ../clib/signal.c                         0x00000000   Number         0  defsig_stak_inner.o ABSOLUTE
    ../clib/signal.c                         0x00000000   Number         0  defsig_pvfn_inner.o ABSOLUTE
    ../clib/signal.s                         0x00000000   Number         0  defsig.o ABSOLUTE
    ../clib/stdlib.c                         0x00000000   Number         0  exit.o ABSOLUTE
    ../fplib/cfplib/fpinit.c                 0x00000000   Number         0  fpinit.o ABSOLUTE
    C:\Keil_v5\ARM\PACK\Nuvoton\NuMicro_DFP\1.0.7\Device\NANO100BN\Driver\clk.c 0x00000000   Number         0  clk.o ABSOLUTE
    C:\Keil_v5\ARM\PACK\Nuvoton\NuMicro_DFP\1.0.7\Device\NANO100BN\Driver\gpio.c 0x00000000   Number         0  gpio.o ABSOLUTE
    C:\Keil_v5\ARM\PACK\Nuvoton\NuMicro_DFP\1.0.7\Device\NANO100BN\Driver\sys.c 0x00000000   Number         0  sys.o ABSOLUTE
    C:\Keil_v5\ARM\PACK\Nuvoton\NuMicro_DFP\1.0.7\Device\NANO100BN\Driver\timer.c 0x00000000   Number         0  timer.o ABSOLUTE
    C:\Keil_v5\ARM\PACK\Nuvoton\NuMicro_DFP\1.0.7\Device\NANO100BN\Driver\uart.c 0x00000000   Number         0  uart.o ABSOLUTE
    C:\\Keil_v5\\ARM\\PACK\\Nuvoton\\NuMicro_DFP\\1.0.7\\Device\\NANO100BN\\Driver\\clk.c 0x00000000   Number         0  clk.o ABSOLUTE
    C:\\Keil_v5\\ARM\\PACK\\Nuvoton\\NuMicro_DFP\\1.0.7\\Device\\NANO100BN\\Driver\\gpio.c 0x00000000   Number         0  gpio.o ABSOLUTE
    C:\\Keil_v5\\ARM\\PACK\\Nuvoton\\NuMicro_DFP\\1.0.7\\Device\\NANO100BN\\Driver\\sys.c 0x00000000   Number         0  sys.o ABSOLUTE
    C:\\Keil_v5\\ARM\\PACK\\Nuvoton\\NuMicro_DFP\\1.0.7\\Device\\NANO100BN\\Driver\\timer.c 0x00000000   Number         0  timer.o ABSOLUTE
    C:\\Keil_v5\\ARM\\PACK\\Nuvoton\\NuMicro_DFP\\1.0.7\\Device\\NANO100BN\\Driver\\uart.c 0x00000000   Number         0  uart.o ABSOLUTE
    HeartBeat.c                              0x00000000   Number         0  heartbeat.o ABSOLUTE
    HeartBeat.c                              0x00000000   Number         0  heartbeat.o ABSOLUTE
    RTE\Device\NANO130KE3BN\retarget.c       0x00000000   Number         0  retarget.o ABSOLUTE
    RTE\Device\NANO130KE3BN\startup_Nano100Series.s 0x00000000   Number         0  startup_nano100series.o ABSOLUTE
    RTE\Device\NANO130KE3BN\system_Nano100Series.c 0x00000000   Number         0  system_nano100series.o ABSOLUTE
    RTE\\Device\\NANO130KE3BN\\retarget.c    0x00000000   Number         0  retarget.o ABSOLUTE
    RTE\\Device\\NANO130KE3BN\\system_Nano100Series.c 0x00000000   Number         0  system_nano100series.o ABSOLUTE
    data1.c                                  0x00000000   Number         0  data1.o ABSOLUTE
    data2.c                                  0x00000000   Number         0  data2.o ABSOLUTE
    dc.s                                     0x00000000   Number         0  dc.o ABSOLUTE
    !!!main                                  0x000000c0   Section        8  __main.o(!!!main)
    !!!scatter                               0x000000c8   Section       60  __scatter.o(!!!scatter)
    !!handler_zi                             0x00000104   Section       28  __scatter_zi.o(!!handler_zi)
    .ARM.Collect$$_printf_percent$$00000000  0x00000120   Section        2  _printf_percent.o(.ARM.Collect$$_printf_percent$$00000000)
    .ARM.Collect$$_printf_percent$$00000009  0x00000122   Section       10  _printf_d.o(.ARM.Collect$$_printf_percent$$00000009)
    .ARM.Collect$$_printf_percent$$0000000C  0x0000012c   Section       10  _printf_x.o(.ARM.Collect$$_printf_percent$$0000000C)
    .ARM.Collect$$_printf_percent$$00000017  0x00000136   Section        4  _printf_percent_end.o(.ARM.Collect$$_printf_percent$$00000017)
    .ARM.Collect$$libinit$$00000000          0x0000013a   Section        2  libinit.o(.ARM.Collect$$libinit$$00000000)
    .ARM.Collect$$libinit$$00000002          0x0000013c   Section        0  libinit2.o(.ARM.Collect$$libinit$$00000002)
    .ARM.Collect$$libinit$$00000004          0x0000013c   Section        0  libinit2.o(.ARM.Collect$$libinit$$00000004)
    .ARM.Collect$$libinit$$0000000A          0x0000013c   Section        0  libinit2.o(.ARM.Collect$$libinit$$0000000A)
    .ARM.Collect$$libinit$$0000000C          0x0000013c   Section        0  libinit2.o(.ARM.Collect$$libinit$$0000000C)
    .ARM.Collect$$libinit$$0000000E          0x0000013c   Section        0  libinit2.o(.ARM.Collect$$libinit$$0000000E)
    .ARM.Collect$$libinit$$00000011          0x0000013c   Section        0  libinit2.o(.ARM.Collect$$libinit$$00000011)
    .ARM.Collect$$libinit$$00000013          0x0000013c   Section        0  libinit2.o(.ARM.Collect$$libinit$$00000013)
    .ARM.Collect$$libinit$$00000015          0x0000013c   Section        0  libinit2.o(.ARM.Collect$$libinit$$00000015)
    .ARM.Collect$$libinit$$00000017          0x0000013c   Section        0  libinit2.o(.ARM.Collect$$libinit$$00000017)
    .ARM.Collect$$libinit$$00000019          0x0000013c   Section        0  libinit2.o(.ARM.Collect$$libinit$$00000019)
    .ARM.Collect$$libinit$$0000001B          0x0000013c   Section        0  libinit2.o(.ARM.Collect$$libinit$$0000001B)
    .ARM.Collect$$libinit$$0000001D          0x0000013c   Section        0  libinit2.o(.ARM.Collect$$libinit$$0000001D)
    .ARM.Collect$$libinit$$0000001F          0x0000013c   Section        0  libinit2.o(.ARM.Collect$$libinit$$0000001F)
    .ARM.Collect$$libinit$$00000021          0x0000013c   Section        0  libinit2.o(.ARM.Collect$$libinit$$00000021)
    .ARM.Collect$$libinit$$00000023          0x0000013c   Section        0  libinit2.o(.ARM.Collect$$libinit$$00000023)
    .ARM.Collect$$libinit$$00000025          0x0000013c   Section        0  libinit2.o(.ARM.Collect$$libinit$$00000025)
    .ARM.Collect$$libinit$$0000002C          0x0000013c   Section        0  libinit2.o(.ARM.Collect$$libinit$$0000002C)
    .ARM.Collect$$libinit$$0000002E          0x0000013c   Section        0  libinit2.o(.ARM.Collect$$libinit$$0000002E)
    .ARM.Collect$$libinit$$00000030          0x0000013c   Section        0  libinit2.o(.ARM.Collect$$libinit$$00000030)
    .ARM.Collect$$libinit$$00000032          0x0000013c   Section        0  libinit2.o(.ARM.Collect$$libinit$$00000032)
    .ARM.Collect$$libinit$$00000033          0x0000013c   Section        2  libinit2.o(.ARM.Collect$$libinit$$00000033)
    .ARM.Collect$$libshutdown$$00000000      0x0000013e   Section        2  libshutdown.o(.ARM.Collect$$libshutdown$$00000000)
    .ARM.Collect$$libshutdown$$00000002      0x00000140   Section        0  libshutdown2.o(.ARM.Collect$$libshutdown$$00000002)
    .ARM.Collect$$libshutdown$$00000004      0x00000140   Section        0  libshutdown2.o(.ARM.Collect$$libshutdown$$00000004)
    .ARM.Collect$$libshutdown$$00000007      0x00000140   Section        0  libshutdown2.o(.ARM.Collect$$libshutdown$$00000007)
    .ARM.Collect$$libshutdown$$0000000A      0x00000140   Section        0  libshutdown2.o(.ARM.Collect$$libshutdown$$0000000A)
    .ARM.Collect$$libshutdown$$0000000C      0x00000140   Section        0  libshutdown2.o(.ARM.Collect$$libshutdown$$0000000C)
    .ARM.Collect$$libshutdown$$0000000F      0x00000140   Section        0  libshutdown2.o(.ARM.Collect$$libshutdown$$0000000F)
    .ARM.Collect$$libshutdown$$00000010      0x00000140   Section        2  libshutdown2.o(.ARM.Collect$$libshutdown$$00000010)
    .ARM.Collect$$rtentry$$00000000          0x00000142   Section        0  __rtentry.o(.ARM.Collect$$rtentry$$00000000)
    .ARM.Collect$$rtentry$$00000002          0x00000142   Section        0  __rtentry2.o(.ARM.Collect$$rtentry$$00000002)
    .ARM.Collect$$rtentry$$00000004          0x00000142   Section        6  __rtentry4.o(.ARM.Collect$$rtentry$$00000004)
    .ARM.Collect$$rtentry$$00000009          0x00000148   Section        0  __rtentry2.o(.ARM.Collect$$rtentry$$00000009)
    .ARM.Collect$$rtentry$$0000000A          0x00000148   Section        4  __rtentry2.o(.ARM.Collect$$rtentry$$0000000A)
    .ARM.Collect$$rtentry$$0000000C          0x0000014c   Section        0  __rtentry2.o(.ARM.Collect$$rtentry$$0000000C)
    .ARM.Collect$$rtentry$$0000000D          0x0000014c   Section        8  __rtentry2.o(.ARM.Collect$$rtentry$$0000000D)
    .ARM.Collect$$rtexit$$00000000           0x00000154   Section        2  rtexit.o(.ARM.Collect$$rtexit$$00000000)
    .ARM.Collect$$rtexit$$00000002           0x00000156   Section        0  rtexit2.o(.ARM.Collect$$rtexit$$00000002)
    .ARM.Collect$$rtexit$$00000003           0x00000156   Section        4  rtexit2.o(.ARM.Collect$$rtexit$$00000003)
    .ARM.Collect$$rtexit$$00000004           0x0000015a   Section        6  rtexit2.o(.ARM.Collect$$rtexit$$00000004)
    .emb_text                                0x00000160   Section       28  retarget.o(.emb_text)
    .text                                    0x0000017c   Section       96  startup_nano100series.o(.text)
    .text                                    0x000001dc   Section        0  noretval__2printf.o(.text)
    .text                                    0x000001f8   Section        0  _printf_dec.o(.text)
    .text                                    0x00000264   Section        0  _printf_hex_int.o(.text)
    .text                                    0x000002bc   Section        0  __printf_wp.o(.text)
    .text                                    0x000003ca   Section      346  aeabi_sdiv.o(.text)
    .text                                    0x00000524   Section        0  heapauxi.o(.text)
    .text                                    0x0000052a   Section        0  _printf_intcommon.o(.text)
    .text                                    0x000005dc   Section        0  _printf_char_file.o(.text)
    .text                                    0x00000604   Section        0  rtudiv10.o(.text)
    .text                                    0x0000062c   Section        0  _printf_char_common.o(.text)
    _printf_input_char                       0x0000062d   Thumb Code    10  _printf_char_common.o(.text)
    .text                                    0x0000065c   Section       62  sys_stackheap_outer.o(.text)
    .text                                    0x0000069a   Section        0  exit.o(.text)
    .text                                    0x000006ac   Section        8  libspace.o(.text)
    .text                                    0x000006b4   Section        0  sys_exit.o(.text)
    .text                                    0x000006c0   Section        2  use_no_semi.o(.text)
    .text                                    0x000006c2   Section        0  __dclz77c.o(.text)
    .text                                    0x000006c2   Section        0  indicate_semi.o(.text)
    i.CLK_EnableModuleClock                  0x00000724   Section        0  clk.o(i.CLK_EnableModuleClock)
    i.CLK_SetModuleClock                     0x00000748   Section        0  clk.o(i.CLK_SetModuleClock)
    i.Hard_Fault_Handler                     0x000007ac   Section        0  retarget.o(i.Hard_Fault_Handler)
    __tagsym$$used                           0x000007ad   Number         0  retarget.o(i.Hard_Fault_Handler)
    i.NVIC_EnableIRQ                         0x000007d8   Section        0  heartbeat.o(i.NVIC_EnableIRQ)
    NVIC_EnableIRQ                           0x000007d9   Thumb Code    14  heartbeat.o(i.NVIC_EnableIRQ)
    i.NVIC_SetPriority                       0x000007ec   Section        0  heartbeat.o(i.NVIC_SetPriority)
    NVIC_SetPriority                         0x000007ed   Thumb Code   110  heartbeat.o(i.NVIC_SetPriority)
    i.SYS_UnlockReg                          0x00000864   Section        0  heartbeat.o(i.SYS_UnlockReg)
    SYS_UnlockReg                            0x00000865   Thumb Code    26  heartbeat.o(i.SYS_UnlockReg)
    i.SendChar                               0x00000884   Section        0  retarget.o(i.SendChar)
    i.SendChar_ToUART                        0x00000890   Section        0  retarget.o(i.SendChar_ToUART)
    i.SysGet_PLLClockFreq                    0x000008ac   Section        0  system_nano100series.o(i.SysGet_PLLClockFreq)
    i.SysTick_Handler                        0x0000092c   Section        0  heartbeat.o(i.SysTick_Handler)
    i.TIMER_GetModuleClock                   0x0000093c   Section        0  timer.o(i.TIMER_GetModuleClock)
    i.TIMER_Open                             0x000009bc   Section        0  timer.o(i.TIMER_Open)
    i.TMR0_IRQHandler                        0x00000a24   Section        0  heartbeat.o(i.TMR0_IRQHandler)
    i.UART1_IRQHandler                       0x00000a94   Section        0  heartbeat.o(i.UART1_IRQHandler)
    i.UART_Open                              0x00000ab8   Section        0  uart.o(i.UART_Open)
    i._is_digit                              0x00000b58   Section        0  __printf_wp.o(i._is_digit)
    i.ferror                                 0x00000b66   Section        0  retarget.o(i.ferror)
    i.fputc                                  0x00000b6e   Section        0  retarget.o(i.fputc)
    i.init                                   0x00000b80   Section        0  heartbeat.o(i.init)
    i.init_TIMER0                            0x00000bdc   Section        0  heartbeat.o(i.init_TIMER0)
    i.init_UART1                             0x00000c40   Section        0  heartbeat.o(i.init_UART1)
    i.main                                   0x00000ccc   Section        0  heartbeat.o(i.main)
    i.stackDump                              0x00000cd4   Section        0  retarget.o(i.stackDump)
    .constdata                               0x00000d7c   Section       16  timer.o(.constdata)
    .constdata                               0x00000d8c   Section       48  uart.o(.constdata)
    .constdata                               0x00000dbc   Section       40  _printf_hex_int.o(.constdata)
    uc_hextab                                0x00000dbc   Data          20  _printf_hex_int.o(.constdata)
    lc_hextab                                0x00000dd0   Data          20  _printf_hex_int.o(.constdata)
    .data                                    0x20000000   Section       12  heartbeat.o(.data)
    .data                                    0x2000000c   Section     3152  data1.o(.data)
    .data                                    0x20000c5c   Section        8  retarget.o(.data)
    .data                                    0x20000c64   Section        8  system_nano100series.o(.data)
    .bss                                     0x20000c6c   Section       96  libspace.o(.bss)
    HEAP                                     0x20000cd0   Section     1280  startup_nano100series.o(HEAP)
    Heap_Mem                                 0x20000cd0   Data        1280  startup_nano100series.o(HEAP)
    STACK                                    0x200011d0   Section     1280  startup_nano100series.o(STACK)
    Stack_Mem                                0x200011d0   Data        1280  startup_nano100series.o(STACK)
    __initial_sp                             0x200016d0   Data           0  startup_nano100series.o(STACK)

    Global Symbols

    Symbol Name                              Value     Ov Type        Size  Object(Section)

    BuildAttributes$$THM_ISAv3M$S$PE$A:L22$X:L11$S22$IEEE1$IW$USESV6$~STKCKD$USESV7$~SHL$OSPACE$ROPI$EBA8$UX$STANDARDLIB$REQ8$PRES8$EABIv2 0x00000000   Number         0  anon$$obj.o ABSOLUTE
    __ARM_use_no_argv                        0x00000000   Number         0  heartbeat.o ABSOLUTE
    __Vectors                                0x00000000   Data           4  startup_nano100series.o(RESET)
    _printf_flags                            0x00000000   Number         0  printf_stubs.o ABSOLUTE
    _printf_return_value                     0x00000000   Number         0  printf_stubs.o ABSOLUTE
    _printf_sizespec                         0x00000000   Number         0  printf_stubs.o ABSOLUTE
    _printf_widthprec                        0x00000000   Number         0  printf_stubs.o ABSOLUTE
    __ARM_exceptions_init                     - Undefined Weak Reference
    __alloca_initialize                       - Undefined Weak Reference
    __arm_preinit_                            - Undefined Weak Reference
    __cpp_initialize__aeabi_                  - Undefined Weak Reference
    __cxa_finalize                            - Undefined Weak Reference
    __rt_locale                               - Undefined Weak Reference
    __sigvec_lookup                           - Undefined Weak Reference
    _atexit_init                              - Undefined Weak Reference
    _call_atexit_fns                          - Undefined Weak Reference
    _clock_init                               - Undefined Weak Reference
    _fp_trap_init                             - Undefined Weak Reference
    _fp_trap_shutdown                         - Undefined Weak Reference
    _get_lc_collate                           - Undefined Weak Reference
    _get_lc_ctype                             - Undefined Weak Reference
    _get_lc_monetary                          - Undefined Weak Reference
    _get_lc_numeric                           - Undefined Weak Reference
    _get_lc_time                              - Undefined Weak Reference
    _getenv_init                              - Undefined Weak Reference
    _handle_redirection                       - Undefined Weak Reference
    _init_alloc                               - Undefined Weak Reference
    _init_user_alloc                          - Undefined Weak Reference
    _initio                                   - Undefined Weak Reference
    _printf_post_padding                      - Undefined Weak Reference
    _printf_pre_padding                       - Undefined Weak Reference
    _printf_truncate_signed                   - Undefined Weak Reference
    _printf_truncate_unsigned                 - Undefined Weak Reference
    _rand_init                                - Undefined Weak Reference
    _signal_finish                            - Undefined Weak Reference
    _signal_init                              - Undefined Weak Reference
    _terminate_alloc                          - Undefined Weak Reference
    _terminate_user_alloc                     - Undefined Weak Reference
    _terminateio                              - Undefined Weak Reference
    __main                                   0x000000c1   Thumb Code     8  __main.o(!!!main)
    __scatterload                            0x000000c9   Thumb Code     0  __scatter.o(!!!scatter)
    __scatterload_rt2                        0x000000c9   Thumb Code    52  __scatter.o(!!!scatter)
    __scatterload_rt2_thumb_only             0x000000c9   Thumb Code     0  __scatter.o(!!!scatter)
    __scatterload_null                       0x000000d9   Thumb Code     0  __scatter.o(!!!scatter)
    __scatterload_zeroinit                   0x00000105   Thumb Code    28  __scatter_zi.o(!!handler_zi)
    _printf_percent                          0x00000121   Thumb Code     0  _printf_percent.o(.ARM.Collect$$_printf_percent$$00000000)
    _printf_d                                0x00000123   Thumb Code     0  _printf_d.o(.ARM.Collect$$_printf_percent$$00000009)
    _printf_x                                0x0000012d   Thumb Code     0  _printf_x.o(.ARM.Collect$$_printf_percent$$0000000C)
    _printf_percent_end                      0x00000137   Thumb Code     0  _printf_percent_end.o(.ARM.Collect$$_printf_percent$$00000017)
    __rt_lib_init                            0x0000013b   Thumb Code     0  libinit.o(.ARM.Collect$$libinit$$00000000)
    __rt_lib_init_alloca_1                   0x0000013d   Thumb Code     0  libinit2.o(.ARM.Collect$$libinit$$0000002E)
    __rt_lib_init_argv_1                     0x0000013d   Thumb Code     0  libinit2.o(.ARM.Collect$$libinit$$0000002C)
    __rt_lib_init_atexit_1                   0x0000013d   Thumb Code     0  libinit2.o(.ARM.Collect$$libinit$$0000001B)
    __rt_lib_init_clock_1                    0x0000013d   Thumb Code     0  libinit2.o(.ARM.Collect$$libinit$$00000021)
    __rt_lib_init_cpp_1                      0x0000013d   Thumb Code     0  libinit2.o(.ARM.Collect$$libinit$$00000032)
    __rt_lib_init_exceptions_1               0x0000013d   Thumb Code     0  libinit2.o(.ARM.Collect$$libinit$$00000030)
    __rt_lib_init_fp_1                       0x0000013d   Thumb Code     0  libinit2.o(.ARM.Collect$$libinit$$00000002)
    __rt_lib_init_fp_trap_1                  0x0000013d   Thumb Code     0  libinit2.o(.ARM.Collect$$libinit$$0000001F)
    __rt_lib_init_getenv_1                   0x0000013d   Thumb Code     0  libinit2.o(.ARM.Collect$$libinit$$00000023)
    __rt_lib_init_heap_1                     0x0000013d   Thumb Code     0  libinit2.o(.ARM.Collect$$libinit$$0000000A)
    __rt_lib_init_lc_collate_1               0x0000013d   Thumb Code     0  libinit2.o(.ARM.Collect$$libinit$$00000011)
    __rt_lib_init_lc_ctype_1                 0x0000013d   Thumb Code     0  libinit2.o(.ARM.Collect$$libinit$$00000013)
    __rt_lib_init_lc_monetary_1              0x0000013d   Thumb Code     0  libinit2.o(.ARM.Collect$$libinit$$00000015)
    __rt_lib_init_lc_numeric_1               0x0000013d   Thumb Code     0  libinit2.o(.ARM.Collect$$libinit$$00000017)
    __rt_lib_init_lc_time_1                  0x0000013d   Thumb Code     0  libinit2.o(.ARM.Collect$$libinit$$00000019)
    __rt_lib_init_preinit_1                  0x0000013d   Thumb Code     0  libinit2.o(.ARM.Collect$$libinit$$00000004)
    __rt_lib_init_rand_1                     0x0000013d   Thumb Code     0  libinit2.o(.ARM.Collect$$libinit$$0000000E)
    __rt_lib_init_return                     0x0000013d   Thumb Code     0  libinit2.o(.ARM.Collect$$libinit$$00000033)
    __rt_lib_init_signal_1                   0x0000013d   Thumb Code     0  libinit2.o(.ARM.Collect$$libinit$$0000001D)
    __rt_lib_init_stdio_1                    0x0000013d   Thumb Code     0  libinit2.o(.ARM.Collect$$libinit$$00000025)
    __rt_lib_init_user_alloc_1               0x0000013d   Thumb Code     0  libinit2.o(.ARM.Collect$$libinit$$0000000C)
    __rt_lib_shutdown                        0x0000013f   Thumb Code     0  libshutdown.o(.ARM.Collect$$libshutdown$$00000000)
    __rt_lib_shutdown_cpp_1                  0x00000141   Thumb Code     0  libshutdown2.o(.ARM.Collect$$libshutdown$$00000002)
    __rt_lib_shutdown_fp_trap_1              0x00000141   Thumb Code     0  libshutdown2.o(.ARM.Collect$$libshutdown$$00000007)
    __rt_lib_shutdown_heap_1                 0x00000141   Thumb Code     0  libshutdown2.o(.ARM.Collect$$libshutdown$$0000000F)
    __rt_lib_shutdown_return                 0x00000141   Thumb Code     0  libshutdown2.o(.ARM.Collect$$libshutdown$$00000010)
    __rt_lib_shutdown_signal_1               0x00000141   Thumb Code     0  libshutdown2.o(.ARM.Collect$$libshutdown$$0000000A)
    __rt_lib_shutdown_stdio_1                0x00000141   Thumb Code     0  libshutdown2.o(.ARM.Collect$$libshutdown$$00000004)
    __rt_lib_shutdown_user_alloc_1           0x00000141   Thumb Code     0  libshutdown2.o(.ARM.Collect$$libshutdown$$0000000C)
    __rt_entry                               0x00000143   Thumb Code     0  __rtentry.o(.ARM.Collect$$rtentry$$00000000)
    __rt_entry_presh_1                       0x00000143   Thumb Code     0  __rtentry2.o(.ARM.Collect$$rtentry$$00000002)
    __rt_entry_sh                            0x00000143   Thumb Code     0  __rtentry4.o(.ARM.Collect$$rtentry$$00000004)
    __rt_entry_li                            0x00000149   Thumb Code     0  __rtentry2.o(.ARM.Collect$$rtentry$$0000000A)
    __rt_entry_postsh_1                      0x00000149   Thumb Code     0  __rtentry2.o(.ARM.Collect$$rtentry$$00000009)
    __rt_entry_main                          0x0000014d   Thumb Code     0  __rtentry2.o(.ARM.Collect$$rtentry$$0000000D)
    __rt_entry_postli_1                      0x0000014d   Thumb Code     0  __rtentry2.o(.ARM.Collect$$rtentry$$0000000C)
    __rt_exit                                0x00000155   Thumb Code     0  rtexit.o(.ARM.Collect$$rtexit$$00000000)
    __rt_exit_ls                             0x00000157   Thumb Code     0  rtexit2.o(.ARM.Collect$$rtexit$$00000003)
    __rt_exit_prels_1                        0x00000157   Thumb Code     0  rtexit2.o(.ARM.Collect$$rtexit$$00000002)
    __rt_exit_exit                           0x0000015b   Thumb Code     0  rtexit2.o(.ARM.Collect$$rtexit$$00000004)
    HardFault_Handler                        0x00000161   Thumb Code    24  retarget.o(.emb_text)
    Reset_Handler                            0x0000017d   Thumb Code    28  startup_nano100series.o(.text)
    NMI_Handler                              0x00000199   Thumb Code     2  startup_nano100series.o(.text)
    SVC_Handler                              0x0000019d   Thumb Code     2  startup_nano100series.o(.text)
    PendSV_Handler                           0x0000019f   Thumb Code     2  startup_nano100series.o(.text)
    ADC_IRQHandler                           0x000001a3   Thumb Code     0  startup_nano100series.o(.text)
    BOD_IRQHandler                           0x000001a3   Thumb Code     0  startup_nano100series.o(.text)
    DAC_IRQHandler                           0x000001a3   Thumb Code     0  startup_nano100series.o(.text)
    EINT0_IRQHandler                         0x000001a3   Thumb Code     0  startup_nano100series.o(.text)
    EINT1_IRQHandler                         0x000001a3   Thumb Code     0  startup_nano100series.o(.text)
    GPABC_IRQHandler                         0x000001a3   Thumb Code     0  startup_nano100series.o(.text)
    GPDEF_IRQHandler                         0x000001a3   Thumb Code     0  startup_nano100series.o(.text)
    HIRC_IRQHandler                          0x000001a3   Thumb Code     0  startup_nano100series.o(.text)
    I2C0_IRQHandler                          0x000001a3   Thumb Code     0  startup_nano100series.o(.text)
    I2C1_IRQHandler                          0x000001a3   Thumb Code     0  startup_nano100series.o(.text)
    I2S_IRQHandler                           0x000001a3   Thumb Code     0  startup_nano100series.o(.text)
    LCD_IRQHandler                           0x000001a3   Thumb Code     0  startup_nano100series.o(.text)
    PDMA_IRQHandler                          0x000001a3   Thumb Code     0  startup_nano100series.o(.text)
    PDWU_IRQHandler                          0x000001a3   Thumb Code     0  startup_nano100series.o(.text)
    PWM0_IRQHandler                          0x000001a3   Thumb Code     0  startup_nano100series.o(.text)
    PWM1_IRQHandler                          0x000001a3   Thumb Code     0  startup_nano100series.o(.text)
    RTC_IRQHandler                           0x000001a3   Thumb Code     0  startup_nano100series.o(.text)
    SC0_IRQHandler                           0x000001a3   Thumb Code     0  startup_nano100series.o(.text)
    SC1_IRQHandler                           0x000001a3   Thumb Code     0  startup_nano100series.o(.text)
    SC2_IRQHandler                           0x000001a3   Thumb Code     0  startup_nano100series.o(.text)
    SPI0_IRQHandler                          0x000001a3   Thumb Code     0  startup_nano100series.o(.text)
    SPI1_IRQHandler                          0x000001a3   Thumb Code     0  startup_nano100series.o(.text)
    SPI2_IRQHandler                          0x000001a3   Thumb Code     0  startup_nano100series.o(.text)
    TMR1_IRQHandler                          0x000001a3   Thumb Code     0  startup_nano100series.o(.text)
    TMR2_IRQHandler                          0x000001a3   Thumb Code     0  startup_nano100series.o(.text)
    TMR3_IRQHandler                          0x000001a3   Thumb Code     0  startup_nano100series.o(.text)
    UART0_IRQHandler                         0x000001a3   Thumb Code     0  startup_nano100series.o(.text)
    USBD_IRQHandler                          0x000001a3   Thumb Code     0  startup_nano100series.o(.text)
    WDT_IRQHandler                           0x000001a3   Thumb Code     0  startup_nano100series.o(.text)
    __user_initial_stackheap                 0x000001a5   Thumb Code     0  startup_nano100series.o(.text)
    __2printf                                0x000001dd   Thumb Code    22  noretval__2printf.o(.text)
    _printf_int_dec                          0x000001f9   Thumb Code    90  _printf_dec.o(.text)
    _printf_int_hex                          0x00000265   Thumb Code    84  _printf_hex_int.o(.text)
    _printf_longlong_hex                     0x00000265   Thumb Code     0  _printf_hex_int.o(.text)
    __printf                                 0x000002bd   Thumb Code   270  __printf_wp.o(.text)
    __aeabi_uidiv                            0x000003cb   Thumb Code     0  aeabi_sdiv.o(.text)
    __aeabi_uidivmod                         0x000003cb   Thumb Code    20  aeabi_sdiv.o(.text)
    __aeabi_idiv                             0x000003df   Thumb Code     0  aeabi_sdiv.o(.text)
    __aeabi_idivmod                          0x000003df   Thumb Code   326  aeabi_sdiv.o(.text)
    __use_two_region_memory                  0x00000525   Thumb Code     2  heapauxi.o(.text)
    __rt_heap_escrow$2region                 0x00000527   Thumb Code     2  heapauxi.o(.text)
    __rt_heap_expand$2region                 0x00000529   Thumb Code     2  heapauxi.o(.text)
    _printf_int_common                       0x0000052b   Thumb Code   176  _printf_intcommon.o(.text)
    _printf_char_file                        0x000005dd   Thumb Code    34  _printf_char_file.o(.text)
    __rt_udiv10                              0x00000605   Thumb Code    40  rtudiv10.o(.text)
    _printf_char_common                      0x00000637   Thumb Code    32  _printf_char_common.o(.text)
    __user_setup_stackheap                   0x0000065d   Thumb Code    62  sys_stackheap_outer.o(.text)
    exit                                     0x0000069b   Thumb Code    16  exit.o(.text)
    __user_libspace                          0x000006ad   Thumb Code     8  libspace.o(.text)
    __user_perproc_libspace                  0x000006ad   Thumb Code     0  libspace.o(.text)
    __user_perthread_libspace                0x000006ad   Thumb Code     0  libspace.o(.text)
    _sys_exit                                0x000006b5   Thumb Code     8  sys_exit.o(.text)
    __I$use$semihosting                      0x000006c1   Thumb Code     0  use_no_semi.o(.text)
    __use_no_semihosting_swi                 0x000006c1   Thumb Code     2  use_no_semi.o(.text)
    __decompress                             0x000006c3   Thumb Code     0  __dclz77c.o(.text)
    __decompress2                            0x000006c3   Thumb Code    96  __dclz77c.o(.text)
    __semihosting_library_function           0x000006c3   Thumb Code     0  indicate_semi.o(.text)
    CLK_EnableModuleClock                    0x00000725   Thumb Code    32  clk.o(i.CLK_EnableModuleClock)
    CLK_SetModuleClock                       0x00000749   Thumb Code    94  clk.o(i.CLK_SetModuleClock)
    Hard_Fault_Handler                       0x000007ad   Thumb Code    18  retarget.o(i.Hard_Fault_Handler)
    SendChar                                 0x00000885   Thumb Code    12  retarget.o(i.SendChar)
    SendChar_ToUART                          0x00000891   Thumb Code    22  retarget.o(i.SendChar_ToUART)
    SysGet_PLLClockFreq                      0x000008ad   Thumb Code   120  system_nano100series.o(i.SysGet_PLLClockFreq)
    SysTick_Handler                          0x0000092d   Thumb Code    12  heartbeat.o(i.SysTick_Handler)
    TIMER_GetModuleClock                     0x0000093d   Thumb Code   102  timer.o(i.TIMER_GetModuleClock)
    TIMER_Open                               0x000009bd   Thumb Code   102  timer.o(i.TIMER_Open)
    TMR0_IRQHandler                          0x00000a25   Thumb Code    78  heartbeat.o(i.TMR0_IRQHandler)
    UART1_IRQHandler                         0x00000a95   Thumb Code    28  heartbeat.o(i.UART1_IRQHandler)
    UART_Open                                0x00000ab9   Thumb Code   146  uart.o(i.UART_Open)
    _is_digit                                0x00000b59   Thumb Code    14  __printf_wp.o(i._is_digit)
    ferror                                   0x00000b67   Thumb Code     8  retarget.o(i.ferror)
    fputc                                    0x00000b6f   Thumb Code    16  retarget.o(i.fputc)
    init                                     0x00000b81   Thumb Code    72  heartbeat.o(i.init)
    init_TIMER0                              0x00000bdd   Thumb Code    86  heartbeat.o(i.init_TIMER0)
    init_UART1                               0x00000c41   Thumb Code   128  heartbeat.o(i.init_UART1)
    main                                     0x00000ccd   Thumb Code     8  heartbeat.o(i.main)
    stackDump                                0x00000cd5   Thumb Code    70  retarget.o(i.stackDump)
    Region$$Table$$Base                      0x00000de4   Number         0  anon$$obj.o(Region$$Table)
    Region$$Table$$Limit                     0x00000e04   Number         0  anon$$obj.o(Region$$Table)
    tick                                     0x20000000   Data           4  heartbeat.o(.data)
    run                                      0x20000004   Data           2  heartbeat.o(.data)
    nn                                       0x20000006   Data           2  heartbeat.o(.data)
    d0                                       0x20000008   Data           2  heartbeat.o(.data)
    d1                                       0x2000000a   Data           2  heartbeat.o(.data)
    data                                     0x2000000c   Data        3152  data1.o(.data)
    __stdout                                 0x20000c5c   Data           4  retarget.o(.data)
    __stdin                                  0x20000c60   Data           4  retarget.o(.data)
    SystemCoreClock                          0x20000c64   Data           4  system_nano100series.o(.data)
    CyclesPerUs                              0x20000c68   Data           4  system_nano100series.o(.data)
    __libspace_start                         0x20000c6c   Data          96  libspace.o(.bss)
    __temporary_stack_top$libspace           0x20000ccc   Data           0  libspace.o(.bss)



==============================================================================

Memory Map of the image

  Image Entry point : 0x0000017d

  Load Region LR_1 (Base: 0x00000000, Size: 0x00001a70, Max: 0xffffffff, ABSOLUTE, COMPRESSED[0x000019f4])

    Execution Region ER_RO (Base: 0x00000000, Size: 0x00000e04, Max: 0xffffffff, ABSOLUTE)

    Base Addr    Size         Type   Attr      Idx    E Section Name        Object

    0x00000000   0x000000c0   Data   RO          781    RESET               startup_nano100series.o
    0x000000c0   0x00000008   Code   RO          886  * !!!main             c_p.l(__main.o)
    0x000000c8   0x0000003c   Code   RO         1072    !!!scatter          c_p.l(__scatter.o)
    0x00000104   0x0000001c   Code   RO         1074    !!handler_zi        c_p.l(__scatter_zi.o)
    0x00000120   0x00000002   Code   RO          879    .ARM.Collect$$_printf_percent$$00000000  c_p.l(_printf_percent.o)
    0x00000122   0x0000000a   Code   RO          878    .ARM.Collect$$_printf_percent$$00000009  c_p.l(_printf_d.o)
    0x0000012c   0x0000000a   Code   RO          877    .ARM.Collect$$_printf_percent$$0000000C  c_p.l(_printf_x.o)
    0x00000136   0x00000004   Code   RO          899    .ARM.Collect$$_printf_percent$$00000017  c_p.l(_printf_percent_end.o)
    0x0000013a   0x00000002   Code   RO          941    .ARM.Collect$$libinit$$00000000  c_p.l(libinit.o)
    0x0000013c   0x00000000   Code   RO          955    .ARM.Collect$$libinit$$00000002  c_p.l(libinit2.o)
    0x0000013c   0x00000000   Code   RO          957    .ARM.Collect$$libinit$$00000004  c_p.l(libinit2.o)
    0x0000013c   0x00000000   Code   RO          960    .ARM.Collect$$libinit$$0000000A  c_p.l(libinit2.o)
    0x0000013c   0x00000000   Code   RO          962    .ARM.Collect$$libinit$$0000000C  c_p.l(libinit2.o)
    0x0000013c   0x00000000   Code   RO          964    .ARM.Collect$$libinit$$0000000E  c_p.l(libinit2.o)
    0x0000013c   0x00000000   Code   RO          967    .ARM.Collect$$libinit$$00000011  c_p.l(libinit2.o)
    0x0000013c   0x00000000   Code   RO          969    .ARM.Collect$$libinit$$00000013  c_p.l(libinit2.o)
    0x0000013c   0x00000000   Code   RO          971    .ARM.Collect$$libinit$$00000015  c_p.l(libinit2.o)
    0x0000013c   0x00000000   Code   RO          973    .ARM.Collect$$libinit$$00000017  c_p.l(libinit2.o)
    0x0000013c   0x00000000   Code   RO          975    .ARM.Collect$$libinit$$00000019  c_p.l(libinit2.o)
    0x0000013c   0x00000000   Code   RO          977    .ARM.Collect$$libinit$$0000001B  c_p.l(libinit2.o)
    0x0000013c   0x00000000   Code   RO          979    .ARM.Collect$$libinit$$0000001D  c_p.l(libinit2.o)
    0x0000013c   0x00000000   Code   RO          981    .ARM.Collect$$libinit$$0000001F  c_p.l(libinit2.o)
    0x0000013c   0x00000000   Code   RO          983    .ARM.Collect$$libinit$$00000021  c_p.l(libinit2.o)
    0x0000013c   0x00000000   Code   RO          985    .ARM.Collect$$libinit$$00000023  c_p.l(libinit2.o)
    0x0000013c   0x00000000   Code   RO          987    .ARM.Collect$$libinit$$00000025  c_p.l(libinit2.o)
    0x0000013c   0x00000000   Code   RO          991    .ARM.Collect$$libinit$$0000002C  c_p.l(libinit2.o)
    0x0000013c   0x00000000   Code   RO          993    .ARM.Collect$$libinit$$0000002E  c_p.l(libinit2.o)
    0x0000013c   0x00000000   Code   RO          995    .ARM.Collect$$libinit$$00000030  c_p.l(libinit2.o)
    0x0000013c   0x00000000   Code   RO          997    .ARM.Collect$$libinit$$00000032  c_p.l(libinit2.o)
    0x0000013c   0x00000002   Code   RO          998    .ARM.Collect$$libinit$$00000033  c_p.l(libinit2.o)
    0x0000013e   0x00000002   Code   RO         1027    .ARM.Collect$$libshutdown$$00000000  c_p.l(libshutdown.o)
    0x00000140   0x00000000   Code   RO         1053    .ARM.Collect$$libshutdown$$00000002  c_p.l(libshutdown2.o)
    0x00000140   0x00000000   Code   RO         1055    .ARM.Collect$$libshutdown$$00000004  c_p.l(libshutdown2.o)
    0x00000140   0x00000000   Code   RO         1058    .ARM.Collect$$libshutdown$$00000007  c_p.l(libshutdown2.o)
    0x00000140   0x00000000   Code   RO         1061    .ARM.Collect$$libshutdown$$0000000A  c_p.l(libshutdown2.o)
    0x00000140   0x00000000   Code   RO         1063    .ARM.Collect$$libshutdown$$0000000C  c_p.l(libshutdown2.o)
    0x00000140   0x00000000   Code   RO         1066    .ARM.Collect$$libshutdown$$0000000F  c_p.l(libshutdown2.o)
    0x00000140   0x00000002   Code   RO         1067    .ARM.Collect$$libshutdown$$00000010  c_p.l(libshutdown2.o)
    0x00000142   0x00000000   Code   RO          888    .ARM.Collect$$rtentry$$00000000  c_p.l(__rtentry.o)
    0x00000142   0x00000000   Code   RO          903    .ARM.Collect$$rtentry$$00000002  c_p.l(__rtentry2.o)
    0x00000142   0x00000006   Code   RO          915    .ARM.Collect$$rtentry$$00000004  c_p.l(__rtentry4.o)
    0x00000148   0x00000000   Code   RO          905    .ARM.Collect$$rtentry$$00000009  c_p.l(__rtentry2.o)
    0x00000148   0x00000004   Code   RO          906    .ARM.Collect$$rtentry$$0000000A  c_p.l(__rtentry2.o)
    0x0000014c   0x00000000   Code   RO          908    .ARM.Collect$$rtentry$$0000000C  c_p.l(__rtentry2.o)
    0x0000014c   0x00000008   Code   RO          909    .ARM.Collect$$rtentry$$0000000D  c_p.l(__rtentry2.o)
    0x00000154   0x00000002   Code   RO          946    .ARM.Collect$$rtexit$$00000000  c_p.l(rtexit.o)
    0x00000156   0x00000000   Code   RO         1002    .ARM.Collect$$rtexit$$00000002  c_p.l(rtexit2.o)
    0x00000156   0x00000004   Code   RO         1003    .ARM.Collect$$rtexit$$00000003  c_p.l(rtexit2.o)
    0x0000015a   0x00000006   Code   RO         1004    .ARM.Collect$$rtexit$$00000004  c_p.l(rtexit2.o)
    0x00000160   0x0000001c   Code   RO          690    .emb_text           retarget.o
    0x0000017c   0x00000060   Code   RO          782  * .text               startup_nano100series.o
    0x000001dc   0x0000001c   Code   RO          830    .text               c_p.l(noretval__2printf.o)
    0x000001f8   0x0000006c   Code   RO          834    .text               c_p.l(_printf_dec.o)
    0x00000264   0x00000058   Code   RO          839    .text               c_p.l(_printf_hex_int.o)
    0x000002bc   0x0000010e   Code   RO          865    .text               c_p.l(__printf_wp.o)
    0x000003ca   0x0000015a   Code   RO          880    .text               c_p.l(aeabi_sdiv.o)
    0x00000524   0x00000006   Code   RO          884    .text               c_p.l(heapauxi.o)
    0x0000052a   0x000000b0   Code   RO          895    .text               c_p.l(_printf_intcommon.o)
    0x000005da   0x00000002   PAD
    0x000005dc   0x00000028   Code   RO          897    .text               c_p.l(_printf_char_file.o)
    0x00000604   0x00000028   Code   RO          900    .text               c_p.l(rtudiv10.o)
    0x0000062c   0x00000030   Code   RO          923    .text               c_p.l(_printf_char_common.o)
    0x0000065c   0x0000003e   Code   RO          925    .text               c_p.l(sys_stackheap_outer.o)
    0x0000069a   0x00000010   Code   RO          930    .text               c_p.l(exit.o)
    0x000006aa   0x00000002   PAD
    0x000006ac   0x00000008   Code   RO          942    .text               c_p.l(libspace.o)
    0x000006b4   0x0000000c   Code   RO          999    .text               c_p.l(sys_exit.o)
    0x000006c0   0x00000002   Code   RO         1016    .text               c_p.l(use_no_semi.o)
    0x000006c2   0x00000000   Code   RO         1018    .text               c_p.l(indicate_semi.o)
    0x000006c2   0x00000060   Code   RO         1070    .text               c_p.l(__dclz77c.o)
    0x00000722   0x00000002   PAD
    0x00000724   0x00000024   Code   RO          209    i.CLK_EnableModuleClock  clk.o
    0x00000748   0x00000064   Code   RO          222    i.CLK_SetModuleClock  clk.o
    0x000007ac   0x0000002c   Code   RO          692    i.Hard_Fault_Handler  retarget.o
    0x000007d8   0x00000014   Code   RO            3    i.NVIC_EnableIRQ    heartbeat.o
    0x000007ec   0x00000078   Code   RO            4    i.NVIC_SetPriority  heartbeat.o
    0x00000864   0x00000020   Code   RO            5    i.SYS_UnlockReg     heartbeat.o
    0x00000884   0x0000000c   Code   RO          694    i.SendChar          retarget.o
    0x00000890   0x0000001c   Code   RO          695    i.SendChar_ToUART   retarget.o
    0x000008ac   0x00000080   Code   RO          789    i.SysGet_PLLClockFreq  system_nano100series.o
    0x0000092c   0x00000010   Code   RO            6    i.SysTick_Handler   heartbeat.o
    0x0000093c   0x00000080   Code   RO          485    i.TIMER_GetModuleClock  timer.o
    0x000009bc   0x00000066   Code   RO          486    i.TIMER_Open        timer.o
    0x00000a22   0x00000002   PAD
    0x00000a24   0x00000070   Code   RO            7    i.TMR0_IRQHandler   heartbeat.o
    0x00000a94   0x00000024   Code   RO            9    i.UART1_IRQHandler  heartbeat.o
    0x00000ab8   0x000000a0   Code   RO          572    i.UART_Open         uart.o
    0x00000b58   0x0000000e   Code   RO          867    i._is_digit         c_p.l(__printf_wp.o)
    0x00000b66   0x00000008   Code   RO          697    i.ferror            retarget.o
    0x00000b6e   0x00000010   Code   RO          699    i.fputc             retarget.o
    0x00000b7e   0x00000002   PAD
    0x00000b80   0x0000005c   Code   RO           11    i.init              heartbeat.o
    0x00000bdc   0x00000064   Code   RO           12    i.init_TIMER0       heartbeat.o
    0x00000c40   0x0000008c   Code   RO           13    i.init_UART1        heartbeat.o
    0x00000ccc   0x00000008   Code   RO           14    i.main              heartbeat.o
    0x00000cd4   0x000000a8   Code   RO          701    i.stackDump         retarget.o
    0x00000d7c   0x00000010   Data   RO          489    .constdata          timer.o
    0x00000d8c   0x00000030   Data   RO          580    .constdata          uart.o
    0x00000dbc   0x00000028   Data   RO          840    .constdata          c_p.l(_printf_hex_int.o)
    0x00000de4   0x00000020   Data   RO         1068    Region$$Table       anon$$obj.o


    Execution Region ER_RW (Base: 0x20000000, Size: 0x00000c6c, Max: 0xffffffff, ABSOLUTE, COMPRESSED[0x00000bf0])

    Base Addr    Size         Type   Attr      Idx    E Section Name        Object

    0x20000000   0x0000000c   Data   RW           16    .data               heartbeat.o
    0x2000000c   0x00000c50   Data   RW          183    .data               data1.o
    0x20000c5c   0x00000008   Data   RW          702    .data               retarget.o
    0x20000c64   0x00000008   Data   RW          791    .data               system_nano100series.o


    Execution Region ER_ZI (Base: 0x20000c6c, Size: 0x00000a64, Max: 0xffffffff, ABSOLUTE)

    Base Addr    Size         Type   Attr      Idx    E Section Name        Object

    0x20000c6c   0x00000060   Zero   RW          943    .bss                c_p.l(libspace.o)
    0x20000ccc   0x00000004   PAD
    0x20000cd0   0x00000500   Zero   RW          780    HEAP                startup_nano100series.o
    0x200011d0   0x00000500   Zero   RW          779    STACK               startup_nano100series.o


==============================================================================

Image component sizes


      Code (inc. data)   RO Data    RW Data    ZI Data      Debug   Object Name

       136         10          0          0          0       1289   clk.o
         0          0          0       3152          0        471   data1.o
       676        114          0         12          0     158416   heartbeat.o
       304        134          0          8          0       5405   retarget.o
        96         46        192          0       2560        656   startup_nano100series.o
       128          8          0          8          0       1164   system_nano100series.o
       230         26         16          0          0       1924   timer.o
       160         14         48          0          0     112660   uart.o

    ----------------------------------------------------------------------
      1734        352        288       3180       2560     281985   Object Totals
         0          0         32          0          0          0   (incl. Generated)
         4          0          0          0          0          0   (incl. Padding)

    ----------------------------------------------------------------------

      Code (inc. data)   RO Data    RW Data    ZI Data      Debug   Library Member Name

        96          0          0          0          0          0   __dclz77c.o
         8          0          0          0          0         68   __main.o
       284          0          0          0          0        136   __printf_wp.o
         0          0          0          0          0          0   __rtentry.o
        12          0          0          0          0          0   __rtentry2.o
         6          0          0          0          0          0   __rtentry4.o
        60          8          0          0          0          0   __scatter.o
        28          0          0          0          0          0   __scatter_zi.o
        48          6          0          0          0         88   _printf_char_common.o
        40          6          0          0          0         72   _printf_char_file.o
        10          0          0          0          0          0   _printf_d.o
       108         18          0          0          0         76   _printf_dec.o
        88          4         40          0          0         72   _printf_hex_int.o
       176          0          0          0          0         84   _printf_intcommon.o
         2          0          0          0          0          0   _printf_percent.o
         4          0          0          0          0          0   _printf_percent_end.o
        10          0          0          0          0          0   _printf_x.o
       346          0          0          0          0         92   aeabi_sdiv.o
        16          0          0          0          0         68   exit.o
         6          0          0          0          0        136   heapauxi.o
         0          0          0          0          0          0   indicate_semi.o
         2          0          0          0          0          0   libinit.o
         2          0          0          0          0          0   libinit2.o
         2          0          0          0          0          0   libshutdown.o
         2          0          0          0          0          0   libshutdown2.o
         8          4          0          0         96         68   libspace.o
        28          6          0          0          0         84   noretval__2printf.o
         2          0          0          0          0          0   rtexit.o
        10          0          0          0          0          0   rtexit2.o
        40          0          0          0          0         60   rtudiv10.o
        12          4          0          0          0         60   sys_exit.o
        62          0          0          0          0         80   sys_stackheap_outer.o
         2          0          0          0          0         68   use_no_semi.o

    ----------------------------------------------------------------------
      1526         56         40          0        100       1312   Library Totals
         6          0          0          0          4          0   (incl. Padding)

    ----------------------------------------------------------------------

      Code (inc. data)   RO Data    RW Data    ZI Data      Debug   Library Name

      1520         56         40          0         96       1312   c_p.l

    ----------------------------------------------------------------------
      1526         56         40          0        100       1312   Library Totals

    ----------------------------------------------------------------------

==============================================================================


      Code (inc. data)   RO Data    RW Data    ZI Data      Debug   

      3260        408        328       3180       2660     281829   Grand Totals
      3260        408        328       3056       2660     281829   ELF Image Totals (compressed)
      3260        408        328       3056          0          0   ROM Totals

==============================================================================

    Total RO  Size (Code + RO Data)                 3588 (   3.50kB)
    Total RW  Size (RW Data + ZI Data)              5840 (   5.70kB)
    Total ROM Size (Code + RO Data + RW Data)       6644 (   6.49kB)

==============================================================================

