Component: ARM Compiler 5.06 (build 20) Tool: armlink [4d35a3]

==============================================================================

Section Cross References

    main.o(i.SysTick_Handler) refers to main.o(.data) for tick
    main.o(i.delay_ms) refers to main.o(.data) for tick
    main.o(i.init_EBI) refers to clk.o(i.CLK_EnableModuleClock) for CLK_EnableModuleClock
    main.o(i.init_EBI) refers to clk.o(i.CLK_SetModuleClock) for CLK_SetModuleClock
    main.o(i.init_EBI) refers to gpio.o(i.GPIO_SetMode) for GPIO_SetMode
    main.o(i.init_EBI) refers to ebi.o(i.EBI_Open) for EBI_Open
    main.o(i.main) refers to hid_transfer.o(i.init_USB) for init_USB
    main.o(i.main) refers to aeabi_sdiv.o(.text) for __aeabi_uidivmod
    main.o(i.main) refers to main.o(i.NVIC_SetPriority) for NVIC_SetPriority
    main.o(i.main) refers to main.o(i.init_EBI) for init_EBI
    main.o(i.main) refers to tft.o(i.init_TFT) for init_TFT
    main.o(i.main) refers to tft.o(i.tft_test) for tft_test
    main.o(i.main) refers to hid_transfer.o(i.HID_input) for HID_input
    main.o(i.main) refers to hid_transfer.o(i.HID_output) for HID_output
    main.o(i.main) refers to main.o(i.usb_test) for usb_test
    main.o(i.main) refers to system_nano100series.o(.data) for SystemCoreClock
    main.o(i.usb_test) refers to tft.o(i.BlockWrite) for BlockWrite
    main.o(i.usb_test) refers to tft.o(i.WriteData) for WriteData
    main.o(i.usb_test) refers to main.o(.data) for sta
    tft.o(i.BlockWrite) refers to tft.o(i.WriteComm) for WriteComm
    tft.o(i.BlockWrite) refers to tft.o(i.WriteData) for WriteData
    tft.o(i.init_TFT) refers to main.o(i.delay_ms) for delay_ms
    tft.o(i.init_TFT) refers to tft.o(i.WriteComm) for WriteComm
    tft.o(i.init_TFT) refers to tft.o(i.WriteData) for WriteData
    tft.o(i.tft_box) refers to tft.o(i.BlockWrite) for BlockWrite
    tft.o(i.tft_box) refers to tft.o(i.WriteData) for WriteData
    tft.o(i.tft_color) refers to tft.o(i.BlockWrite) for BlockWrite
    tft.o(i.tft_color) refers to tft.o(i.WriteData) for WriteData
    tft.o(i.tft_img2) refers to tft.o(i.BlockWrite) for BlockWrite
    tft.o(i.tft_img2) refers to tft.o(i.WriteData) for WriteData
    tft.o(i.tft_img2) refers to img2.o(.constdata) for img2
    tft.o(i.tft_line) refers to tft.o(i.BlockWrite) for BlockWrite
    tft.o(i.tft_line) refers to tft.o(i.WriteData) for WriteData
    tft.o(i.tft_line) refers to tft.o(.data) for RED
    tft.o(i.tft_test) refers to tft.o(i.WriteComm) for WriteComm
    tft.o(i.tft_test) refers to tft.o(i.WriteData) for WriteData
    tft.o(i.tft_test) refers to tft.o(i.tft_color) for tft_color
    tft.o(i.tft_test) refers to tft.o(i.tft_img2) for tft_img2
    clk.o(i.CLK_EnablePLL) refers to aeabi_sdiv.o(.text) for __aeabi_uidivmod
    clk.o(i.CLK_EnablePLL) refers to clk.o(i.CLK_WaitClockReady) for CLK_WaitClockReady
    clk.o(i.CLK_EnablePLL) refers to clk.o(i.CLK_GetPLLClockFreq) for CLK_GetPLLClockFreq
    clk.o(i.CLK_EnablePLL) refers to clk.o(.constdata) for .constdata
    clk.o(i.CLK_EnableXtalRC) refers to clk.o(i.CLK_WaitClockReady) for CLK_WaitClockReady
    clk.o(i.CLK_GetCPUFreq) refers to system_nano100series.o(i.SystemCoreClockUpdate) for SystemCoreClockUpdate
    clk.o(i.CLK_GetCPUFreq) refers to system_nano100series.o(.data) for SystemCoreClock
    clk.o(i.CLK_GetHCLKFreq) refers to system_nano100series.o(i.SystemCoreClockUpdate) for SystemCoreClockUpdate
    clk.o(i.CLK_GetHCLKFreq) refers to system_nano100series.o(.data) for SystemCoreClock
    clk.o(i.CLK_GetPLLClockFreq) refers to aeabi_sdiv.o(.text) for __aeabi_uidivmod
    clk.o(i.CLK_SetCoreClock) refers to clk.o(i.CLK_EnableXtalRC) for CLK_EnableXtalRC
    clk.o(i.CLK_SetCoreClock) refers to clk.o(i.CLK_SetHCLK) for CLK_SetHCLK
    clk.o(i.CLK_SetCoreClock) refers to clk.o(i.CLK_EnablePLL) for CLK_EnablePLL
    clk.o(i.CLK_SetCoreClock) refers to system_nano100series.o(.data) for SystemCoreClock
    clk.o(i.CLK_SetHCLK) refers to clk.o(i.CLK_WaitClockReady) for CLK_WaitClockReady
    clk.o(i.CLK_SetHCLK) refers to system_nano100series.o(i.SystemCoreClockUpdate) for SystemCoreClockUpdate
    clk.o(i.CLK_SysTickDelay) refers to system_nano100series.o(.data) for CyclesPerUs
    ebi.o(i.EBI_Open) refers to ebi.o(i.__ARM_common_switch8) for __ARM_common_switch8
    uart.o(i.UART_Open) refers to system_nano100series.o(i.SysGet_PLLClockFreq) for SysGet_PLLClockFreq
    uart.o(i.UART_Open) refers to aeabi_sdiv.o(.text) for __aeabi_uidivmod
    uart.o(i.UART_Open) refers to uart.o(.constdata) for .constdata
    uart.o(i.UART_SelectIrDAMode) refers to system_nano100series.o(i.SysGet_PLLClockFreq) for SysGet_PLLClockFreq
    uart.o(i.UART_SelectIrDAMode) refers to aeabi_sdiv.o(.text) for __aeabi_uidivmod
    uart.o(i.UART_SelectIrDAMode) refers to uart.o(.constdata) for .constdata
    uart.o(i.UART_SetLine_Config) refers to system_nano100series.o(i.SysGet_PLLClockFreq) for SysGet_PLLClockFreq
[...]
    startup_nano100series.o(RESET) refers (Special) to heapauxi.o(.text) for __use_two_region_memory
    startup_nano100series.o(RESET) refers to startup_nano100series.o(STACK) for __initial_sp
    startup_nano100series.o(RESET) refers to startup_nano100series.o(.text) for Reset_Handler
    startup_nano100series.o(RESET) refers to retarget.o(.emb_text) for HardFault_Handler
    startup_nano100series.o(RESET) refers to main.o(i.SysTick_Handler) for SysTick_Handler
    startup_nano100series.o(RESET) refers to hid_transfer.o(i.USBD_IRQHandler) for USBD_IRQHandler
    startup_nano100series.o(.text) refers (Special) to heapauxi.o(.text) for __use_two_region_memory
    startup_nano100series.o(.text) refers to __main.o(!!!main) for __main
    startup_nano100series.o(.text) refers to startup_nano100series.o(HEAP) for Heap_Mem
    startup_nano100series.o(.text) refers to startup_nano100series.o(STACK) for Stack_Mem
    system_nano100series.o(i.SysGet_HCLKFreq) refers to system_nano100series.o(i.SysGet_PLLClockFreq) for SysGet_PLLClockFreq
    system_nano100series.o(i.SysGet_HCLKFreq) refers to aeabi_sdiv.o(.text) for __aeabi_uidivmod
    system_nano100series.o(i.SysGet_PLLClockFreq) refers to aeabi_sdiv.o(.text) for __aeabi_uidivmod
    system_nano100series.o(i.SystemCoreClockUpdate) refers to system_nano100series.o(i.SysGet_HCLKFreq) for SysGet_HCLKFreq
    system_nano100series.o(i.SystemCoreClockUpdate) refers to aeabi_sdiv.o(.text) for __aeabi_uidivmod
    system_nano100series.o(i.SystemCoreClockUpdate) refers to system_nano100series.o(.data) for SystemCoreClock
    hid_transfer.o(i.EP2_Handler) refers to hid_transfer.o(.data) for utx_busy
    hid_transfer.o(i.EP3_Handler) refers to hid_transfer.o(.data) for urx_ln
    hid_transfer.o(i.HID_ClassRequest) refers to usbd.o(i.USBD_GetSetupPacket) for USBD_GetSetupPacket
    hid_transfer.o(i.HID_ClassRequest) refers to hid_transfer.o(i.USBD_SetStall) for USBD_SetStall
    hid_transfer.o(i.HID_input) refers to hid_transfer.o(.data) for urx_busy
    hid_transfer.o(i.HID_input) refers to hid_transfer.o(.bss) for urx_buf
    hid_transfer.o(i.HID_output) refers to hid_transfer.o(.data) for utx_busy
    hid_transfer.o(i.USBD_IRQHandler) refers to usbd.o(i.USBD_SwReset) for USBD_SwReset
    hid_transfer.o(i.USBD_IRQHandler) refers to usbd.o(i.USBD_ProcessSetupPacket) for USBD_ProcessSetupPacket
    hid_transfer.o(i.USBD_IRQHandler) refers to usbd.o(i.USBD_CtrlIn) for USBD_CtrlIn
    hid_transfer.o(i.USBD_IRQHandler) refers to usbd.o(i.USBD_CtrlOut) for USBD_CtrlOut
    hid_transfer.o(i.USBD_IRQHandler) refers to hid_transfer.o(i.EP2_Handler) for EP2_Handler
    hid_transfer.o(i.USBD_IRQHandler) refers to hid_transfer.o(i.EP3_Handler) for EP3_Handler
    hid_transfer.o(i.init_USB) refers to clk.o(i.CLK_EnableXtalRC) for CLK_EnableXtalRC
    hid_transfer.o(i.init_USB) refers to clk.o(i.CLK_EnablePLL) for CLK_EnablePLL
    hid_transfer.o(i.init_USB) refers to clk.o(i.CLK_WaitClockReady) for CLK_WaitClockReady
    hid_transfer.o(i.init_USB) refers to clk.o(i.CLK_SetHCLK) for CLK_SetHCLK
    hid_transfer.o(i.init_USB) refers to clk.o(i.CLK_SetModuleClock) for CLK_SetModuleClock
    hid_transfer.o(i.init_USB) refers to clk.o(i.CLK_EnableModuleClock) for CLK_EnableModuleClock
    hid_transfer.o(i.init_USB) refers to system_nano100series.o(i.SystemCoreClockUpdate) for SystemCoreClockUpdate
    hid_transfer.o(i.init_USB) refers to usbd.o(i.USBD_Open) for USBD_Open
    hid_transfer.o(i.init_USB) refers to hid_transfer.o(i.HID_Init) for HID_Init
    hid_transfer.o(i.init_USB) refers to usbd.o(i.USBD_Start) for USBD_Start
    hid_transfer.o(i.init_USB) refers to hid_transfer.o(i.HID_ClassRequest) for HID_ClassRequest
    hid_transfer.o(i.init_USB) refers to descriptors.o(.data) for gsInfo
    __2printf.o(.text) refers to _printf_char_file.o(.text) for _printf_char_file
    __2printf.o(.text) refers to retarget.o(.data) for __stdout
    noretval__2printf.o(.text) refers to _printf_char_file.o(.text) for _printf_char_file
    noretval__2printf.o(.text) refers to retarget.o(.data) for __stdout
    __printf.o(.text) refers to _printf_percent.o(.ARM.Collect$$_printf_percent$$00000000) for _printf_percent
    _printf_hex_ll.o(.text) refers to _printf_intcommon.o(.text) for _printf_int_common
    _printf_hex_ll.o(.text) refers to _printf_hex_ll.o(.constdata) for .constdata
    _printf_hex_int.o(.text) refers to _printf_intcommon.o(.text) for _printf_int_common
    _printf_hex_int.o(.text) refers to _printf_hex_int.o(.constdata) for .constdata
    _printf_hex_int_ll.o(.text) refers to _printf_intcommon.o(.text) for _printf_int_common
    _printf_hex_int_ll.o(.text) refers to _printf_hex_int_ll.o(.constdata) for .constdata
    _printf_hex_ptr.o(.text) refers to _printf_intcommon.o(.text) for _printf_int_common
    _printf_hex_ptr.o(.text) refers to _printf_hex_ptr.o(.constdata) for .constdata
    _printf_hex_int_ptr.o(.text) refers to _printf_intcommon.o(.text) for _printf_int_common
    _printf_hex_int_ptr.o(.text) refers to _printf_hex_int_ptr.o(.constdata) for .constdata
    _printf_hex_ll_ptr.o(.text) refers to _printf_intcommon.o(.text) for _printf_int_common
    _printf_hex_ll_ptr.o(.text) refers to _printf_hex_ll_ptr.o(.constdata) for .constdata
    _printf_hex_int_ll_ptr.o(.text) refers to _printf_intcommon.o(.text) for _printf_int_common
    _printf_hex_int_ll_ptr.o(.text) refers to _printf_hex_int_ll_ptr.o(.constdata) for .constdata
    __printf_flags.o(.text) refers to _printf_percent.o(.ARM.Collect$$_printf_percent$$00000000) for _printf_percent
    __printf_flags.o(.text) refers to __printf_flags.o(.constdata) for .constdata
    __printf_ss.o(.text) refers to _printf_percent.o(.ARM.Collect$$_printf_percent$$00000000) for _printf_percent
    __printf_flags_ss.o(.text) refers to _printf_percent.o(.ARM.Collect$$_printf_percent$$00000000) for _printf_percent
    __printf_flags_ss.o(.text) refers to __printf_flags_ss.o(.constdata) for .constdata
    __printf_wp.o(.text) refers to __printf_wp.o(i._is_digit) for _is_digit
    __printf_wp.o(.text) refers to _printf_percent.o(.ARM.Collect$$_printf_percent$$00000000) for _printf_percent
    __printf_flags_wp.o(.text) refers to __printf_wp.o(i._is_digit) for _is_digit
    __printf_flags_wp.o(.text) refers to _printf_percent.o(.ARM.Collect$$_printf_percent$$00000000) for _printf_percent
    __printf_flags_wp.o(.text) refers to __printf_flags_wp.o(.constdata) for .constdata
    __printf_ss_wp.o(.text) refers to __printf_wp.o(i._is_digit) for _is_digit
    __printf_ss_wp.o(.text) refers to _printf_percent.o(.ARM.Collect$$_printf_percent$$00000000) for _printf_percent
    __printf_flags_ss_wp.o(.text) refers to __printf_wp.o(i._is_digit) for _is_digit
    __printf_flags_ss_wp.o(.text) refers to _printf_percent.o(.ARM.Collect$$_printf_percent$$00000000) for _printf_percent
    __printf_flags_ss_wp.o(.text) refers to __printf_flags_ss_wp.o(.constdata) for .constdata
    _printf_x.o(.ARM.Collect$$_printf_percent$$0000000C) refers (Weak) to _printf_hex_int.o(.text) for _printf_int_hex
    _printf_percent.o(.ARM.Collect$$_printf_percent$$00000000) refers (Special) to _printf_percent_end.o(.ARM.Collect$$_printf_percent$$00000017) for _printf_percent_end
    __main.o(!!!main) refers to __rtentry.o(.ARM.Collect$$rtentry$$00000000) for __rt_entry
    __rtentry.o(.ARM.Collect$$rtentry$$00000000) refers (Special) to __rtentry2.o(.ARM.Collect$$rtentry$$0000000A) for __rt_entry_li
    __rtentry.o(.ARM.Collect$$rtentry$$00000000) refers (Special) to __rtentry2.o(.ARM.Collect$$rtentry$$0000000D) for __rt_entry_main
    __rtentry.o(.ARM.Collect$$rtentry$$00000000) refers (Special) to __rtentry2.o(.ARM.Collect$$rtentry$$0000000C) for __rt_entry_postli_1
    __rtentry.o(.ARM.Collect$$rtentry$$00000000) refers (Special) to __rtentry2.o(.ARM.Collect$$rtentry$$00000009) for __rt_entry_postsh_1
    __rtentry.o(.ARM.Collect$$rtentry$$00000000) refers (Special) to __rtentry2.o(.ARM.Collect$$rtentry$$00000002) for __rt_entry_presh_1
    __rtentry.o(.ARM.Collect$$rtentry$$00000000) refers (Special) to __rtentry4.o(.ARM.Collect$$rtentry$$00000004) for __rt_entry_sh
    aeabi_idiv0_sigfpe.o(.text) refers to rt_div0.o(.text) for __rt_div0
    _printf_char_file.o(.text) refers to _printf_char_common.o(.text) for _printf_char_common
    _printf_char_file.o(.text) refers to retarget.o(i.ferror) for ferror
    _printf_char_file.o(.text) refers to retarget.o(i.fputc) for fputc
    __rtentry2.o(.ARM.Collect$$rtentry$$00000008) refers to boardinit2.o(.text) for _platform_post_stackheap_init
    __rtentry2.o(.ARM.Collect$$rtentry$$0000000A) refers to libinit.o(.ARM.Collect$$libinit$$00000000) for __rt_lib_init
    __rtentry2.o(.ARM.Collect$$rtentry$$0000000B) refers to boardinit3.o(.text) for _platform_post_lib_init
    __rtentry2.o(.ARM.Collect$$rtentry$$0000000D) refers to main.o(i.main) for main
    __rtentry2.o(.ARM.Collect$$rtentry$$0000000D) refers to exit.o(.text) for exit
    __rtentry2.o(.ARM.exidx) refers to __rtentry2.o(.ARM.Collect$$rtentry$$00000001) for .ARM.Collect$$rtentry$$00000001
    __rtentry2.o(.ARM.exidx) refers to __rtentry2.o(.ARM.Collect$$rtentry$$00000008) for .ARM.Collect$$rtentry$$00000008
    __rtentry2.o(.ARM.exidx) refers to __rtentry2.o(.ARM.Collect$$rtentry$$0000000A) for .ARM.Collect$$rtentry$$0000000A
    __rtentry2.o(.ARM.exidx) refers to __rtentry2.o(.ARM.Collect$$rtentry$$0000000B) for .ARM.Collect$$rtentry$$0000000B
    __rtentry2.o(.ARM.exidx) refers to __rtentry2.o(.ARM.Collect$$rtentry$$0000000D) for .ARM.Collect$$rtentry$$0000000D
    __rtentry4.o(.ARM.Collect$$rtentry$$00000004) refers to sys_stackheap_outer.o(.text) for __user_setup_stackheap
    __rtentry4.o(.ARM.exidx) refers to __rtentry4.o(.ARM.Collect$$rtentry$$00000004) for .ARM.Collect$$rtentry$$00000004
    rt_div0.o(.text) refers to defsig_fpe_outer.o(.text) for __rt_SIGFPE
    _printf_char_common.o(.text) refers to __printf_wp.o(.text) for __printf
    sys_stackheap_outer.o(.text) refers to libspace.o(.text) for __user_perproc_libspace
    sys_stackheap_outer.o(.text) refers to startup_nano100series.o(.text) for __user_initial_stackheap
    sys_stackheap_outer.o(__vectab_stack_and_reset_area) refers to tempstk.o(.text) for __temporary_stack_top
    sys_stackheap_outer.o(__vectab_stack_and_reset_area) refers to __main.o(!!!main) for __main
    exit.o(.text) refers to rtexit.o(.ARM.Collect$$rtexit$$00000000) for __rt_exit
    defsig_fpe_outer.o(.text) refers to defsig_fpe_inner.o(.text) for __rt_SIGFPE_inner
    defsig_fpe_outer.o(.text) refers to defsig_exit.o(.text) for __sig_exit
    defsig_fpe_formal.o(.text) refers to rt_raise.o(.text) for __rt_raise
    libinit.o(.ARM.Collect$$libinit$$00000000) refers (Special) to libinit2.o(.ARM.Collect$$libinit$$0000002E) for __rt_lib_init_alloca_1
    libinit.o(.ARM.Collect$$libinit$$00000000) refers (Special) to libinit2.o(.ARM.Collect$$libinit$$0000002C) for __rt_lib_init_argv_1
    libinit.o(.ARM.Collect$$libinit$$00000000) refers (Special) to libinit2.o(.ARM.Collect$$libinit$$0000001B) for __rt_lib_init_atexit_1
    libinit.o(.ARM.Collect$$libinit$$00000000) refers (Special) to libinit2.o(.ARM.Collect$$libinit$$00000021) for __rt_lib_init_clock_1
    libinit.o(.ARM.Collect$$libinit$$00000000) refers (Special) to libinit2.o(.ARM.Collect$$libinit$$00000032) for __rt_lib_init_cpp_1
    libinit.o(.ARM.Collect$$libinit$$00000000) refers (Special) to libinit2.o(.ARM.Collect$$libinit$$00000030) for __rt_lib_init_exceptions_1
    libinit.o(.ARM.Collect$$libinit$$00000000) refers (Special) to libinit2.o(.ARM.Collect$$libinit$$00000002) for __rt_lib_init_fp_1
    libinit.o(.ARM.Collect$$libinit$$00000000) refers (Special) to libinit2.o(.ARM.Collect$$libinit$$0000001F) for __rt_lib_init_fp_trap_1
    libinit.o(.ARM.Collect$$libinit$$00000000) refers (Special) to libinit2.o(.ARM.Collect$$libinit$$00000023) for __rt_lib_init_getenv_1
    libinit.o(.ARM.Collect$$libinit$$00000000) refers (Special) to libinit2.o(.ARM.Collect$$libinit$$0000000A) for __rt_lib_init_heap_1
    libinit.o(.ARM.Collect$$libinit$$00000000) refers (Special) to libinit2.o(.ARM.Collect$$libinit$$00000011) for __rt_lib_init_lc_collate_1
    libinit.o(.ARM.Collect$$libinit$$00000000) refers (Special) to libinit2.o(.ARM.Collect$$libinit$$00000013) for __rt_lib_init_lc_ctype_1
    libinit.o(.ARM.Collect$$libinit$$00000000) refers (Special) to libinit2.o(.ARM.Collect$$libinit$$00000015) for __rt_lib_init_lc_monetary_1
    libinit.o(.ARM.Collect$$libinit$$00000000) refers (Special) to libinit2.o(.ARM.Collect$$libinit$$00000017) for __rt_lib_init_lc_numeric_1
    libinit.o(.ARM.Collect$$libinit$$00000000) refers (Special) to libinit2.o(.ARM.Collect$$libinit$$00000019) for __rt_lib_init_lc_time_1
    libinit.o(.ARM.Collect$$libinit$$00000000) refers (Special) to libinit2.o(.ARM.Collect$$libinit$$00000004) for __rt_lib_init_preinit_1
    libinit.o(.ARM.Collect$$libinit$$00000000) refers (Special) to libinit2.o(.ARM.Collect$$libinit$$0000000E) for __rt_lib_init_rand_1
    libinit.o(.ARM.Collect$$libinit$$00000000) refers (Special) to libinit2.o(.ARM.Collect$$libinit$$00000033) for __rt_lib_init_return
    libinit.o(.ARM.Collect$$libinit$$00000000) refers (Special) to libinit2.o(.ARM.Collect$$libinit$$0000001D) for __rt_lib_init_signal_1
    libinit.o(.ARM.Collect$$libinit$$00000000) refers (Special) to libinit2.o(.ARM.Collect$$libinit$$00000025) for __rt_lib_init_stdio_1
    libinit.o(.ARM.Collect$$libinit$$00000000) refers (Special) to libinit2.o(.ARM.Collect$$libinit$$0000000C) for __rt_lib_init_user_alloc_1
    libspace.o(.text) refers to libspace.o(.bss) for __libspace_start
    rtexit.o(.ARM.Collect$$rtexit$$00000000) refers (Special) to rtexit2.o(.ARM.Collect$$rtexit$$00000004) for __rt_exit_exit
    rtexit.o(.ARM.Collect$$rtexit$$00000000) refers (Special) to rtexit2.o(.ARM.Collect$$rtexit$$00000003) for __rt_exit_ls
    rtexit.o(.ARM.Collect$$rtexit$$00000000) refers (Special) to rtexit2.o(.ARM.Collect$$rtexit$$00000002) for __rt_exit_prels_1
    rtexit.o(.ARM.exidx) refers (Special) to rtexit2.o(.ARM.Collect$$rtexit$$00000004) for __rt_exit_exit
    rtexit.o(.ARM.exidx) refers (Special) to rtexit2.o(.ARM.Collect$$rtexit$$00000003) for __rt_exit_ls
    rtexit.o(.ARM.exidx) refers (Special) to rtexit2.o(.ARM.Collect$$rtexit$$00000002) for __rt_exit_prels_1
    rtexit.o(.ARM.exidx) refers to rtexit.o(.ARM.Collect$$rtexit$$00000000) for .ARM.Collect$$rtexit$$00000000
    rt_raise.o(.text) refers to __raise.o(.text) for __raise
    rt_raise.o(.text) refers to sys_exit.o(.text) for _sys_exit
    defsig_exit.o(.text) refers to sys_exit.o(.text) for _sys_exit
    defsig_fpe_inner.o(.text) refers to defsig_general.o(.text) for __default_signal_display
    libinit2.o(.ARM.Collect$$libinit$$00000010) refers to libinit2.o(.ARM.Collect$$libinit$$0000000F) for .ARM.Collect$$libinit$$0000000F
    libinit2.o(.ARM.Collect$$libinit$$00000012) refers to libinit2.o(.ARM.Collect$$libinit$$0000000F) for .ARM.Collect$$libinit$$0000000F
    libinit2.o(.ARM.Collect$$libinit$$00000014) refers to libinit2.o(.ARM.Collect$$libinit$$0000000F) for .ARM.Collect$$libinit$$0000000F
    libinit2.o(.ARM.Collect$$libinit$$00000016) refers to libinit2.o(.ARM.Collect$$libinit$$0000000F) for .ARM.Collect$$libinit$$0000000F
    libinit2.o(.ARM.Collect$$libinit$$00000018) refers to libinit2.o(.ARM.Collect$$libinit$$0000000F) for .ARM.Collect$$libinit$$0000000F
    libinit2.o(.ARM.Collect$$libinit$$00000026) refers to argv_veneer.o(.text) for __ARM_argv_veneer
    libinit2.o(.ARM.Collect$$libinit$$00000027) refers to argv_veneer.o(.text) for __ARM_argv_veneer
    sys_exit.o(.text) refers (Special) to use_no_semi.o(.text) for __I$use$semihosting
    sys_exit.o(.text) refers (Special) to indicate_semi.o(.text) for __semihosting_library_function
    rtexit2.o(.ARM.Collect$$rtexit$$00000003) refers to libshutdown.o(.ARM.Collect$$libshutdown$$00000000) for __rt_lib_shutdown
    rtexit2.o(.ARM.Collect$$rtexit$$00000004) refers to sys_exit.o(.text) for _sys_exit
    rtexit2.o(.ARM.exidx) refers to rtexit2.o(.ARM.Collect$$rtexit$$00000001) for .ARM.Collect$$rtexit$$00000001
    rtexit2.o(.ARM.exidx) refers to rtexit2.o(.ARM.Collect$$rtexit$$00000003) for .ARM.Collect$$rtexit$$00000003
    rtexit2.o(.ARM.exidx) refers to rtexit2.o(.ARM.Collect$$rtexit$$00000004) for .ARM.Collect$$rtexit$$00000004
    __raise.o(.text) refers to defsig.o(CL$$defsig) for __default_signal_handler
    defsig_general.o(.text) refers to retarget.o(i._ttywrch) for _ttywrch
    defsig.o(CL$$defsig) refers to defsig_fpe_inner.o(.text) for __rt_SIGFPE_inner
    defsig.o(CL$$defsig) refers to defsig_rtmem_inner.o(.text) for __rt_SIGRTMEM_inner
    _get_argv_nomalloc.o(.text) refers (Special) to hrguard.o(.text) for __heap_region$guard
    _get_argv_nomalloc.o(.text) refers to defsig_rtmem_outer.o(.text) for __rt_SIGRTMEM
    _get_argv_nomalloc.o(.text) refers to sys_command.o(.text) for _sys_command_string
    libshutdown.o(.ARM.Collect$$libshutdown$$00000000) refers (Special) to libshutdown2.o(.ARM.Collect$$libshutdown$$00000002) for __rt_lib_shutdown_cpp_1
    libshutdown.o(.ARM.Collect$$libshutdown$$00000000) refers (Special) to libshutdown2.o(.ARM.Collect$$libshutdown$$00000007) for __rt_lib_shutdown_fp_trap_1
    libshutdown.o(.ARM.Collect$$libshutdown$$00000000) refers (Special) to libshutdown2.o(.ARM.Collect$$libshutdown$$0000000F) for __rt_lib_shutdown_heap_1
    libshutdown.o(.ARM.Collect$$libshutdown$$00000000) refers (Special) to libshutdown2.o(.ARM.Collect$$libshutdown$$00000010) for __rt_lib_shutdown_return
    libshutdown.o(.ARM.Collect$$libshutdown$$00000000) refers (Special) to libshutdown2.o(.ARM.Collect$$libshutdown$$0000000A) for __rt_lib_shutdown_signal_1
    libshutdown.o(.ARM.Collect$$libshutdown$$00000000) refers (Special) to libshutdown2.o(.ARM.Collect$$libshutdown$$00000004) for __rt_lib_shutdown_stdio_1
    libshutdown.o(.ARM.Collect$$libshutdown$$00000000) refers (Special) to libshutdown2.o(.ARM.Collect$$libshutdown$$0000000C) for __rt_lib_shutdown_user_alloc_1
    sys_command.o(.text) refers (Special) to use_no_semi.o(.text) for __I$use$semihosting
    sys_command.o(.text) refers (Special) to indicate_semi.o(.text) for __semihosting_library_function
    defsig_abrt_inner.o(.text) refers to defsig_general.o(.text) for __default_signal_display
    defsig_rtred_inner.o(.text) refers to defsig_general.o(.text) for __default_signal_display
    defsig_rtmem_inner.o(.text) refers to defsig_general.o(.text) for __default_signal_display
    defsig_rtmem_outer.o(.text) refers to defsig_rtmem_inner.o(.text) for __rt_SIGRTMEM_inner
    defsig_rtmem_outer.o(.text) refers to defsig_exit.o(.text) for __sig_exit
    defsig_rtmem_formal.o(.text) refers to rt_raise.o(.text) for __rt_raise
    defsig_stak_inner.o(.text) refers to defsig_general.o(.text) for __default_signal_display
    defsig_pvfn_inner.o(.text) refers to defsig_general.o(.text) for __default_signal_display
    defsig_cppl_inner.o(.text) refers to defsig_general.o(.text) for __default_signal_display
    defsig_segv_inner.o(.text) refers to defsig_general.o(.text) for __default_signal_display
    defsig_other.o(.text) refers to defsig_general.o(.text) for __default_signal_display


==============================================================================

Removing Unused input sections from the image.

    Removing main.o(.rev16_text), (4 bytes).
    Removing main.o(.revsh_text), (4 bytes).
    Removing tft.o(.rev16_text), (4 bytes).
    Removing tft.o(.revsh_text), (4 bytes).
    Removing tft.o(i.tft_box), (68 bytes).
    Removing tft.o(i.tft_line), (56 bytes).
    Removing tft.o(.data), (6 bytes).
    Removing font16.o(.constdata), (3040 bytes).
    Removing clk.o(.rev16_text), (4 bytes).
    Removing clk.o(.revsh_text), (4 bytes).
    Removing clk.o(i.CLK_DisableCKO), (20 bytes).
    Removing clk.o(i.CLK_DisableModuleClock), (36 bytes).
    Removing clk.o(i.CLK_DisablePLL), (20 bytes).
    Removing clk.o(i.CLK_DisableSysTick), (12 bytes).
    Removing clk.o(i.CLK_DisableXtalRC), (16 bytes).
    Removing clk.o(i.CLK_EnableCKO), (40 bytes).
    Removing clk.o(i.CLK_EnableSysTick), (64 bytes).
    Removing clk.o(i.CLK_GetCPUFreq), (16 bytes).
    Removing clk.o(i.CLK_GetHCLKFreq), (16 bytes).
    Removing clk.o(i.CLK_GetHXTFreq), (28 bytes).
    Removing clk.o(i.CLK_GetLXTFreq), (24 bytes).
    Removing clk.o(i.CLK_Idle), (20 bytes).
    Removing clk.o(i.CLK_PowerDown), (32 bytes).
    Removing clk.o(i.CLK_SetCoreClock), (148 bytes).
    Removing ebi.o(.rev16_text), (4 bytes).
    Removing ebi.o(.revsh_text), (4 bytes).
    Removing ebi.o(i.EBI_Close), (16 bytes).
    Removing ebi.o(i.EBI_SetBusTiming), (32 bytes).
    Removing gpio.o(.rev16_text), (4 bytes).
    Removing gpio.o(.revsh_text), (4 bytes).
    Removing gpio.o(i.GPIO_DisableInt), (28 bytes).
    Removing gpio.o(i.GPIO_EnableInt), (26 bytes).
    Removing sys.o(.rev16_text), (4 bytes).
    Removing sys.o(.revsh_text), (4 bytes).
    Removing sys.o(i.SYS_ClearResetSrc), (16 bytes).
    Removing sys.o(i.SYS_DisableBOD), (20 bytes).
    Removing sys.o(i.SYS_DisableIRCTrim), (12 bytes).
    Removing sys.o(i.SYS_EnableBOD), (24 bytes).
    Removing sys.o(i.SYS_EnableIRCTrim), (32 bytes).
    Removing sys.o(i.SYS_GetBODStatus), (12 bytes).
    Removing sys.o(i.SYS_GetResetSrc), (8 bytes).
    Removing sys.o(i.SYS_IsRegLocked), (20 bytes).
    Removing sys.o(i.SYS_ReadPDID), (8 bytes).
    Removing sys.o(i.SYS_ResetCPU), (18 bytes).
    Removing sys.o(i.SYS_ResetChip), (18 bytes).
    Removing sys.o(i.SYS_ResetModule), (48 bytes).
    Removing uart.o(.rev16_text), (4 bytes).
    Removing uart.o(.revsh_text), (4 bytes).
    Removing uart.o(i.UART_ClearIntFlag), (112 bytes).
    Removing uart.o(i.UART_Close), (6 bytes).
    Removing uart.o(i.UART_DisableFlowCtrl), (10 bytes).
    Removing uart.o(i.UART_DisableInt), (8 bytes).
    Removing uart.o(i.UART_EnableFlowCtrl), (24 bytes).
    Removing uart.o(i.UART_EnableInt), (8 bytes).
    Removing uart.o(i.UART_Open), (160 bytes).
    Removing uart.o(i.UART_Read), (52 bytes).
    Removing uart.o(i.UART_SelectIrDAMode), (164 bytes).
    Removing uart.o(i.UART_SelectLINMode), (34 bytes).
    Removing uart.o(i.UART_SelectRS485Mode), (22 bytes).
    Removing uart.o(i.UART_SetLine_Config), (164 bytes).
    Removing uart.o(i.UART_SetTimeoutCnt), (20 bytes).
    Removing uart.o(i.UART_Write), (54 bytes).
    Removing uart.o(.constdata), (48 bytes).
    Removing usbd.o(.rev16_text), (4 bytes).
    Removing usbd.o(.revsh_text), (4 bytes).
    Removing usbd.o(i.USBD_LockEpStall), (12 bytes).
    Removing usbd.o(i.USBD_SetVendorRequest), (12 bytes).
    Removing retarget.o(.rev16_text), (4 bytes).
    Removing retarget.o(.revsh_text), (4 bytes).
    Removing retarget.o(i.GetChar), (28 bytes).
    Removing retarget.o(i.IsDebugFifoEmpty), (20 bytes).
    Removing retarget.o(i._ttywrch), (12 bytes).
    Removing retarget.o(i.fgetc), (10 bytes).
    Removing retarget.o(i.kbhit), (16 bytes).
    Removing system_nano100series.o(.rev16_text), (4 bytes).
    Removing system_nano100series.o(.revsh_text), (4 bytes).
    Removing hid_transfer.o(.rev16_text), (4 bytes).
    Removing hid_transfer.o(.revsh_text), (4 bytes).
    Removing descriptors.o(.rev16_text), (4 bytes).
    Removing descriptors.o(.revsh_text), (4 bytes).

80 unused section(s) (total 5092 bytes) removed from the image.

==============================================================================

Image Symbol Table

    Local Symbols

    Symbol Name                              Value     Ov Type        Size  Object(Section)

    RESET                                    0x00000000   Section      192  startup_nano100series.o(RESET)
    ../clib/../cmprslib/zerorunl2.c          0x00000000   Number         0  __dczerorl2.o ABSOLUTE
    ../clib/angel/boardlib.s                 0x00000000   Number         0  boardshut.o ABSOLUTE
    ../clib/angel/boardlib.s                 0x00000000   Number         0  boardinit3.o ABSOLUTE
    ../clib/angel/boardlib.s                 0x00000000   Number         0  boardinit2.o ABSOLUTE
    ../clib/angel/boardlib.s                 0x00000000   Number         0  boardinit1.o ABSOLUTE
    ../clib/angel/handlers.s                 0x00000000   Number         0  __scatter_zi.o ABSOLUTE
    ../clib/angel/kernel.s                   0x00000000   Number         0  rtexit2.o ABSOLUTE
    ../clib/angel/kernel.s                   0x00000000   Number         0  __rtentry4.o ABSOLUTE
    ../clib/angel/kernel.s                   0x00000000   Number         0  __rtentry.o ABSOLUTE
    ../clib/angel/kernel.s                   0x00000000   Number         0  __rtentry2.o ABSOLUTE
    ../clib/angel/kernel.s                   0x00000000   Number         0  rtexit.o ABSOLUTE
    ../clib/angel/rt.s                       0x00000000   Number         0  rt_div0.o ABSOLUTE
    ../clib/angel/rt.s                       0x00000000   Number         0  aeabi_idiv0_sigfpe.o ABSOLUTE
    ../clib/angel/rt.s                       0x00000000   Number         0  aeabi_idiv0.o ABSOLUTE
    ../clib/angel/rt.s                       0x00000000   Number         0  rt_raise.o ABSOLUTE
    ../clib/angel/scatterp.s                 0x00000000   Number         0  __scatter.o ABSOLUTE
    ../clib/angel/startup.s                  0x00000000   Number         0  __main.o ABSOLUTE
    ../clib/angel/sys.s                      0x00000000   Number         0  indicate_semi.o ABSOLUTE
    ../clib/angel/sys.s                      0x00000000   Number         0  use_no_semi.o ABSOLUTE
    ../clib/angel/sys.s                      0x00000000   Number         0  sys_stackheap_outer.o ABSOLUTE
    ../clib/angel/sys.s                      0x00000000   Number         0  tempstk.o ABSOLUTE
    ../clib/angel/sys.s                      0x00000000   Number         0  libspace.o ABSOLUTE
    ../clib/angel/sysapp.c                   0x00000000   Number         0  sys_command.o ABSOLUTE
    ../clib/angel/sysapp.c                   0x00000000   Number         0  sys_exit.o ABSOLUTE
    ../clib/armsys.c                         0x00000000   Number         0  no_argv.o ABSOLUTE
    ../clib/armsys.c                         0x00000000   Number         0  argv_veneer.o ABSOLUTE
    ../clib/armsys.c                         0x00000000   Number         0  _get_argv_nomalloc.o ABSOLUTE
    ../clib/division.s                       0x00000000   Number         0  aeabi_sdiv.o ABSOLUTE
    ../clib/division.s                       0x00000000   Number         0  aeabi_sdiv_div0.o ABSOLUTE
    ../clib/heapalloc.c                      0x00000000   Number         0  hrguard.o ABSOLUTE
    ../clib/heapaux.c                        0x00000000   Number         0  heapauxi.o ABSOLUTE
    ../clib/libinit.s                        0x00000000   Number         0  libinit.o ABSOLUTE
    ../clib/libinit.s                        0x00000000   Number         0  libinit2.o ABSOLUTE
    ../clib/libinit.s                        0x00000000   Number         0  libshutdown.o ABSOLUTE
    ../clib/libinit.s                        0x00000000   Number         0  libshutdown2.o ABSOLUTE
    ../clib/misc.s                           0x00000000   Number         0  printf_stubs.o ABSOLUTE
    ../clib/printf.c                         0x00000000   Number         0  _printf_hex_ll.o ABSOLUTE
    ../clib/printf.c                         0x00000000   Number         0  __printf.o ABSOLUTE
    ../clib/printf.c                         0x00000000   Number         0  _printf_hex_ptr.o ABSOLUTE
    ../clib/printf.c                         0x00000000   Number         0  __2printf.o ABSOLUTE
    ../clib/printf.c                         0x00000000   Number         0  __printf_wp.o ABSOLUTE
    ../clib/printf.c                         0x00000000   Number         0  _printf_char_file.o ABSOLUTE
    ../clib/printf.c                         0x00000000   Number         0  _printf_intcommon.o ABSOLUTE
    ../clib/printf.c                         0x00000000   Number         0  noretval__2printf.o ABSOLUTE
    ../clib/printf.c                         0x00000000   Number         0  __printf_flags_ss.o ABSOLUTE
    ../clib/printf.c                         0x00000000   Number         0  __printf_ss.o ABSOLUTE
    ../clib/printf.c                         0x00000000   Number         0  __printf_flags.o ABSOLUTE
    ../clib/printf.c                         0x00000000   Number         0  _printf_hex_int_ll_ptr.o ABSOLUTE
    ../clib/printf.c                         0x00000000   Number         0  _printf_char_common.o ABSOLUTE
    ../clib/printf.c                         0x00000000   Number         0  _printf_hex_ll_ptr.o ABSOLUTE
    ../clib/printf.c                         0x00000000   Number         0  _printf_hex_int_ptr.o ABSOLUTE
    ../clib/printf.c                         0x00000000   Number         0  _printf_hex_int_ll.o ABSOLUTE
    ../clib/printf.c                         0x00000000   Number         0  __printf_nopercent.o ABSOLUTE
    ../clib/printf.c                         0x00000000   Number         0  __printf_flags_wp.o ABSOLUTE
    ../clib/printf.c                         0x00000000   Number         0  __printf_ss_wp.o ABSOLUTE
    ../clib/printf.c                         0x00000000   Number         0  __printf_flags_ss_wp.o ABSOLUTE
    ../clib/printf.c                         0x00000000   Number         0  _printf_hex_int.o ABSOLUTE
    ../clib/printf_percent.s                 0x00000000   Number         0  _printf_percent.o ABSOLUTE
    ../clib/printf_percent.s                 0x00000000   Number         0  _printf_x.o ABSOLUTE
    ../clib/printf_percent.s                 0x00000000   Number         0  _printf_percent_end.o ABSOLUTE
    ../clib/signal.c                         0x00000000   Number         0  defsig_other.o ABSOLUTE
    ../clib/signal.c                         0x00000000   Number         0  defsig_rtmem_inner.o ABSOLUTE
    ../clib/signal.c                         0x00000000   Number         0  defsig_exit.o ABSOLUTE
    ../clib/signal.c                         0x00000000   Number         0  defsig_rtmem_formal.o ABSOLUTE
    ../clib/signal.c                         0x00000000   Number         0  defsig_general.o ABSOLUTE
    ../clib/signal.c                         0x00000000   Number         0  defsig_stak_inner.o ABSOLUTE
    ../clib/signal.c                         0x00000000   Number         0  defsig_pvfn_inner.o ABSOLUTE
    ../clib/signal.c                         0x00000000   Number         0  defsig_fpe_inner.o ABSOLUTE
    ../clib/signal.c                         0x00000000   Number         0  defsig_cppl_inner.o ABSOLUTE
    ../clib/signal.c                         0x00000000   Number         0  defsig_segv_inner.o ABSOLUTE
    ../clib/signal.c                         0x00000000   Number         0  defsig_fpe_formal.o ABSOLUTE
    ../clib/signal.c                         0x00000000   Number         0  defsig_fpe_outer.o ABSOLUTE
    ../clib/signal.c                         0x00000000   Number         0  defsig_abrt_inner.o ABSOLUTE
    ../clib/signal.c                         0x00000000   Number         0  __raise.o ABSOLUTE
    ../clib/signal.c                         0x00000000   Number         0  defsig_rtred_inner.o ABSOLUTE
    ../clib/signal.c                         0x00000000   Number         0  defsig_rtmem_outer.o ABSOLUTE
    ../clib/signal.s                         0x00000000   Number         0  defsig.o ABSOLUTE
    ../clib/stdlib.c                         0x00000000   Number         0  exit.o ABSOLUTE
    ../fplib/cfplib/fpinit.c                 0x00000000   Number         0  fpinit.o ABSOLUTE
    C:\Keil_v5\ARM\PACK\Nuvoton\NuMicro_DFP\1.0.7\Device\NANO100BN\Driver\clk.c 0x00000000   Number         0  clk.o ABSOLUTE
    C:\Keil_v5\ARM\PACK\Nuvoton\NuMicro_DFP\1.0.7\Device\NANO100BN\Driver\ebi.c 0x00000000   Number         0  ebi.o ABSOLUTE
    C:\Keil_v5\ARM\PACK\Nuvoton\NuMicro_DFP\1.0.7\Device\NANO100BN\Driver\gpio.c 0x00000000   Number         0  gpio.o ABSOLUTE
    C:\Keil_v5\ARM\PACK\Nuvoton\NuMicro_DFP\1.0.7\Device\NANO100BN\Driver\sys.c 0x00000000   Number         0  sys.o ABSOLUTE
    C:\Keil_v5\ARM\PACK\Nuvoton\NuMicro_DFP\1.0.7\Device\NANO100BN\Driver\uart.c 0x00000000   Number         0  uart.o ABSOLUTE
    C:\Keil_v5\ARM\PACK\Nuvoton\NuMicro_DFP\1.0.7\Device\NANO100BN\Driver\usbd.c 0x00000000   Number         0  usbd.o ABSOLUTE
    C:\\Keil_v5\\ARM\\PACK\\Nuvoton\\NuMicro_DFP\\1.0.7\\Device\\NANO100BN\\Driver\\clk.c 0x00000000   Number         0  clk.o ABSOLUTE
    C:\\Keil_v5\\ARM\\PACK\\Nuvoton\\NuMicro_DFP\\1.0.7\\Device\\NANO100BN\\Driver\\ebi.c 0x00000000   Number         0  ebi.o ABSOLUTE
    C:\\Keil_v5\\ARM\\PACK\\Nuvoton\\NuMicro_DFP\\1.0.7\\Device\\NANO100BN\\Driver\\gpio.c 0x00000000   Number         0  gpio.o ABSOLUTE
    C:\\Keil_v5\\ARM\\PACK\\Nuvoton\\NuMicro_DFP\\1.0.7\\Device\\NANO100BN\\Driver\\sys.c 0x00000000   Number         0  sys.o ABSOLUTE
    C:\\Keil_v5\\ARM\\PACK\\Nuvoton\\NuMicro_DFP\\1.0.7\\Device\\NANO100BN\\Driver\\uart.c 0x00000000   Number         0  uart.o ABSOLUTE
    C:\\Keil_v5\\ARM\\PACK\\Nuvoton\\NuMicro_DFP\\1.0.7\\Device\\NANO100BN\\Driver\\usbd.c 0x00000000   Number         0  usbd.o ABSOLUTE
    RTE\Device\NANO130KE3BN\retarget.c       0x00000000   Number         0  retarget.o ABSOLUTE
    RTE\Device\NANO130KE3BN\startup_Nano100Series.s 0x00000000   Number         0  startup_nano100series.o ABSOLUTE
    RTE\Device\NANO130KE3BN\system_Nano100Series.c 0x00000000   Number         0  system_nano100series.o ABSOLUTE
    RTE\\Device\\NANO130KE3BN\\retarget.c    0x00000000   Number         0  retarget.o ABSOLUTE
    RTE\\Device\\NANO130KE3BN\\system_Nano100Series.c 0x00000000   Number         0  system_nano100series.o ABSOLUTE
    SRC\\descriptors.c                       0x00000000   Number         0  descriptors.o ABSOLUTE
    SRC\\hid_transfer.c                      0x00000000   Number         0  hid_transfer.o ABSOLUTE
    SRC\descriptors.c                        0x00000000   Number         0  descriptors.o ABSOLUTE
    SRC\hid_transfer.c                       0x00000000   Number         0  hid_transfer.o ABSOLUTE
    dc.s                                     0x00000000   Number         0  dc.o ABSOLUTE
    font16.c                                 0x00000000   Number         0  font16.o ABSOLUTE
    img2.c                                   0x00000000   Number         0  img2.o ABSOLUTE
    main.c                                   0x00000000   Number         0  main.o ABSOLUTE
    main.c                                   0x00000000   Number         0  main.o ABSOLUTE
    tft.c                                    0x00000000   Number         0  tft.o ABSOLUTE
    tft.c                                    0x00000000   Number         0  tft.o ABSOLUTE
    !!!main                                  0x000000c0   Section        8  __main.o(!!!main)
    !!!scatter                               0x000000c8   Section       60  __scatter.o(!!!scatter)
    !!handler_zi                             0x00000104   Section       28  __scatter_zi.o(!!handler_zi)
    .ARM.Collect$$_printf_percent$$00000000  0x00000120   Section        2  _printf_percent.o(.ARM.Collect$$_printf_percent$$00000000)
    .ARM.Collect$$_printf_percent$$0000000C  0x00000122   Section       10  _printf_x.o(.ARM.Collect$$_printf_percent$$0000000C)
    .ARM.Collect$$_printf_percent$$00000017  0x0000012c   Section        4  _printf_percent_end.o(.ARM.Collect$$_printf_percent$$00000017)
    .ARM.Collect$$libinit$$00000000          0x00000130   Section        2  libinit.o(.ARM.Collect$$libinit$$00000000)
    .ARM.Collect$$libinit$$00000002          0x00000132   Section        0  libinit2.o(.ARM.Collect$$libinit$$00000002)
    .ARM.Collect$$libinit$$00000004          0x00000132   Section        0  libinit2.o(.ARM.Collect$$libinit$$00000004)
    .ARM.Collect$$libinit$$0000000A          0x00000132   Section        0  libinit2.o(.ARM.Collect$$libinit$$0000000A)
    .ARM.Collect$$libinit$$0000000C          0x00000132   Section        0  libinit2.o(.ARM.Collect$$libinit$$0000000C)
    .ARM.Collect$$libinit$$0000000E          0x00000132   Section        0  libinit2.o(.ARM.Collect$$libinit$$0000000E)
    .ARM.Collect$$libinit$$00000011          0x00000132   Section        0  libinit2.o(.ARM.Collect$$libinit$$00000011)
    .ARM.Collect$$libinit$$00000013          0x00000132   Section        0  libinit2.o(.ARM.Collect$$libinit$$00000013)
    .ARM.Collect$$libinit$$00000015          0x00000132   Section        0  libinit2.o(.ARM.Collect$$libinit$$00000015)
    .ARM.Collect$$libinit$$00000017          0x00000132   Section        0  libinit2.o(.ARM.Collect$$libinit$$00000017)
    .ARM.Collect$$libinit$$00000019          0x00000132   Section        0  libinit2.o(.ARM.Collect$$libinit$$00000019)
    .ARM.Collect$$libinit$$0000001B          0x00000132   Section        0  libinit2.o(.ARM.Collect$$libinit$$0000001B)
    .ARM.Collect$$libinit$$0000001D          0x00000132   Section        0  libinit2.o(.ARM.Collect$$libinit$$0000001D)
    .ARM.Collect$$libinit$$0000001F          0x00000132   Section        0  libinit2.o(.ARM.Collect$$libinit$$0000001F)
    .ARM.Collect$$libinit$$00000021          0x00000132   Section        0  libinit2.o(.ARM.Collect$$libinit$$00000021)
    .ARM.Collect$$libinit$$00000023          0x00000132   Section        0  libinit2.o(.ARM.Collect$$libinit$$00000023)
    .ARM.Collect$$libinit$$00000025          0x00000132   Section        0  libinit2.o(.ARM.Collect$$libinit$$00000025)
    .ARM.Collect$$libinit$$0000002C          0x00000132   Section        0  libinit2.o(.ARM.Collect$$libinit$$0000002C)
    .ARM.Collect$$libinit$$0000002E          0x00000132   Section        0  libinit2.o(.ARM.Collect$$libinit$$0000002E)
    .ARM.Collect$$libinit$$00000030          0x00000132   Section        0  libinit2.o(.ARM.Collect$$libinit$$00000030)
    .ARM.Collect$$libinit$$00000032          0x00000132   Section        0  libinit2.o(.ARM.Collect$$libinit$$00000032)
    .ARM.Collect$$libinit$$00000033          0x00000132   Section        2  libinit2.o(.ARM.Collect$$libinit$$00000033)
    .ARM.Collect$$libshutdown$$00000000      0x00000134   Section        2  libshutdown.o(.ARM.Collect$$libshutdown$$00000000)
    .ARM.Collect$$libshutdown$$00000002      0x00000136   Section        0  libshutdown2.o(.ARM.Collect$$libshutdown$$00000002)
    .ARM.Collect$$libshutdown$$00000004      0x00000136   Section        0  libshutdown2.o(.ARM.Collect$$libshutdown$$00000004)
    .ARM.Collect$$libshutdown$$00000007      0x00000136   Section        0  libshutdown2.o(.ARM.Collect$$libshutdown$$00000007)
    .ARM.Collect$$libshutdown$$0000000A      0x00000136   Section        0  libshutdown2.o(.ARM.Collect$$libshutdown$$0000000A)
    .ARM.Collect$$libshutdown$$0000000C      0x00000136   Section        0  libshutdown2.o(.ARM.Collect$$libshutdown$$0000000C)
    .ARM.Collect$$libshutdown$$0000000F      0x00000136   Section        0  libshutdown2.o(.ARM.Collect$$libshutdown$$0000000F)
    .ARM.Collect$$libshutdown$$00000010      0x00000136   Section        2  libshutdown2.o(.ARM.Collect$$libshutdown$$00000010)
    .ARM.Collect$$rtentry$$00000000          0x00000138   Section        0  __rtentry.o(.ARM.Collect$$rtentry$$00000000)
    .ARM.Collect$$rtentry$$00000002          0x00000138   Section        0  __rtentry2.o(.ARM.Collect$$rtentry$$00000002)
    .ARM.Collect$$rtentry$$00000004          0x00000138   Section        6  __rtentry4.o(.ARM.Collect$$rtentry$$00000004)
    .ARM.Collect$$rtentry$$00000009          0x0000013e   Section        0  __rtentry2.o(.ARM.Collect$$rtentry$$00000009)
    .ARM.Collect$$rtentry$$0000000A          0x0000013e   Section        4  __rtentry2.o(.ARM.Collect$$rtentry$$0000000A)
    .ARM.Collect$$rtentry$$0000000C          0x00000142   Section        0  __rtentry2.o(.ARM.Collect$$rtentry$$0000000C)
    .ARM.Collect$$rtentry$$0000000D          0x00000142   Section        8  __rtentry2.o(.ARM.Collect$$rtentry$$0000000D)
    .ARM.Collect$$rtexit$$00000000           0x0000014a   Section        2  rtexit.o(.ARM.Collect$$rtexit$$00000000)
    .ARM.Collect$$rtexit$$00000002           0x0000014c   Section        0  rtexit2.o(.ARM.Collect$$rtexit$$00000002)
    .ARM.Collect$$rtexit$$00000003           0x0000014c   Section        4  rtexit2.o(.ARM.Collect$$rtexit$$00000003)
    .ARM.Collect$$rtexit$$00000004           0x00000150   Section        6  rtexit2.o(.ARM.Collect$$rtexit$$00000004)
    .emb_text                                0x00000158   Section       28  retarget.o(.emb_text)
    .text                                    0x00000174   Section       96  startup_nano100series.o(.text)
    .text                                    0x000001d4   Section        0  noretval__2printf.o(.text)
    .text                                    0x000001f0   Section        0  _printf_hex_int.o(.text)
    .text                                    0x00000248   Section        0  __printf_wp.o(.text)
    .text                                    0x00000356   Section      346  aeabi_sdiv.o(.text)
    .text                                    0x000004b0   Section        0  heapauxi.o(.text)
    .text                                    0x000004b6   Section        0  _printf_intcommon.o(.text)
    .text                                    0x00000568   Section        0  _printf_char_file.o(.text)
    .text                                    0x00000590   Section        0  _printf_char_common.o(.text)
    _printf_input_char                       0x00000591   Thumb Code    10  _printf_char_common.o(.text)
    .text                                    0x000005c0   Section       62  sys_stackheap_outer.o(.text)
    .text                                    0x000005fe   Section        0  exit.o(.text)
    .text                                    0x00000610   Section        8  libspace.o(.text)
    .text                                    0x00000618   Section        0  sys_exit.o(.text)
    .text                                    0x00000624   Section        2  use_no_semi.o(.text)
    .text                                    0x00000626   Section        0  __dczerorl2.o(.text)
    .text                                    0x00000626   Section        0  indicate_semi.o(.text)
    i.BlockWrite                             0x0000067c   Section        0  tft.o(i.BlockWrite)
    i.CLK_EnableModuleClock                  0x000006c8   Section        0  clk.o(i.CLK_EnableModuleClock)
    i.CLK_EnablePLL                          0x000006ec   Section        0  clk.o(i.CLK_EnablePLL)
    i.CLK_EnableXtalRC                       0x000007cc   Section        0  clk.o(i.CLK_EnableXtalRC)
    i.CLK_GetPLLClockFreq                    0x00000818   Section        0  clk.o(i.CLK_GetPLLClockFreq)
    i.CLK_SetHCLK                            0x00000898   Section        0  clk.o(i.CLK_SetHCLK)
    i.CLK_SetModuleClock                     0x000008fc   Section        0  clk.o(i.CLK_SetModuleClock)
    i.CLK_SysTickDelay                       0x00000960   Section        0  clk.o(i.CLK_SysTickDelay)
    i.CLK_WaitClockReady                     0x00000994   Section        0  clk.o(i.CLK_WaitClockReady)
    i.EBI_Open                               0x000009bc   Section        0  ebi.o(i.EBI_Open)
    i.EP2_Handler                            0x00000b14   Section        0  hid_transfer.o(i.EP2_Handler)
    i.EP3_Handler                            0x00000b20   Section        0  hid_transfer.o(i.EP3_Handler)
    i.GPIO_SetMode                           0x00000b40   Section        0  gpio.o(i.GPIO_SetMode)
    i.HID_ClassRequest                       0x00000b70   Section        0  hid_transfer.o(i.HID_ClassRequest)
    i.HID_Init                               0x00000bf4   Section        0  hid_transfer.o(i.HID_Init)
    i.HID_input                              0x00000c2c   Section        0  hid_transfer.o(i.HID_input)
    i.HID_output                             0x00000c70   Section        0  hid_transfer.o(i.HID_output)
    i.Hard_Fault_Handler                     0x00000cbc   Section        0  retarget.o(i.Hard_Fault_Handler)
    __tagsym$$used                           0x00000cbd   Number         0  retarget.o(i.Hard_Fault_Handler)
    i.NVIC_SetPriority                       0x00000ce8   Section        0  main.o(i.NVIC_SetPriority)
    NVIC_SetPriority                         0x00000ce9   Thumb Code   110  main.o(i.NVIC_SetPriority)
    i.SendChar                               0x00000d60   Section        0  retarget.o(i.SendChar)
    i.SendChar_ToUART                        0x00000d6c   Section        0  retarget.o(i.SendChar_ToUART)
    i.SysGet_HCLKFreq                        0x00000da0   Section        0  system_nano100series.o(i.SysGet_HCLKFreq)
    i.SysGet_PLLClockFreq                    0x00000df0   Section        0  system_nano100series.o(i.SysGet_PLLClockFreq)
    i.SysTick_Handler                        0x00000e70   Section        0  main.o(i.SysTick_Handler)
    i.SystemCoreClockUpdate                  0x00000e80   Section        0  system_nano100series.o(i.SystemCoreClockUpdate)
    i.USBD_CtrlIn                            0x00000eac   Section        0  usbd.o(i.USBD_CtrlIn)
    i.USBD_CtrlOut                           0x00000f74   Section        0  usbd.o(i.USBD_CtrlOut)
    i.USBD_GetDescriptor                     0x00000fc0   Section        0  usbd.o(i.USBD_GetDescriptor)
    i.USBD_GetSetupPacket                    0x00001158   Section        0  usbd.o(i.USBD_GetSetupPacket)
    i.USBD_IRQHandler                        0x0000116c   Section        0  hid_transfer.o(i.USBD_IRQHandler)
    i.USBD_MemCopy                           0x000012dc   Section        0  usbd.o(i.USBD_MemCopy)
    USBD_MemCopy                             0x000012dd   Thumb Code    22  usbd.o(i.USBD_MemCopy)
    i.USBD_Open                              0x000012f4   Section        0  usbd.o(i.USBD_Open)
    i.USBD_PrepareCtrlIn                     0x0000134c   Section        0  usbd.o(i.USBD_PrepareCtrlIn)
    i.USBD_PrepareCtrlOut                    0x000013d4   Section        0  usbd.o(i.USBD_PrepareCtrlOut)
    i.USBD_ProcessSetupPacket                0x00001400   Section        0  usbd.o(i.USBD_ProcessSetupPacket)
    i.USBD_SetStall                          0x0000147c   Section        0  hid_transfer.o(i.USBD_SetStall)
    USBD_SetStall                            0x0000147d   Thumb Code    42  hid_transfer.o(i.USBD_SetStall)
    i.USBD_StandardRequest                   0x000014ac   Section        0  usbd.o(i.USBD_StandardRequest)
    i.USBD_Start                             0x000017f0   Section        0  usbd.o(i.USBD_Start)
    i.USBD_SwReset                           0x0000181c   Section        0  usbd.o(i.USBD_SwReset)
    i.WriteComm                              0x00001880   Section        0  tft.o(i.WriteComm)
    i.WriteData                              0x00001894   Section        0  tft.o(i.WriteData)
    i.__ARM_common_switch8                   0x000018a8   Section        0  ebi.o(i.__ARM_common_switch8)
    i._is_digit                              0x000018c4   Section        0  __printf_wp.o(i._is_digit)
    i.delay_ms                               0x000018d4   Section        0  main.o(i.delay_ms)
    i.ferror                                 0x000018ec   Section        0  retarget.o(i.ferror)
    i.fputc                                  0x000018f4   Section        0  retarget.o(i.fputc)
    i.init_EBI                               0x00001904   Section        0  main.o(i.init_EBI)
    i.init_TFT                               0x00001b30   Section        0  tft.o(i.init_TFT)
    i.init_USB                               0x00001de4   Section        0  hid_transfer.o(i.init_USB)
    i.main                                   0x00001e90   Section        0  main.o(i.main)
    i.stackDump                              0x00001efc   Section        0  retarget.o(i.stackDump)
    i.tft_color                              0x00001fa4   Section        0  tft.o(i.tft_color)
    i.tft_img2                               0x00001fdc   Section        0  tft.o(i.tft_img2)
    i.tft_test                               0x0000203c   Section        0  tft.o(i.tft_test)
    i.usb_test                               0x00002070   Section        0  main.o(i.usb_test)
    .constdata                               0x0000210c   Section    78000  img2.o(.constdata)
    .constdata                               0x000151bc   Section       16  clk.o(.constdata)
    .constdata                               0x000151cc   Section       40  _printf_hex_int.o(.constdata)
    uc_hextab                                0x000151cc   Data          20  _printf_hex_int.o(.constdata)
    lc_hextab                                0x000151e0   Data          20  _printf_hex_int.o(.constdata)
    .data                                    0x20000000   Section       16  main.o(.data)
    .data                                    0x20000010   Section       68  usbd.o(.data)
    g_usbd_CtrlInPointer                     0x2000001c   Data           4  usbd.o(.data)
    g_usbd_CtrlInSize                        0x20000020   Data           4  usbd.o(.data)
    g_usbd_CtrlOutPointer                    0x20000024   Data           4  usbd.o(.data)
    g_usbd_CtrlOutSize                       0x20000028   Data           4  usbd.o(.data)
    g_usbd_CtrlOutSizeLimit                  0x2000002c   Data           4  usbd.o(.data)
    g_usbd_UsbAddr                           0x20000030   Data           4  usbd.o(.data)
    g_usbd_CtrlMaxPktSize                    0x20000034   Data           4  usbd.o(.data)
    g_usbd_UsbAltInterface                   0x20000038   Data           4  usbd.o(.data)
    .data                                    0x20000054   Section        8  retarget.o(.data)
    .data                                    0x2000005c   Section        8  system_nano100series.o(.data)
    .data                                    0x20000064   Section       13  hid_transfer.o(.data)
    .data                                    0x20000074   Section      212  descriptors.o(.data)
    .bss                                     0x20000148   Section       64  hid_transfer.o(.bss)
    .bss                                     0x20000188   Section       96  libspace.o(.bss)
    HEAP                                     0x200001e8   Section     1280  startup_nano100series.o(HEAP)
    Heap_Mem                                 0x200001e8   Data        1280  startup_nano100series.o(HEAP)
    STACK                                    0x200006e8   Section     1280  startup_nano100series.o(STACK)
    Stack_Mem                                0x200006e8   Data        1280  startup_nano100series.o(STACK)
    __initial_sp                             0x20000be8   Data           0  startup_nano100series.o(STACK)

    Global Symbols

    Symbol Name                              Value     Ov Type        Size  Object(Section)

    BuildAttributes$$THM_ISAv3M$S$PE$A:L22$X:L11$S22$IEEE1$IW$USESV6$~STKCKD$USESV7$~SHL$OSPACE$ROPI$EBA8$UX$STANDARDLIB$REQ8$PRES8$EABIv2 0x00000000   Number         0  anon$$obj.o ABSOLUTE
    __ARM_use_no_argv                        0x00000000   Number         0  main.o ABSOLUTE
    __Vectors                                0x00000000   Data           4  startup_nano100series.o(RESET)
    _printf_flags                            0x00000000   Number         0  printf_stubs.o ABSOLUTE
    _printf_return_value                     0x00000000   Number         0  printf_stubs.o ABSOLUTE
    _printf_sizespec                         0x00000000   Number         0  printf_stubs.o ABSOLUTE
    _printf_widthprec                        0x00000000   Number         0  printf_stubs.o ABSOLUTE
    __ARM_exceptions_init                     - Undefined Weak Reference
    __alloca_initialize                       - Undefined Weak Reference
    __arm_preinit_                            - Undefined Weak Reference
    __cpp_initialize__aeabi_                  - Undefined Weak Reference
    __cxa_finalize                            - Undefined Weak Reference
    __rt_locale                               - Undefined Weak Reference
    __sigvec_lookup                           - Undefined Weak Reference
    _atexit_init                              - Undefined Weak Reference
    _call_atexit_fns                          - Undefined Weak Reference
    _clock_init                               - Undefined Weak Reference
    _fp_trap_init                             - Undefined Weak Reference
    _fp_trap_shutdown                         - Undefined Weak Reference
    _get_lc_collate                           - Undefined Weak Reference
    _get_lc_ctype                             - Undefined Weak Reference
    _get_lc_monetary                          - Undefined Weak Reference
    _get_lc_numeric                           - Undefined Weak Reference
    _get_lc_time                              - Undefined Weak Reference
    _getenv_init                              - Undefined Weak Reference
    _handle_redirection                       - Undefined Weak Reference
    _init_alloc                               - Undefined Weak Reference
    _init_user_alloc                          - Undefined Weak Reference
    _initio                                   - Undefined Weak Reference
    _printf_post_padding                      - Undefined Weak Reference
    _printf_pre_padding                       - Undefined Weak Reference
    _printf_truncate_unsigned                 - Undefined Weak Reference
    _rand_init                                - Undefined Weak Reference
    _signal_finish                            - Undefined Weak Reference
    _signal_init                              - Undefined Weak Reference
    _terminate_alloc                          - Undefined Weak Reference
    _terminate_user_alloc                     - Undefined Weak Reference
    _terminateio                              - Undefined Weak Reference
    __main                                   0x000000c1   Thumb Code     8  __main.o(!!!main)
    __scatterload                            0x000000c9   Thumb Code     0  __scatter.o(!!!scatter)
    __scatterload_rt2                        0x000000c9   Thumb Code    52  __scatter.o(!!!scatter)
    __scatterload_rt2_thumb_only             0x000000c9   Thumb Code     0  __scatter.o(!!!scatter)
    __scatterload_null                       0x000000d9   Thumb Code     0  __scatter.o(!!!scatter)
    __scatterload_zeroinit                   0x00000105   Thumb Code    28  __scatter_zi.o(!!handler_zi)
    _printf_percent                          0x00000121   Thumb Code     0  _printf_percent.o(.ARM.Collect$$_printf_percent$$00000000)
    _printf_x                                0x00000123   Thumb Code     0  _printf_x.o(.ARM.Collect$$_printf_percent$$0000000C)
    _printf_percent_end                      0x0000012d   Thumb Code     0  _printf_percent_end.o(.ARM.Collect$$_printf_percent$$00000017)
    __rt_lib_init                            0x00000131   Thumb Code     0  libinit.o(.ARM.Collect$$libinit$$00000000)
    __rt_lib_init_alloca_1                   0x00000133   Thumb Code     0  libinit2.o(.ARM.Collect$$libinit$$0000002E)
    __rt_lib_init_argv_1                     0x00000133   Thumb Code     0  libinit2.o(.ARM.Collect$$libinit$$0000002C)
    __rt_lib_init_atexit_1                   0x00000133   Thumb Code     0  libinit2.o(.ARM.Collect$$libinit$$0000001B)
    __rt_lib_init_clock_1                    0x00000133   Thumb Code     0  libinit2.o(.ARM.Collect$$libinit$$00000021)
    __rt_lib_init_cpp_1                      0x00000133   Thumb Code     0  libinit2.o(.ARM.Collect$$libinit$$00000032)
    __rt_lib_init_exceptions_1               0x00000133   Thumb Code     0  libinit2.o(.ARM.Collect$$libinit$$00000030)
    __rt_lib_init_fp_1                       0x00000133   Thumb Code     0  libinit2.o(.ARM.Collect$$libinit$$00000002)
    __rt_lib_init_fp_trap_1                  0x00000133   Thumb Code     0  libinit2.o(.ARM.Collect$$libinit$$0000001F)
    __rt_lib_init_getenv_1                   0x00000133   Thumb Code     0  libinit2.o(.ARM.Collect$$libinit$$00000023)
    __rt_lib_init_heap_1                     0x00000133   Thumb Code     0  libinit2.o(.ARM.Collect$$libinit$$0000000A)
    __rt_lib_init_lc_collate_1               0x00000133   Thumb Code     0  libinit2.o(.ARM.Collect$$libinit$$00000011)
    __rt_lib_init_lc_ctype_1                 0x00000133   Thumb Code     0  libinit2.o(.ARM.Collect$$libinit$$00000013)
    __rt_lib_init_lc_monetary_1              0x00000133   Thumb Code     0  libinit2.o(.ARM.Collect$$libinit$$00000015)
    __rt_lib_init_lc_numeric_1               0x00000133   Thumb Code     0  libinit2.o(.ARM.Collect$$libinit$$00000017)
    __rt_lib_init_lc_time_1                  0x00000133   Thumb Code     0  libinit2.o(.ARM.Collect$$libinit$$00000019)
    __rt_lib_init_preinit_1                  0x00000133   Thumb Code     0  libinit2.o(.ARM.Collect$$libinit$$00000004)
    __rt_lib_init_rand_1                     0x00000133   Thumb Code     0  libinit2.o(.ARM.Collect$$libinit$$0000000E)
    __rt_lib_init_return                     0x00000133   Thumb Code     0  libinit2.o(.ARM.Collect$$libinit$$00000033)
    __rt_lib_init_signal_1                   0x00000133   Thumb Code     0  libinit2.o(.ARM.Collect$$libinit$$0000001D)
    __rt_lib_init_stdio_1                    0x00000133   Thumb Code     0  libinit2.o(.ARM.Collect$$libinit$$00000025)
    __rt_lib_init_user_alloc_1               0x00000133   Thumb Code     0  libinit2.o(.ARM.Collect$$libinit$$0000000C)
    __rt_lib_shutdown                        0x00000135   Thumb Code     0  libshutdown.o(.ARM.Collect$$libshutdown$$00000000)
    __rt_lib_shutdown_cpp_1                  0x00000137   Thumb Code     0  libshutdown2.o(.ARM.Collect$$libshutdown$$00000002)
    __rt_lib_shutdown_fp_trap_1              0x00000137   Thumb Code     0  libshutdown2.o(.ARM.Collect$$libshutdown$$00000007)
    __rt_lib_shutdown_heap_1                 0x00000137   Thumb Code     0  libshutdown2.o(.ARM.Collect$$libshutdown$$0000000F)
    __rt_lib_shutdown_return                 0x00000137   Thumb Code     0  libshutdown2.o(.ARM.Collect$$libshutdown$$00000010)
    __rt_lib_shutdown_signal_1               0x00000137   Thumb Code     0  libshutdown2.o(.ARM.Collect$$libshutdown$$0000000A)
    __rt_lib_shutdown_stdio_1                0x00000137   Thumb Code     0  libshutdown2.o(.ARM.Collect$$libshutdown$$00000004)
    __rt_lib_shutdown_user_alloc_1           0x00000137   Thumb Code     0  libshutdown2.o(.ARM.Collect$$libshutdown$$0000000C)
    __rt_entry                               0x00000139   Thumb Code     0  __rtentry.o(.ARM.Collect$$rtentry$$00000000)
    __rt_entry_presh_1                       0x00000139   Thumb Code     0  __rtentry2.o(.ARM.Collect$$rtentry$$00000002)
    __rt_entry_sh                            0x00000139   Thumb Code     0  __rtentry4.o(.ARM.Collect$$rtentry$$00000004)
    __rt_entry_li                            0x0000013f   Thumb Code     0  __rtentry2.o(.ARM.Collect$$rtentry$$0000000A)
    __rt_entry_postsh_1                      0x0000013f   Thumb Code     0  __rtentry2.o(.ARM.Collect$$rtentry$$00000009)
    __rt_entry_main                          0x00000143   Thumb Code     0  __rtentry2.o(.ARM.Collect$$rtentry$$0000000D)
    __rt_entry_postli_1                      0x00000143   Thumb Code     0  __rtentry2.o(.ARM.Collect$$rtentry$$0000000C)
    __rt_exit                                0x0000014b   Thumb Code     0  rtexit.o(.ARM.Collect$$rtexit$$00000000)
    __rt_exit_ls                             0x0000014d   Thumb Code     0  rtexit2.o(.ARM.Collect$$rtexit$$00000003)
    __rt_exit_prels_1                        0x0000014d   Thumb Code     0  rtexit2.o(.ARM.Collect$$rtexit$$00000002)
    __rt_exit_exit                           0x00000151   Thumb Code     0  rtexit2.o(.ARM.Collect$$rtexit$$00000004)
    HardFault_Handler                        0x00000159   Thumb Code    24  retarget.o(.emb_text)
    Reset_Handler                            0x00000175   Thumb Code    28  startup_nano100series.o(.text)
    NMI_Handler                              0x00000191   Thumb Code     2  startup_nano100series.o(.text)
    SVC_Handler                              0x00000195   Thumb Code     2  startup_nano100series.o(.text)
    PendSV_Handler                           0x00000197   Thumb Code     2  startup_nano100series.o(.text)
    ADC_IRQHandler                           0x0000019b   Thumb Code     0  startup_nano100series.o(.text)
    BOD_IRQHandler                           0x0000019b   Thumb Code     0  startup_nano100series.o(.text)
    DAC_IRQHandler                           0x0000019b   Thumb Code     0  startup_nano100series.o(.text)
    EINT0_IRQHandler                         0x0000019b   Thumb Code     0  startup_nano100series.o(.text)
    EINT1_IRQHandler                         0x0000019b   Thumb Code     0  startup_nano100series.o(.text)
    GPABC_IRQHandler                         0x0000019b   Thumb Code     0  startup_nano100series.o(.text)
    GPDEF_IRQHandler                         0x0000019b   Thumb Code     0  startup_nano100series.o(.text)
    HIRC_IRQHandler                          0x0000019b   Thumb Code     0  startup_nano100series.o(.text)
    I2C0_IRQHandler                          0x0000019b   Thumb Code     0  startup_nano100series.o(.text)
    I2C1_IRQHandler                          0x0000019b   Thumb Code     0  startup_nano100series.o(.text)
    I2S_IRQHandler                           0x0000019b   Thumb Code     0  startup_nano100series.o(.text)
    LCD_IRQHandler                           0x0000019b   Thumb Code     0  startup_nano100series.o(.text)
    PDMA_IRQHandler                          0x0000019b   Thumb Code     0  startup_nano100series.o(.text)
    PDWU_IRQHandler                          0x0000019b   Thumb Code     0  startup_nano100series.o(.text)
    PWM0_IRQHandler                          0x0000019b   Thumb Code     0  startup_nano100series.o(.text)
    PWM1_IRQHandler                          0x0000019b   Thumb Code     0  startup_nano100series.o(.text)
    RTC_IRQHandler                           0x0000019b   Thumb Code     0  startup_nano100series.o(.text)
    SC0_IRQHandler                           0x0000019b   Thumb Code     0  startup_nano100series.o(.text)
    SC1_IRQHandler                           0x0000019b   Thumb Code     0  startup_nano100series.o(.text)
    SC2_IRQHandler                           0x0000019b   Thumb Code     0  startup_nano100series.o(.text)
    SPI0_IRQHandler                          0x0000019b   Thumb Code     0  startup_nano100series.o(.text)
    SPI1_IRQHandler                          0x0000019b   Thumb Code     0  startup_nano100series.o(.text)
    SPI2_IRQHandler                          0x0000019b   Thumb Code     0  startup_nano100series.o(.text)
    TMR0_IRQHandler                          0x0000019b   Thumb Code     0  startup_nano100series.o(.text)
    TMR1_IRQHandler                          0x0000019b   Thumb Code     0  startup_nano100series.o(.text)
    TMR2_IRQHandler                          0x0000019b   Thumb Code     0  startup_nano100series.o(.text)
    TMR3_IRQHandler                          0x0000019b   Thumb Code     0  startup_nano100series.o(.text)
    UART0_IRQHandler                         0x0000019b   Thumb Code     0  startup_nano100series.o(.text)
    UART1_IRQHandler                         0x0000019b   Thumb Code     0  startup_nano100series.o(.text)
    WDT_IRQHandler                           0x0000019b   Thumb Code     0  startup_nano100series.o(.text)
    __user_initial_stackheap                 0x0000019d   Thumb Code     0  startup_nano100series.o(.text)
    __2printf                                0x000001d5   Thumb Code    22  noretval__2printf.o(.text)
    _printf_int_hex                          0x000001f1   Thumb Code    84  _printf_hex_int.o(.text)
    _printf_longlong_hex                     0x000001f1   Thumb Code     0  _printf_hex_int.o(.text)
    __printf                                 0x00000249   Thumb Code   270  __printf_wp.o(.text)
    __aeabi_uidiv                            0x00000357   Thumb Code     0  aeabi_sdiv.o(.text)
    __aeabi_uidivmod                         0x00000357   Thumb Code    20  aeabi_sdiv.o(.text)
    __aeabi_idiv                             0x0000036b   Thumb Code     0  aeabi_sdiv.o(.text)
    __aeabi_idivmod                          0x0000036b   Thumb Code   326  aeabi_sdiv.o(.text)
    __use_two_region_memory                  0x000004b1   Thumb Code     2  heapauxi.o(.text)
    __rt_heap_escrow$2region                 0x000004b3   Thumb Code     2  heapauxi.o(.text)
    __rt_heap_expand$2region                 0x000004b5   Thumb Code     2  heapauxi.o(.text)
    _printf_int_common                       0x000004b7   Thumb Code   176  _printf_intcommon.o(.text)
    _printf_char_file                        0x00000569   Thumb Code    34  _printf_char_file.o(.text)
    _printf_char_common                      0x0000059b   Thumb Code    32  _printf_char_common.o(.text)
    __user_setup_stackheap                   0x000005c1   Thumb Code    62  sys_stackheap_outer.o(.text)
    exit                                     0x000005ff   Thumb Code    16  exit.o(.text)
    __user_libspace                          0x00000611   Thumb Code     8  libspace.o(.text)
    __user_perproc_libspace                  0x00000611   Thumb Code     0  libspace.o(.text)
    __user_perthread_libspace                0x00000611   Thumb Code     0  libspace.o(.text)
    _sys_exit                                0x00000619   Thumb Code     8  sys_exit.o(.text)
    __I$use$semihosting                      0x00000625   Thumb Code     0  use_no_semi.o(.text)
    __use_no_semihosting_swi                 0x00000625   Thumb Code     2  use_no_semi.o(.text)
    __decompress                             0x00000627   Thumb Code     0  __dczerorl2.o(.text)
    __decompress1                            0x00000627   Thumb Code    86  __dczerorl2.o(.text)
    __semihosting_library_function           0x00000627   Thumb Code     0  indicate_semi.o(.text)
    BlockWrite                               0x0000067d   Thumb Code    76  tft.o(i.BlockWrite)
    CLK_EnableModuleClock                    0x000006c9   Thumb Code    32  clk.o(i.CLK_EnableModuleClock)
    CLK_EnablePLL                            0x000006ed   Thumb Code   200  clk.o(i.CLK_EnablePLL)
    CLK_EnableXtalRC                         0x000007cd   Thumb Code    72  clk.o(i.CLK_EnableXtalRC)
    CLK_GetPLLClockFreq                      0x00000819   Thumb Code   120  clk.o(i.CLK_GetPLLClockFreq)
    CLK_SetHCLK                              0x00000899   Thumb Code    94  clk.o(i.CLK_SetHCLK)
    CLK_SetModuleClock                       0x000008fd   Thumb Code    94  clk.o(i.CLK_SetModuleClock)
    CLK_SysTickDelay                         0x00000961   Thumb Code    42  clk.o(i.CLK_SysTickDelay)
    CLK_WaitClockReady                       0x00000995   Thumb Code    32  clk.o(i.CLK_WaitClockReady)
    EBI_Open                                 0x000009bd   Thumb Code   306  ebi.o(i.EBI_Open)
    EP2_Handler                              0x00000b15   Thumb Code     8  hid_transfer.o(i.EP2_Handler)
    EP3_Handler                              0x00000b21   Thumb Code    18  hid_transfer.o(i.EP3_Handler)
    GPIO_SetMode                             0x00000b41   Thumb Code    46  gpio.o(i.GPIO_SetMode)
    HID_ClassRequest                         0x00000b71   Thumb Code   128  hid_transfer.o(i.HID_ClassRequest)
    HID_Init                                 0x00000bf5   Thumb Code    52  hid_transfer.o(i.HID_Init)
    HID_input                                0x00000c2d   Thumb Code    56  hid_transfer.o(i.HID_input)
    HID_output                               0x00000c71   Thumb Code    66  hid_transfer.o(i.HID_output)
    Hard_Fault_Handler                       0x00000cbd   Thumb Code    18  retarget.o(i.Hard_Fault_Handler)
    SendChar                                 0x00000d61   Thumb Code    12  retarget.o(i.SendChar)
    SendChar_ToUART                          0x00000d6d   Thumb Code    48  retarget.o(i.SendChar_ToUART)
    SysGet_HCLKFreq                          0x00000da1   Thumb Code    68  system_nano100series.o(i.SysGet_HCLKFreq)
    SysGet_PLLClockFreq                      0x00000df1   Thumb Code   120  system_nano100series.o(i.SysGet_PLLClockFreq)
    SysTick_Handler                          0x00000e71   Thumb Code    12  main.o(i.SysTick_Handler)
    SystemCoreClockUpdate                    0x00000e81   Thumb Code    30  system_nano100series.o(i.SystemCoreClockUpdate)
    USBD_CtrlIn                              0x00000ead   Thumb Code   172  usbd.o(i.USBD_CtrlIn)
    USBD_CtrlOut                             0x00000f75   Thumb Code    56  usbd.o(i.USBD_CtrlOut)
    USBD_GetDescriptor                       0x00000fc1   Thumb Code   394  usbd.o(i.USBD_GetDescriptor)
    USBD_GetSetupPacket                      0x00001159   Thumb Code    16  usbd.o(i.USBD_GetSetupPacket)
    USBD_IRQHandler                          0x0000116d   Thumb Code   362  hid_transfer.o(i.USBD_IRQHandler)
    USBD_Open                                0x000012f5   Thumb Code    62  usbd.o(i.USBD_Open)
    USBD_PrepareCtrlIn                       0x0000134d   Thumb Code   114  usbd.o(i.USBD_PrepareCtrlIn)
    USBD_PrepareCtrlOut                      0x000013d5   Thumb Code    24  usbd.o(i.USBD_PrepareCtrlOut)
    USBD_ProcessSetupPacket                  0x00001401   Thumb Code   104  usbd.o(i.USBD_ProcessSetupPacket)
    USBD_StandardRequest                     0x000014ad   Thumb Code   788  usbd.o(i.USBD_StandardRequest)
    USBD_Start                               0x000017f1   Thumb Code    34  usbd.o(i.USBD_Start)
    USBD_SwReset                             0x0000181d   Thumb Code    70  usbd.o(i.USBD_SwReset)
    WriteComm                                0x00001881   Thumb Code    14  tft.o(i.WriteComm)
    WriteData                                0x00001895   Thumb Code    14  tft.o(i.WriteData)
    __ARM_common_switch8                     0x000018a9   Thumb Code    28  ebi.o(i.__ARM_common_switch8)
    _is_digit                                0x000018c5   Thumb Code    14  __printf_wp.o(i._is_digit)
    delay_ms                                 0x000018d5   Thumb Code    18  main.o(i.delay_ms)
    ferror                                   0x000018ed   Thumb Code     8  retarget.o(i.ferror)
    fputc                                    0x000018f5   Thumb Code    16  retarget.o(i.fputc)
    init_EBI                                 0x00001905   Thumb Code   538  main.o(i.init_EBI)
    init_TFT                                 0x00001b31   Thumb Code   688  tft.o(i.init_TFT)
    init_USB                                 0x00001de5   Thumb Code   142  hid_transfer.o(i.init_USB)
    main                                     0x00001e91   Thumb Code    94  main.o(i.main)
    stackDump                                0x00001efd   Thumb Code    70  retarget.o(i.stackDump)
    tft_color                                0x00001fa5   Thumb Code    56  tft.o(i.tft_color)
    tft_img2                                 0x00001fdd   Thumb Code    90  tft.o(i.tft_img2)
    tft_test                                 0x0000203d   Thumb Code    44  tft.o(i.tft_test)
    usb_test                                 0x00002071   Thumb Code   146  main.o(i.usb_test)
    img2                                     0x0000210c   Data       78000  img2.o(.constdata)
    Region$$Table$$Base                      0x000151f4   Number         0  anon$$obj.o(Region$$Table)
    Region$$Table$$Limit                     0x00015214   Number         0  anon$$obj.o(Region$$Table)
    tick                                     0x20000000   Data           4  main.o(.data)
    cnt                                      0x20000004   Data           4  main.o(.data)
    cc                                       0x20000008   Data           2  main.o(.data)
    sta                                      0x2000000a   Data           2  main.o(.data)
    wh                                       0x2000000c   Data           4  main.o(.data)
    g_usbd_SetupPacket                       0x20000010   Data           8  usbd.o(.data)
    g_usbd_RemoteWakeupEn                    0x20000018   Data           1  usbd.o(.data)
    g_usbd_UsbConfig                         0x2000003c   Data           4  usbd.o(.data)
    g_usbd_sInfo                             0x20000040   Data           4  usbd.o(.data)
    g_usbd_pfnVendorRequest                  0x20000044   Data           4  usbd.o(.data)
    g_usbd_pfnClassRequest                   0x20000048   Data           4  usbd.o(.data)
    g_usbd_pfnSetInterface                   0x2000004c   Data           4  usbd.o(.data)
    g_u32EpStallLock                         0x20000050   Data           4  usbd.o(.data)
    __stdout                                 0x20000054   Data           4  retarget.o(.data)
    __stdin                                  0x20000058   Data           4  retarget.o(.data)
    SystemCoreClock                          0x2000005c   Data           4  system_nano100series.o(.data)
    CyclesPerUs                              0x20000060   Data           4  system_nano100series.o(.data)
    g_u8EP2Ready                             0x20000064   Data           1  hid_transfer.o(.data)
    urx_busy                                 0x20000068   Data           4  hid_transfer.o(.data)
    utx_busy                                 0x2000006c   Data           4  hid_transfer.o(.data)
    urx_ln                                   0x20000070   Data           1  hid_transfer.o(.data)
    HID_DeviceReportDescriptor               0x20000074   Data          29  descriptors.o(.data)
    gu8DeviceDescriptor                      0x20000091   Data          18  descriptors.o(.data)
    gu8ConfigDescriptor                      0x200000a3   Data          41  descriptors.o(.data)
    gu8StringLang                            0x200000cc   Data           4  descriptors.o(.data)
    gu8VendorStringDesc                      0x200000d0   Data          16  descriptors.o(.data)
    gu8ProductStringDesc                     0x200000e0   Data          26  descriptors.o(.data)
    gpu8UsbString                            0x200000fc   Data          16  descriptors.o(.data)
    gu8UsbHidReport                          0x2000010c   Data          12  descriptors.o(.data)
    gu32UsbHidReportLen                      0x20000118   Data          12  descriptors.o(.data)
    gu32ConfigHidDescIdx                     0x20000124   Data          12  descriptors.o(.data)
    gsInfo                                   0x20000130   Data          24  descriptors.o(.data)
    urx_buf                                  0x20000148   Data          64  hid_transfer.o(.bss)
    __libspace_start                         0x20000188   Data          96  libspace.o(.bss)
    __temporary_stack_top$libspace           0x200001e8   Data           0  libspace.o(.bss)



==============================================================================

Memory Map of the image

  Image Entry point : 0x00000175

  Load Region LR_1 (Base: 0x00000000, Size: 0x0001535c, Max: 0xffffffff, ABSOLUTE, COMPRESSED[0x000152c4])

    Execution Region ER_RO (Base: 0x00000000, Size: 0x00015214, Max: 0xffffffff, ABSOLUTE)

    Base Addr    Size         Type   Attr      Idx    E Section Name        Object

    0x00000000   0x000000c0   Data   RO          887    RESET               startup_nano100series.o
    0x000000c0   0x00000008   Code   RO         1207  * !!!main             c_p.l(__main.o)
    0x000000c8   0x0000003c   Code   RO         1385    !!!scatter          c_p.l(__scatter.o)
    0x00000104   0x0000001c   Code   RO         1387    !!handler_zi        c_p.l(__scatter_zi.o)
    0x00000120   0x00000002   Code   RO         1200    .ARM.Collect$$_printf_percent$$00000000  c_p.l(_printf_percent.o)
    0x00000122   0x0000000a   Code   RO         1199    .ARM.Collect$$_printf_percent$$0000000C  c_p.l(_printf_x.o)
    0x0000012c   0x00000004   Code   RO         1218    .ARM.Collect$$_printf_percent$$00000017  c_p.l(_printf_percent_end.o)
    0x00000130   0x00000002   Code   RO         1254    .ARM.Collect$$libinit$$00000000  c_p.l(libinit.o)
    0x00000132   0x00000000   Code   RO         1268    .ARM.Collect$$libinit$$00000002  c_p.l(libinit2.o)
    0x00000132   0x00000000   Code   RO         1270    .ARM.Collect$$libinit$$00000004  c_p.l(libinit2.o)
    0x00000132   0x00000000   Code   RO         1273    .ARM.Collect$$libinit$$0000000A  c_p.l(libinit2.o)
    0x00000132   0x00000000   Code   RO         1275    .ARM.Collect$$libinit$$0000000C  c_p.l(libinit2.o)
    0x00000132   0x00000000   Code   RO         1277    .ARM.Collect$$libinit$$0000000E  c_p.l(libinit2.o)
    0x00000132   0x00000000   Code   RO         1280    .ARM.Collect$$libinit$$00000011  c_p.l(libinit2.o)
    0x00000132   0x00000000   Code   RO         1282    .ARM.Collect$$libinit$$00000013  c_p.l(libinit2.o)
    0x00000132   0x00000000   Code   RO         1284    .ARM.Collect$$libinit$$00000015  c_p.l(libinit2.o)
    0x00000132   0x00000000   Code   RO         1286    .ARM.Collect$$libinit$$00000017  c_p.l(libinit2.o)
    0x00000132   0x00000000   Code   RO         1288    .ARM.Collect$$libinit$$00000019  c_p.l(libinit2.o)
    0x00000132   0x00000000   Code   RO         1290    .ARM.Collect$$libinit$$0000001B  c_p.l(libinit2.o)
    0x00000132   0x00000000   Code   RO         1292    .ARM.Collect$$libinit$$0000001D  c_p.l(libinit2.o)
    0x00000132   0x00000000   Code   RO         1294    .ARM.Collect$$libinit$$0000001F  c_p.l(libinit2.o)
    0x00000132   0x00000000   Code   RO         1296    .ARM.Collect$$libinit$$00000021  c_p.l(libinit2.o)
    0x00000132   0x00000000   Code   RO         1298    .ARM.Collect$$libinit$$00000023  c_p.l(libinit2.o)
    0x00000132   0x00000000   Code   RO         1300    .ARM.Collect$$libinit$$00000025  c_p.l(libinit2.o)
    0x00000132   0x00000000   Code   RO         1304    .ARM.Collect$$libinit$$0000002C  c_p.l(libinit2.o)
    0x00000132   0x00000000   Code   RO         1306    .ARM.Collect$$libinit$$0000002E  c_p.l(libinit2.o)
    0x00000132   0x00000000   Code   RO         1308    .ARM.Collect$$libinit$$00000030  c_p.l(libinit2.o)
    0x00000132   0x00000000   Code   RO         1310    .ARM.Collect$$libinit$$00000032  c_p.l(libinit2.o)
    0x00000132   0x00000002   Code   RO         1311    .ARM.Collect$$libinit$$00000033  c_p.l(libinit2.o)
    0x00000134   0x00000002   Code   RO         1340    .ARM.Collect$$libshutdown$$00000000  c_p.l(libshutdown.o)
    0x00000136   0x00000000   Code   RO         1366    .ARM.Collect$$libshutdown$$00000002  c_p.l(libshutdown2.o)
    0x00000136   0x00000000   Code   RO         1368    .ARM.Collect$$libshutdown$$00000004  c_p.l(libshutdown2.o)
    0x00000136   0x00000000   Code   RO         1371    .ARM.Collect$$libshutdown$$00000007  c_p.l(libshutdown2.o)
    0x00000136   0x00000000   Code   RO         1374    .ARM.Collect$$libshutdown$$0000000A  c_p.l(libshutdown2.o)
    0x00000136   0x00000000   Code   RO         1376    .ARM.Collect$$libshutdown$$0000000C  c_p.l(libshutdown2.o)
    0x00000136   0x00000000   Code   RO         1379    .ARM.Collect$$libshutdown$$0000000F  c_p.l(libshutdown2.o)
    0x00000136   0x00000002   Code   RO         1380    .ARM.Collect$$libshutdown$$00000010  c_p.l(libshutdown2.o)
    0x00000138   0x00000000   Code   RO         1209    .ARM.Collect$$rtentry$$00000000  c_p.l(__rtentry.o)
    0x00000138   0x00000000   Code   RO         1220    .ARM.Collect$$rtentry$$00000002  c_p.l(__rtentry2.o)
    0x00000138   0x00000006   Code   RO         1232    .ARM.Collect$$rtentry$$00000004  c_p.l(__rtentry4.o)
    0x0000013e   0x00000000   Code   RO         1222    .ARM.Collect$$rtentry$$00000009  c_p.l(__rtentry2.o)
    0x0000013e   0x00000004   Code   RO         1223    .ARM.Collect$$rtentry$$0000000A  c_p.l(__rtentry2.o)
    0x00000142   0x00000000   Code   RO         1225    .ARM.Collect$$rtentry$$0000000C  c_p.l(__rtentry2.o)
    0x00000142   0x00000008   Code   RO         1226    .ARM.Collect$$rtentry$$0000000D  c_p.l(__rtentry2.o)
    0x0000014a   0x00000002   Code   RO         1259    .ARM.Collect$$rtexit$$00000000  c_p.l(rtexit.o)
    0x0000014c   0x00000000   Code   RO         1315    .ARM.Collect$$rtexit$$00000002  c_p.l(rtexit2.o)
    0x0000014c   0x00000004   Code   RO         1316    .ARM.Collect$$rtexit$$00000003  c_p.l(rtexit2.o)
    0x00000150   0x00000006   Code   RO         1317    .ARM.Collect$$rtexit$$00000004  c_p.l(rtexit2.o)
    0x00000156   0x00000002   PAD
    0x00000158   0x0000001c   Code   RO          796    .emb_text           retarget.o
    0x00000174   0x00000060   Code   RO          888  * .text               startup_nano100series.o
    0x000001d4   0x0000001c   Code   RO         1154    .text               c_p.l(noretval__2printf.o)
    0x000001f0   0x00000058   Code   RO         1161    .text               c_p.l(_printf_hex_int.o)
    0x00000248   0x0000010e   Code   RO         1187    .text               c_p.l(__printf_wp.o)
    0x00000356   0x0000015a   Code   RO         1201    .text               c_p.l(aeabi_sdiv.o)
    0x000004b0   0x00000006   Code   RO         1205    .text               c_p.l(heapauxi.o)
    0x000004b6   0x000000b0   Code   RO         1214    .text               c_p.l(_printf_intcommon.o)
    0x00000566   0x00000002   PAD
    0x00000568   0x00000028   Code   RO         1216    .text               c_p.l(_printf_char_file.o)
    0x00000590   0x00000030   Code   RO         1236    .text               c_p.l(_printf_char_common.o)
    0x000005c0   0x0000003e   Code   RO         1238    .text               c_p.l(sys_stackheap_outer.o)
    0x000005fe   0x00000010   Code   RO         1243    .text               c_p.l(exit.o)
    0x0000060e   0x00000002   PAD
    0x00000610   0x00000008   Code   RO         1255    .text               c_p.l(libspace.o)
    0x00000618   0x0000000c   Code   RO         1312    .text               c_p.l(sys_exit.o)
    0x00000624   0x00000002   Code   RO         1329    .text               c_p.l(use_no_semi.o)
    0x00000626   0x00000000   Code   RO         1331    .text               c_p.l(indicate_semi.o)
    0x00000626   0x00000056   Code   RO         1383    .text               c_p.l(__dczerorl2.o)
    0x0000067c   0x0000004c   Code   RO          149    i.BlockWrite        tft.o
    0x000006c8   0x00000024   Code   RO          247    i.CLK_EnableModuleClock  clk.o
    0x000006ec   0x000000e0   Code   RO          248    i.CLK_EnablePLL     clk.o
    0x000007cc   0x0000004c   Code   RO          250    i.CLK_EnableXtalRC  clk.o
    0x00000818   0x00000080   Code   RO          255    i.CLK_GetPLLClockFreq  clk.o
    0x00000898   0x00000064   Code   RO          259    i.CLK_SetHCLK       clk.o
    0x000008fc   0x00000064   Code   RO          260    i.CLK_SetModuleClock  clk.o
    0x00000960   0x00000034   Code   RO          261    i.CLK_SysTickDelay  clk.o
    0x00000994   0x00000028   Code   RO          262    i.CLK_WaitClockReady  clk.o
    0x000009bc   0x00000158   Code   RO          389    i.EBI_Open          ebi.o
    0x00000b14   0x0000000c   Code   RO          932    i.EP2_Handler       HID.lib(hid_transfer.o)
    0x00000b20   0x00000020   Code   RO          933    i.EP3_Handler       HID.lib(hid_transfer.o)
    0x00000b40   0x0000002e   Code   RO          424    i.GPIO_SetMode      gpio.o
    0x00000b6e   0x00000002   PAD
    0x00000b70   0x00000084   Code   RO          934    i.HID_ClassRequest  HID.lib(hid_transfer.o)
    0x00000bf4   0x00000038   Code   RO          935    i.HID_Init          HID.lib(hid_transfer.o)
    0x00000c2c   0x00000044   Code   RO          936    i.HID_input         HID.lib(hid_transfer.o)
    0x00000c70   0x0000004c   Code   RO          937    i.HID_output        HID.lib(hid_transfer.o)
    0x00000cbc   0x0000002c   Code   RO          798    i.Hard_Fault_Handler  retarget.o
    0x00000ce8   0x00000078   Code   RO            3    i.NVIC_SetPriority  main.o
    0x00000d60   0x0000000c   Code   RO          800    i.SendChar          retarget.o
    0x00000d6c   0x00000034   Code   RO          801    i.SendChar_ToUART   retarget.o
    0x00000da0   0x00000050   Code   RO          894    i.SysGet_HCLKFreq   system_nano100series.o
    0x00000df0   0x00000080   Code   RO          895    i.SysGet_PLLClockFreq  system_nano100series.o
    0x00000e70   0x00000010   Code   RO            4    i.SysTick_Handler   main.o
    0x00000e80   0x0000002c   Code   RO          896    i.SystemCoreClockUpdate  system_nano100series.o
    0x00000eac   0x000000c8   Code   RO          664    i.USBD_CtrlIn       usbd.o
    0x00000f74   0x0000004c   Code   RO          665    i.USBD_CtrlOut      usbd.o
    0x00000fc0   0x00000198   Code   RO          666    i.USBD_GetDescriptor  usbd.o
    0x00001158   0x00000014   Code   RO          667    i.USBD_GetSetupPacket  usbd.o
    0x0000116c   0x00000170   Code   RO          938    i.USBD_IRQHandler   HID.lib(hid_transfer.o)
    0x000012dc   0x00000016   Code   RO          669    i.USBD_MemCopy      usbd.o
    0x000012f2   0x00000002   PAD
    0x000012f4   0x00000058   Code   RO          670    i.USBD_Open         usbd.o
    0x0000134c   0x00000088   Code   RO          671    i.USBD_PrepareCtrlIn  usbd.o
    0x000013d4   0x0000002c   Code   RO          672    i.USBD_PrepareCtrlOut  usbd.o
    0x00001400   0x0000007c   Code   RO          673    i.USBD_ProcessSetupPacket  usbd.o
    0x0000147c   0x00000030   Code   RO          939    i.USBD_SetStall     HID.lib(hid_transfer.o)
    0x000014ac   0x00000344   Code   RO          675    i.USBD_StandardRequest  usbd.o
    0x000017f0   0x0000002c   Code   RO          676    i.USBD_Start        usbd.o
    0x0000181c   0x00000064   Code   RO          677    i.USBD_SwReset      usbd.o
    0x00001880   0x00000014   Code   RO          150    i.WriteComm         tft.o
    0x00001894   0x00000014   Code   RO          151    i.WriteData         tft.o
    0x000018a8   0x0000001c   Code   RO          415    i.__ARM_common_switch8  ebi.o
    0x000018c4   0x0000000e   Code   RO         1189    i._is_digit         c_p.l(__printf_wp.o)
    0x000018d2   0x00000002   PAD
    0x000018d4   0x00000018   Code   RO            5    i.delay_ms          main.o
    0x000018ec   0x00000008   Code   RO          803    i.ferror            retarget.o
    0x000018f4   0x00000010   Code   RO          805    i.fputc             retarget.o
    0x00001904   0x0000022c   Code   RO            6    i.init_EBI          main.o
    0x00001b30   0x000002b4   Code   RO          152    i.init_TFT          tft.o
    0x00001de4   0x000000ac   Code   RO          940    i.init_USB          HID.lib(hid_transfer.o)
    0x00001e90   0x0000006c   Code   RO            7    i.main              main.o
    0x00001efc   0x000000a8   Code   RO          807    i.stackDump         retarget.o
    0x00001fa4   0x00000038   Code   RO          154    i.tft_color         tft.o
    0x00001fdc   0x00000060   Code   RO          155    i.tft_img2          tft.o
    0x0000203c   0x00000034   Code   RO          157    i.tft_test          tft.o
    0x00002070   0x0000009c   Code   RO            8    i.usb_test          main.o
    0x0000210c   0x000130b0   Data   RO          232    .constdata          img2.o
    0x000151bc   0x00000010   Data   RO          263    .constdata          clk.o
    0x000151cc   0x00000028   Data   RO         1162    .constdata          c_p.l(_printf_hex_int.o)
    0x000151f4   0x00000020   Data   RO         1381    Region$$Table       anon$$obj.o


    Execution Region ER_RW (Base: 0x20000000, Size: 0x00000148, Max: 0xffffffff, ABSOLUTE, COMPRESSED[0x000000b0])

    Base Addr    Size         Type   Attr      Idx    E Section Name        Object

    0x20000000   0x00000010   Data   RW            9    .data               main.o
    0x20000010   0x00000044   Data   RW          678    .data               usbd.o
    0x20000054   0x00000008   Data   RW          808    .data               retarget.o
    0x2000005c   0x00000008   Data   RW          897    .data               system_nano100series.o
    0x20000064   0x0000000d   Data   RW          942    .data               HID.lib(hid_transfer.o)
    0x20000071   0x00000003   PAD
    0x20000074   0x000000d4   Data   RW         1103    .data               HID.lib(descriptors.o)


    Execution Region ER_ZI (Base: 0x20000148, Size: 0x00000aa0, Max: 0xffffffff, ABSOLUTE)

    Base Addr    Size         Type   Attr      Idx    E Section Name        Object

    0x20000148   0x00000040   Zero   RW          941    .bss                HID.lib(hid_transfer.o)
    0x20000188   0x00000060   Zero   RW         1256    .bss                c_p.l(libspace.o)
    0x200001e8   0x00000500   Zero   RW          886    HEAP                startup_nano100series.o
    0x200006e8   0x00000500   Zero   RW          885    STACK               startup_nano100series.o


==============================================================================

Image component sizes


      Code (inc. data)   RO Data    RW Data    ZI Data      Debug   Object Name

       756         70         16          0          0       5464   clk.o
       372         48          0          0          0        895   ebi.o
        46          0          0          0          0       1019   gpio.o
         0          0      78000          0          0        387   img2.o
       980         62          0         16          0     154463   main.o
       328        132          0          8          0       5449   retarget.o
        96         46        192          0       2560        656   startup_nano100series.o
       252         34          0          8          0       2310   system_nano100series.o
      1012         30          0          0          0       4098   tft.o
      2098        242          0         68          0      14417   usbd.o

    ----------------------------------------------------------------------
      5944        664      78240        100       2560     189158   Object Totals
         0          0         32          0          0          0   (incl. Generated)
         4          0          0          0          0          0   (incl. Padding)

    ----------------------------------------------------------------------

      Code (inc. data)   RO Data    RW Data    ZI Data      Debug   Library Member Name

         0          0          0        212          0       6607   descriptors.o
       964         90          0         13         64     161188   hid_transfer.o
        86          0          0          0          0          0   __dczerorl2.o
         8          0          0          0          0         68   __main.o
       284          0          0          0          0        136   __printf_wp.o
         0          0          0          0          0          0   __rtentry.o
        12          0          0          0          0          0   __rtentry2.o
         6          0          0          0          0          0   __rtentry4.o
        60          8          0          0          0          0   __scatter.o
        28          0          0          0          0          0   __scatter_zi.o
        48          6          0          0          0         88   _printf_char_common.o
        40          6          0          0          0         72   _printf_char_file.o
        88          4         40          0          0         72   _printf_hex_int.o
       176          0          0          0          0         84   _printf_intcommon.o
         2          0          0          0          0          0   _printf_percent.o
         4          0          0          0          0          0   _printf_percent_end.o
        10          0          0          0          0          0   _printf_x.o
       346          0          0          0          0         92   aeabi_sdiv.o
        16          0          0          0          0         68   exit.o
         6          0          0          0          0        136   heapauxi.o
         0          0          0          0          0          0   indicate_semi.o
         2          0          0          0          0          0   libinit.o
         2          0          0          0          0          0   libinit2.o
         2          0          0          0          0          0   libshutdown.o
         2          0          0          0          0          0   libshutdown2.o
         8          4          0          0         96         68   libspace.o
        28          6          0          0          0         84   noretval__2printf.o
         2          0          0          0          0          0   rtexit.o
        10          0          0          0          0          0   rtexit2.o
        12          4          0          0          0         60   sys_exit.o
        62          0          0          0          0         80   sys_stackheap_outer.o
         2          0          0          0          0         68   use_no_semi.o

    ----------------------------------------------------------------------
      2324        128         40        228        160     168971   Library Totals
         8          0          0          3          0          0   (incl. Padding)

    ----------------------------------------------------------------------

      Code (inc. data)   RO Data    RW Data    ZI Data      Debug   Library Name

       964         90          0        225         64     167795   HID.lib
      1352         38         40          0         96       1176   c_p.l

    ----------------------------------------------------------------------
      2324        128         40        228        160     168971   Library Totals

    ----------------------------------------------------------------------

==============================================================================


      Code (inc. data)   RO Data    RW Data    ZI Data      Debug   

      8268        792      78280        328       2720     355341   Grand Totals
      8268        792      78280        176       2720     355341   ELF Image Totals (compressed)
      8268        792      78280        176          0          0   ROM Totals

==============================================================================

    Total RO  Size (Code + RO Data)                86548 (  84.52kB)
    Total RW  Size (RW Data + ZI Data)              3048 (   2.98kB)
    Total ROM Size (Code + RO Data + RW Data)      86724 (  84.69kB)

==============================================================================

