Component: ARM Compiler 5.06 (build 20) Tool: armlink [4d35a3]

==============================================================================

Section Cross References

    main.o(i.SysTick_Handler) refers to main.o(.data) for tick
    main.o(i.delay_ms) refers to main.o(.data) for tick
    main.o(i.init_EBI) refers to clk.o(i.CLK_EnableModuleClock) for CLK_EnableModuleClock
    main.o(i.init_EBI) refers to clk.o(i.CLK_SetModuleClock) for CLK_SetModuleClock
    main.o(i.init_EBI) refers to gpio.o(i.GPIO_SetMode) for GPIO_SetMode
    main.o(i.init_EBI) refers to ebi.o(i.EBI_Open) for EBI_Open
    main.o(i.main) refers to hid_transfer.o(i.init_USB) for init_USB
    main.o(i.main) refers to uidiv.o(.text) for __aeabi_uidivmod
    main.o(i.main) refers to main.o(i.NVIC_SetPriority) for NVIC_SetPriority
    main.o(i.main) refers to main.o(i.init_EBI) for init_EBI
    main.o(i.main) refers to tft.o(i.init_TFT) for init_TFT
    main.o(i.main) refers to tft.o(i.tft_test) for tft_test
    main.o(i.main) refers to hid_transfer.o(i.HID_input) for HID_input
    main.o(i.main) refers to hid_transfer.o(i.HID_output) for HID_output
    main.o(i.main) refers to main.o(i.usb_test) for usb_test
    main.o(i.main) refers to system_nano100series.o(.data) for SystemCoreClock
    main.o(i.usb_test) refers to tft.o(i.BlockWrite) for BlockWrite
    main.o(i.usb_test) refers to tft.o(i.WriteData) for WriteData
    main.o(i.usb_test) refers to main.o(.data) for sta
    tft.o(i.BlockWrite) refers to tft.o(i.WriteComm) for WriteComm
    tft.o(i.BlockWrite) refers to tft.o(i.WriteData) for WriteData
    tft.o(i.init_TFT) refers to main.o(i.delay_ms) for delay_ms
    tft.o(i.init_TFT) refers to tft.o(i.WriteComm) for WriteComm
    tft.o(i.init_TFT) refers to tft.o(i.WriteData) for WriteData
    tft.o(i.tft_box) refers to tft.o(i.BlockWrite) for BlockWrite
    tft.o(i.tft_box) refers to tft.o(i.WriteData) for WriteData
    tft.o(i.tft_box1) refers to tft.o(i.BlockWrite) for BlockWrite
    tft.o(i.tft_box1) refers to tft.o(i.WriteData) for WriteData
    tft.o(i.tft_color) refers to tft.o(i.BlockWrite) for BlockWrite
    tft.o(i.tft_color) refers to tft.o(i.WriteData) for WriteData
    tft.o(i.tft_line) refers to tft.o(i.BlockWrite) for BlockWrite
    tft.o(i.tft_line) refers to tft.o(i.WriteData) for WriteData
    tft.o(i.tft_line) refers to tft.o(.data) for RED
    tft.o(i.tft_line2) refers to tft.o(i.BlockWrite) for BlockWrite
    tft.o(i.tft_line2) refers to tft.o(i.WriteData) for WriteData
    tft.o(i.tft_line2) refers to tft.o(.data) for g
    tft.o(i.tft_test) refers to tft.o(i.tft_box) for tft_box
    tft.o(i.tft_test) refers to main.o(i.delay_ms) for delay_ms
    tft.o(i.tft_test) refers to tft.o(i.tft_color) for tft_color
    tft.o(i.tft_test) refers to tft.o(i.BlockWrite) for BlockWrite
    tft.o(i.tft_test) refers to tft.o(i.WriteComm) for WriteComm
    tft.o(i.tft_test) refers to tft.o(i.WriteData) for WriteData
    tft.o(i.tft_test) refers to tft.o(i.tft_line) for tft_line
    tft.o(i.tft_test) refers to tft.o(i.tft_line2) for tft_line2
    tft.o(i.tft_test) refers to aaaa.o(.constdata) for aaaa
    clk.o(i.CLK_EnablePLL) refers to uidiv.o(.text) for __aeabi_uidivmod
    clk.o(i.CLK_EnablePLL) refers to clk.o(i.CLK_WaitClockReady) for CLK_WaitClockReady
    clk.o(i.CLK_EnablePLL) refers to clk.o(i.CLK_GetPLLClockFreq) for CLK_GetPLLClockFreq
    clk.o(i.CLK_EnablePLL) refers to clk.o(.constdata) for .constdata
    clk.o(i.CLK_EnableXtalRC) refers to clk.o(i.CLK_WaitClockReady) for CLK_WaitClockReady
    clk.o(i.CLK_GetCPUFreq) refers to system_nano100series.o(i.SystemCoreClockUpdate) for SystemCoreClockUpdate
    clk.o(i.CLK_GetCPUFreq) refers to system_nano100series.o(.data) for SystemCoreClock
    clk.o(i.CLK_GetHCLKFreq) refers to system_nano100series.o(i.SystemCoreClockUpdate) for SystemCoreClockUpdate
    clk.o(i.CLK_GetHCLKFreq) refers to system_nano100series.o(.data) for SystemCoreClock
    clk.o(i.CLK_GetPLLClockFreq) refers to uidiv.o(.text) for __aeabi_uidivmod
    clk.o(i.CLK_SetCoreClock) refers to clk.o(i.CLK_EnableXtalRC) for CLK_EnableXtalRC
    clk.o(i.CLK_SetCoreClock) refers to clk.o(i.CLK_SetHCLK) for CLK_SetHCLK
    clk.o(i.CLK_SetCoreClock) refers to clk.o(i.CLK_EnablePLL) for CLK_EnablePLL
    clk.o(i.CLK_SetCoreClock) refers to system_nano100series.o(.data) for SystemCoreClock
    clk.o(i.CLK_SetHCLK) refers to clk.o(i.CLK_WaitClockReady) for CLK_WaitClockReady
    clk.o(i.CLK_SetHCLK) refers to system_nano100series.o(i.SystemCoreClockUpdate) for SystemCoreClockUpdate
    clk.o(i.CLK_SysTickDelay) refers to system_nano100series.o(.data) for CyclesPerUs
    ebi.o(i.EBI_Open) refers to ebi.o(i.__ARM_common_switch8) for __ARM_common_switch8
    uart.o(i.UART_Open) refers to system_nano100series.o(i.SysGet_PLLClockFreq) for SysGet_PLLClockFreq
    uart.o(i.UART_Open) refers to uidiv.o(.text) for __aeabi_uidivmod
    uart.o(i.UART_Open) refers to uart.o(.constdata) for .constdata
    uart.o(i.UART_SelectIrDAMode) refers to system_nano100series.o(i.SysGet_PLLClockFreq) for SysGet_PLLClockFreq
    uart.o(i.UART_SelectIrDAMode) refers to uidiv.o(.text) for __aeabi_uidivmod
    uart.o(i.UART_SelectIrDAMode) refers to uart.o(.constdata) for .constdata
    uart.o(i.UART_SetLine_Config) refers to system_nano100series.o(i.SysGet_PLLClockFreq) for SysGet_PLLClockFreq
    uart.o(i.UART_SetLine_Config) refers to uidiv.o(.text) for __aeabi_uidivmod
    uart.o(i.UART_SetLine_Config) refers to uart.o(.constdata) for .constdata
    usbd.o(i.USBD_CtrlIn) refers to usbd.o(i.USBD_MemCopy) for USBD_MemCopy
    usbd.o(i.USBD_CtrlIn) refers to usbd.o(.data) for g_usbd_CtrlInSize
    usbd.o(i.USBD_CtrlOut) refers to usbd.o(i.USBD_MemCopy) for USBD_MemCopy
    usbd.o(i.USBD_CtrlOut) refers to usbd.o(.data) for g_usbd_CtrlOutSize
    usbd.o(i.USBD_GetDescriptor) refers to usbd.o(i.USBD_PrepareCtrlIn) for USBD_PrepareCtrlIn
    usbd.o(i.USBD_GetDescriptor) refers to usbd.o(i.USBD_PrepareCtrlOut) for USBD_PrepareCtrlOut
    usbd.o(i.USBD_GetDescriptor) refers to usbd.o(.data) for g_usbd_SetupPacket
    usbd.o(i.USBD_GetSetupPacket) refers to usbd.o(i.USBD_MemCopy) for USBD_MemCopy
    usbd.o(i.USBD_GetSetupPacket) refers to usbd.o(.data) for g_usbd_SetupPacket
    usbd.o(i.USBD_LockEpStall) refers to usbd.o(.data) for g_u32EpStallLock
    usbd.o(i.USBD_Open) refers to usbd.o(.data) for g_usbd_sInfo
    usbd.o(i.USBD_PrepareCtrlIn) refers to usbd.o(i.USBD_MemCopy) for USBD_MemCopy
    usbd.o(i.USBD_PrepareCtrlIn) refers to usbd.o(.data) for g_usbd_CtrlMaxPktSize
    usbd.o(i.USBD_PrepareCtrlOut) refers to usbd.o(.data) for g_usbd_CtrlOutPointer
    usbd.o(i.USBD_ProcessSetupPacket) refers to usbd.o(i.USBD_MemCopy) for USBD_MemCopy
    usbd.o(i.USBD_ProcessSetupPacket) refers to usbd.o(i.USBD_StandardRequest) for USBD_StandardRequest
    usbd.o(i.USBD_ProcessSetupPacket) refers to usbd.o(.data) for g_usbd_SetupPacket
    usbd.o(i.USBD_SetVendorRequest) refers to usbd.o(.data) for g_usbd_pfnVendorRequest
    usbd.o(i.USBD_StandardRequest) refers to usbd.o(i.USBD_PrepareCtrlOut) for USBD_PrepareCtrlOut
    usbd.o(i.USBD_StandardRequest) refers to usbd.o(i.USBD_GetDescriptor) for USBD_GetDescriptor
    usbd.o(i.USBD_StandardRequest) refers to usbd.o(.data) for g_usbd_CtrlInPointer
    usbd.o(i.USBD_Start) refers to clk.o(i.CLK_SysTickDelay) for CLK_SysTickDelay
    usbd.o(i.USBD_SwReset) refers to usbd.o(.data) for g_usbd_CtrlInPointer
    retarget.o(.emb_text) refers to retarget.o(i.Hard_Fault_Handler) for Hard_Fault_Handler
    retarget.o(i.Hard_Fault_Handler) refers to printf5.o(i.__0printf$5) for __2printf
    retarget.o(i.Hard_Fault_Handler) refers to retarget.o(i.stackDump) for stackDump
    retarget.o(i.SendChar) refers to retarget.o(i.SendChar_ToUART) for SendChar_ToUART
    retarget.o(i._ttywrch) refers to retarget.o(i.SendChar) for SendChar
    retarget.o(i.fgetc) refers to retarget.o(i.GetChar) for GetChar
    retarget.o(i.fputc) refers to retarget.o(i.SendChar) for SendChar
    retarget.o(i.stackDump) refers to printf5.o(i.__0printf$5) for __2printf
    startup_nano100series.o(RESET) refers to startup_nano100series.o(STACK) for __initial_sp
    startup_nano100series.o(RESET) refers to startup_nano100series.o(.text) for Reset_Handler
    startup_nano100series.o(RESET) refers to retarget.o(.emb_text) for HardFault_Handler
    startup_nano100series.o(RESET) refers to main.o(i.SysTick_Handler) for SysTick_Handler
    startup_nano100series.o(RESET) refers to hid_transfer.o(i.USBD_IRQHandler) for USBD_IRQHandler
    startup_nano100series.o(.text) refers to entry.o(.ARM.Collect$$$$00000000) for __main
    system_nano100series.o(i.SysGet_HCLKFreq) refers to system_nano100series.o(i.SysGet_PLLClockFreq) for SysGet_PLLClockFreq
    system_nano100series.o(i.SysGet_HCLKFreq) refers to uidiv.o(.text) for __aeabi_uidivmod
    system_nano100series.o(i.SysGet_PLLClockFreq) refers to uidiv.o(.text) for __aeabi_uidivmod
    system_nano100series.o(i.SystemCoreClockUpdate) refers to system_nano100series.o(i.SysGet_HCLKFreq) for SysGet_HCLKFreq
    system_nano100series.o(i.SystemCoreClockUpdate) refers to uidiv.o(.text) for __aeabi_uidivmod
    system_nano100series.o(i.SystemCoreClockUpdate) refers to system_nano100series.o(.data) for SystemCoreClock
    hid_transfer.o(i.EP2_Handler) refers to hid_transfer.o(.data) for utx_busy
    hid_transfer.o(i.EP3_Handler) refers to hid_transfer.o(.data) for urx_ln
    hid_transfer.o(i.HID_ClassRequest) refers to usbd.o(i.USBD_GetSetupPacket) for USBD_GetSetupPacket
    hid_transfer.o(i.HID_ClassRequest) refers to hid_transfer.o(i.USBD_SetStall) for USBD_SetStall
    hid_transfer.o(i.HID_input) refers to hid_transfer.o(.data) for urx_busy
    hid_transfer.o(i.HID_input) refers to hid_transfer.o(.bss) for urx_buf
    hid_transfer.o(i.HID_output) refers to hid_transfer.o(.data) for utx_busy
    hid_transfer.o(i.USBD_IRQHandler) refers to usbd.o(i.USBD_SwReset) for USBD_SwReset
    hid_transfer.o(i.USBD_IRQHandler) refers to usbd.o(i.USBD_ProcessSetupPacket) for USBD_ProcessSetupPacket
    hid_transfer.o(i.USBD_IRQHandler) refers to usbd.o(i.USBD_CtrlIn) for USBD_CtrlIn
    hid_transfer.o(i.USBD_IRQHandler) refers to usbd.o(i.USBD_CtrlOut) for USBD_CtrlOut
    hid_transfer.o(i.USBD_IRQHandler) refers to hid_transfer.o(i.EP2_Handler) for EP2_Handler
    hid_transfer.o(i.USBD_IRQHandler) refers to hid_transfer.o(i.EP3_Handler) for EP3_Handler
    hid_transfer.o(i.init_USB) refers to clk.o(i.CLK_EnableXtalRC) for CLK_EnableXtalRC
    hid_transfer.o(i.init_USB) refers to clk.o(i.CLK_EnablePLL) for CLK_EnablePLL
    hid_transfer.o(i.init_USB) refers to clk.o(i.CLK_WaitClockReady) for CLK_WaitClockReady
    hid_transfer.o(i.init_USB) refers to clk.o(i.CLK_SetHCLK) for CLK_SetHCLK
    hid_transfer.o(i.init_USB) refers to clk.o(i.CLK_SetModuleClock) for CLK_SetModuleClock
    hid_transfer.o(i.init_USB) refers to clk.o(i.CLK_EnableModuleClock) for CLK_EnableModuleClock
    hid_transfer.o(i.init_USB) refers to system_nano100series.o(i.SystemCoreClockUpdate) for SystemCoreClockUpdate
    hid_transfer.o(i.init_USB) refers to usbd.o(i.USBD_Open) for USBD_Open
    hid_transfer.o(i.init_USB) refers to hid_transfer.o(i.HID_Init) for HID_Init
    hid_transfer.o(i.init_USB) refers to usbd.o(i.USBD_Start) for USBD_Start
    hid_transfer.o(i.init_USB) refers to hid_transfer.o(i.HID_ClassRequest) for HID_ClassRequest
    hid_transfer.o(i.init_USB) refers to descriptors.o(.data) for gsInfo
    entry.o(.ARM.Collect$$$$00000000) refers (Special) to entry10a.o(.ARM.Collect$$$$0000000D) for __rt_final_cpp
    entry.o(.ARM.Collect$$$$00000000) refers (Special) to entry11a.o(.ARM.Collect$$$$0000000F) for __rt_final_exit
    entry.o(.ARM.Collect$$$$00000000) refers (Special) to entry7b.o(.ARM.Collect$$$$00000008) for _main_clock
    entry.o(.ARM.Collect$$$$00000000) refers (Special) to entry8b.o(.ARM.Collect$$$$0000000A) for _main_cpp_init
    entry.o(.ARM.Collect$$$$00000000) refers (Special) to entry9a.o(.ARM.Collect$$$$0000000B) for _main_init
    entry.o(.ARM.Collect$$$$00000000) refers (Special) to entry5.o(.ARM.Collect$$$$00000004) for _main_scatterload
    entry.o(.ARM.Collect$$$$00000000) refers (Special) to entry2.o(.ARM.Collect$$$$00000001) for _main_stk
    printfb.o(i.__0fprintf$bare) refers to printfb.o(i._printf_core) for _printf_core
    printfb.o(i.__0fprintf$bare) refers to retarget.o(i.fputc) for fputc
    printfb.o(i.__0printf$bare) refers to printfb.o(i._printf_core) for _printf_core
    printfb.o(i.__0printf$bare) refers to retarget.o(i.fputc) for fputc
    printfb.o(i.__0printf$bare) refers to retarget.o(.data) for __stdout
    printfb.o(i.__0snprintf$bare) refers to printfb.o(i._printf_core) for _printf_core
    printfb.o(i.__0snprintf$bare) refers to printfb.o(i._snputc) for _snputc
    printfb.o(i.__0sprintf$bare) refers to printfb.o(i._printf_core) for _printf_core
    printfb.o(i.__0sprintf$bare) refers to printfb.o(i._sputc) for _sputc
    printfb.o(i.__0vfprintf$bare) refers to printfb.o(i._printf_core) for _printf_core
    printfb.o(i.__0vfprintf$bare) refers to retarget.o(i.fputc) for fputc
    printfb.o(i.__0vprintf$bare) refers to printfb.o(i._printf_core) for _printf_core
    printfb.o(i.__0vprintf$bare) refers to retarget.o(i.fputc) for fputc
    printfb.o(i.__0vprintf$bare) refers to retarget.o(.data) for __stdout
    printfb.o(i.__0vsnprintf$bare) refers to printfb.o(i._printf_core) for _printf_core
    printfb.o(i.__0vsnprintf$bare) refers to printfb.o(i._snputc) for _snputc
    printfb.o(i.__0vsprintf$bare) refers to printfb.o(i._printf_core) for _printf_core
    printfb.o(i.__0vsprintf$bare) refers to printfb.o(i._sputc) for _sputc
    printf0.o(i.__0fprintf$0) refers to printf0.o(i._printf_core) for _printf_core
    printf0.o(i.__0fprintf$0) refers to retarget.o(i.fputc) for fputc
    printf0.o(i.__0printf$0) refers to printf0.o(i._printf_core) for _printf_core
    printf0.o(i.__0printf$0) refers to retarget.o(i.fputc) for fputc
    printf0.o(i.__0printf$0) refers to retarget.o(.data) for __stdout
    printf0.o(i.__0snprintf$0) refers to printf0.o(i._printf_core) for _printf_core
    printf0.o(i.__0snprintf$0) refers to printf0.o(i._snputc) for _snputc
    printf0.o(i.__0sprintf$0) refers to printf0.o(i._printf_core) for _printf_core
    printf0.o(i.__0sprintf$0) refers to printf0.o(i._sputc) for _sputc
    printf0.o(i.__0vfprintf$0) refers to printf0.o(i._printf_core) for _printf_core
    printf0.o(i.__0vfprintf$0) refers to retarget.o(i.fputc) for fputc
    printf0.o(i.__0vprintf$0) refers to printf0.o(i._printf_core) for _printf_core
    printf0.o(i.__0vprintf$0) refers to retarget.o(i.fputc) for fputc
    printf0.o(i.__0vprintf$0) refers to retarget.o(.data) for __stdout
    printf0.o(i.__0vsnprintf$0) refers to printf0.o(i._printf_core) for _printf_core
    printf0.o(i.__0vsnprintf$0) refers to printf0.o(i._snputc) for _snputc
    printf0.o(i.__0vsprintf$0) refers to printf0.o(i._printf_core) for _printf_core
    printf0.o(i.__0vsprintf$0) refers to printf0.o(i._sputc) for _sputc
    printf1.o(i.__0fprintf$1) refers to printf1.o(i._printf_core) for _printf_core
    printf1.o(i.__0fprintf$1) refers to retarget.o(i.fputc) for fputc
    printf1.o(i.__0printf$1) refers to printf1.o(i._printf_core) for _printf_core
    printf1.o(i.__0printf$1) refers to retarget.o(i.fputc) for fputc
    printf1.o(i.__0printf$1) refers to retarget.o(.data) for __stdout
    printf1.o(i.__0snprintf$1) refers to printf1.o(i._printf_core) for _printf_core
    printf1.o(i.__0snprintf$1) refers to printf1.o(i._snputc) for _snputc
    printf1.o(i.__0sprintf$1) refers to printf1.o(i._printf_core) for _printf_core
    printf1.o(i.__0sprintf$1) refers to printf1.o(i._sputc) for _sputc
    printf1.o(i.__0vfprintf$1) refers to printf1.o(i._printf_core) for _printf_core
    printf1.o(i.__0vfprintf$1) refers to retarget.o(i.fputc) for fputc
    printf1.o(i.__0vprintf$1) refers to printf1.o(i._printf_core) for _printf_core
    printf1.o(i.__0vprintf$1) refers to retarget.o(i.fputc) for fputc
    printf1.o(i.__0vprintf$1) refers to retarget.o(.data) for __stdout
    printf1.o(i.__0vsnprintf$1) refers to printf1.o(i._printf_core) for _printf_core
    printf1.o(i.__0vsnprintf$1) refers to printf1.o(i._snputc) for _snputc
    printf1.o(i.__0vsprintf$1) refers to printf1.o(i._printf_core) for _printf_core
    printf1.o(i.__0vsprintf$1) refers to printf1.o(i._sputc) for _sputc
    printf1.o(i._printf_core) refers to uidiv.o(.text) for __aeabi_uidivmod
    printf2.o(i.__0fprintf$2) refers to printf2.o(i._printf_core) for _printf_core
    printf2.o(i.__0fprintf$2) refers to retarget.o(i.fputc) for fputc
    printf2.o(i.__0printf$2) refers to printf2.o(i._printf_core) for _printf_core
    printf2.o(i.__0printf$2) refers to retarget.o(i.fputc) for fputc
    printf2.o(i.__0printf$2) refers to retarget.o(.data) for __stdout
    printf2.o(i.__0snprintf$2) refers to printf2.o(i._printf_core) for _printf_core
    printf2.o(i.__0snprintf$2) refers to printf2.o(i._snputc) for _snputc
    printf2.o(i.__0sprintf$2) refers to printf2.o(i._printf_core) for _printf_core
    printf2.o(i.__0sprintf$2) refers to printf2.o(i._sputc) for _sputc
    printf2.o(i.__0vfprintf$2) refers to printf2.o(i._printf_core) for _printf_core
    printf2.o(i.__0vfprintf$2) refers to retarget.o(i.fputc) for fputc
    printf2.o(i.__0vprintf$2) refers to printf2.o(i._printf_core) for _printf_core
    printf2.o(i.__0vprintf$2) refers to retarget.o(i.fputc) for fputc
    printf2.o(i.__0vprintf$2) refers to retarget.o(.data) for __stdout
    printf2.o(i.__0vsnprintf$2) refers to printf2.o(i._printf_core) for _printf_core
    printf2.o(i.__0vsnprintf$2) refers to printf2.o(i._snputc) for _snputc
    printf2.o(i.__0vsprintf$2) refers to printf2.o(i._printf_core) for _printf_core
    printf2.o(i.__0vsprintf$2) refers to printf2.o(i._sputc) for _sputc
    printf3.o(i.__0fprintf$3) refers to printf3.o(i._printf_core) for _printf_core
    printf3.o(i.__0fprintf$3) refers to retarget.o(i.fputc) for fputc
    printf3.o(i.__0printf$3) refers to printf3.o(i._printf_core) for _printf_core
    printf3.o(i.__0printf$3) refers to retarget.o(i.fputc) for fputc
    printf3.o(i.__0printf$3) refers to retarget.o(.data) for __stdout
    printf3.o(i.__0snprintf$3) refers to printf3.o(i._printf_core) for _printf_core
    printf3.o(i.__0snprintf$3) refers to printf3.o(i._snputc) for _snputc
    printf3.o(i.__0sprintf$3) refers to printf3.o(i._printf_core) for _printf_core
    printf3.o(i.__0sprintf$3) refers to printf3.o(i._sputc) for _sputc
    printf3.o(i.__0vfprintf$3) refers to printf3.o(i._printf_core) for _printf_core
    printf3.o(i.__0vfprintf$3) refers to retarget.o(i.fputc) for fputc
    printf3.o(i.__0vprintf$3) refers to printf3.o(i._printf_core) for _printf_core
    printf3.o(i.__0vprintf$3) refers to retarget.o(i.fputc) for fputc
    printf3.o(i.__0vprintf$3) refers to retarget.o(.data) for __stdout
    printf3.o(i.__0vsnprintf$3) refers to printf3.o(i._printf_core) for _printf_core
    printf3.o(i.__0vsnprintf$3) refers to printf3.o(i._snputc) for _snputc
    printf3.o(i.__0vsprintf$3) refers to printf3.o(i._printf_core) for _printf_core
    printf3.o(i.__0vsprintf$3) refers to printf3.o(i._sputc) for _sputc
    printf3.o(i._printf_core) refers to uidiv.o(.text) for __aeabi_uidivmod
    printf4.o(i.__0fprintf$4) refers to printf4.o(i._printf_core) for _printf_core
    printf4.o(i.__0fprintf$4) refers to retarget.o(i.fputc) for fputc
    printf4.o(i.__0printf$4) refers to printf4.o(i._printf_core) for _printf_core
    printf4.o(i.__0printf$4) refers to retarget.o(i.fputc) for fputc
    printf4.o(i.__0printf$4) refers to retarget.o(.data) for __stdout
    printf4.o(i.__0snprintf$4) refers to printf4.o(i._printf_core) for _printf_core
    printf4.o(i.__0snprintf$4) refers to printf4.o(i._snputc) for _snputc
    printf4.o(i.__0sprintf$4) refers to printf4.o(i._printf_core) for _printf_core
    printf4.o(i.__0sprintf$4) refers to printf4.o(i._sputc) for _sputc
    printf4.o(i.__0vfprintf$4) refers to printf4.o(i._printf_core) for _printf_core
    printf4.o(i.__0vfprintf$4) refers to retarget.o(i.fputc) for fputc
    printf4.o(i.__0vprintf$4) refers to printf4.o(i._printf_core) for _printf_core
    printf4.o(i.__0vprintf$4) refers to retarget.o(i.fputc) for fputc
    printf4.o(i.__0vprintf$4) refers to retarget.o(.data) for __stdout
    printf4.o(i.__0vsnprintf$4) refers to printf4.o(i._printf_core) for _printf_core
    printf4.o(i.__0vsnprintf$4) refers to printf4.o(i._snputc) for _snputc
    printf4.o(i.__0vsprintf$4) refers to printf4.o(i._printf_core) for _printf_core
    printf4.o(i.__0vsprintf$4) refers to printf4.o(i._sputc) for _sputc
    printf4.o(i._printf_core) refers to uldiv.o(.text) for __aeabi_uldivmod
    printf5.o(i.__0fprintf$5) refers to printf5.o(i._printf_core) for _printf_core
    printf5.o(i.__0fprintf$5) refers to retarget.o(i.fputc) for fputc
    printf5.o(i.__0printf$5) refers to printf5.o(i._printf_core) for _printf_core
    printf5.o(i.__0printf$5) refers to retarget.o(i.fputc) for fputc
    printf5.o(i.__0printf$5) refers to retarget.o(.data) for __stdout
    printf5.o(i.__0snprintf$5) refers to printf5.o(i._printf_core) for _printf_core
    printf5.o(i.__0snprintf$5) refers to printf5.o(i._snputc) for _snputc
    printf5.o(i.__0sprintf$5) refers to printf5.o(i._printf_core) for _printf_core
    printf5.o(i.__0sprintf$5) refers to printf5.o(i._sputc) for _sputc
    printf5.o(i.__0vfprintf$5) refers to printf5.o(i._printf_core) for _printf_core
    printf5.o(i.__0vfprintf$5) refers to retarget.o(i.fputc) for fputc
    printf5.o(i.__0vprintf$5) refers to printf5.o(i._printf_core) for _printf_core
    printf5.o(i.__0vprintf$5) refers to retarget.o(i.fputc) for fputc
    printf5.o(i.__0vprintf$5) refers to retarget.o(.data) for __stdout
    printf5.o(i.__0vsnprintf$5) refers to printf5.o(i._printf_core) for _printf_core
    printf5.o(i.__0vsnprintf$5) refers to printf5.o(i._snputc) for _snputc
    printf5.o(i.__0vsprintf$5) refers to printf5.o(i._printf_core) for _printf_core
    printf5.o(i.__0vsprintf$5) refers to printf5.o(i._sputc) for _sputc
    printf5.o(i._printf_core) refers to uldiv.o(.text) for __aeabi_uldivmod
    printf6.o(i.__0fprintf$6) refers to printf6.o(i._printf_core) for _printf_core
    printf6.o(i.__0fprintf$6) refers to retarget.o(i.fputc) for fputc
    printf6.o(i.__0printf$6) refers to printf6.o(i._printf_core) for _printf_core
    printf6.o(i.__0printf$6) refers to retarget.o(i.fputc) for fputc
    printf6.o(i.__0printf$6) refers to retarget.o(.data) for __stdout
    printf6.o(i.__0snprintf$6) refers to printf6.o(i._printf_core) for _printf_core
    printf6.o(i.__0snprintf$6) refers to printf6.o(i._snputc) for _snputc
    printf6.o(i.__0sprintf$6) refers to printf6.o(i._printf_core) for _printf_core
    printf6.o(i.__0sprintf$6) refers to printf6.o(i._sputc) for _sputc
    printf6.o(i.__0vfprintf$6) refers to printf6.o(i._printf_core) for _printf_core
    printf6.o(i.__0vfprintf$6) refers to retarget.o(i.fputc) for fputc
    printf6.o(i.__0vprintf$6) refers to printf6.o(i._printf_core) for _printf_core
    printf6.o(i.__0vprintf$6) refers to retarget.o(i.fputc) for fputc
    printf6.o(i.__0vprintf$6) refers to retarget.o(.data) for __stdout
    printf6.o(i.__0vsnprintf$6) refers to printf6.o(i._printf_core) for _printf_core
    printf6.o(i.__0vsnprintf$6) refers to printf6.o(i._snputc) for _snputc
    printf6.o(i.__0vsprintf$6) refers to printf6.o(i._printf_core) for _printf_core
    printf6.o(i.__0vsprintf$6) refers to printf6.o(i._sputc) for _sputc
    printf6.o(i._printf_core) refers to printf6.o(i._printf_pre_padding) for _printf_pre_padding
    printf6.o(i._printf_core) refers to printf6.o(i._printf_post_padding) for _printf_post_padding
    printf6.o(i._printf_core) refers to uidiv.o(.text) for __aeabi_uidivmod
    printf7.o(i.__0fprintf$7) refers to printf7.o(i._printf_core) for _printf_core
    printf7.o(i.__0fprintf$7) refers to retarget.o(i.fputc) for fputc
    printf7.o(i.__0printf$7) refers to printf7.o(i._printf_core) for _printf_core
    printf7.o(i.__0printf$7) refers to retarget.o(i.fputc) for fputc
    printf7.o(i.__0printf$7) refers to retarget.o(.data) for __stdout
    printf7.o(i.__0snprintf$7) refers to printf7.o(i._printf_core) for _printf_core
    printf7.o(i.__0snprintf$7) refers to printf7.o(i._snputc) for _snputc
    printf7.o(i.__0sprintf$7) refers to printf7.o(i._printf_core) for _printf_core
    printf7.o(i.__0sprintf$7) refers to printf7.o(i._sputc) for _sputc
    printf7.o(i.__0vfprintf$7) refers to printf7.o(i._printf_core) for _printf_core
    printf7.o(i.__0vfprintf$7) refers to retarget.o(i.fputc) for fputc
    printf7.o(i.__0vprintf$7) refers to printf7.o(i._printf_core) for _printf_core
    printf7.o(i.__0vprintf$7) refers to retarget.o(i.fputc) for fputc
    printf7.o(i.__0vprintf$7) refers to retarget.o(.data) for __stdout
    printf7.o(i.__0vsnprintf$7) refers to printf7.o(i._printf_core) for _printf_core
    printf7.o(i.__0vsnprintf$7) refers to printf7.o(i._snputc) for _snputc
    printf7.o(i.__0vsprintf$7) refers to printf7.o(i._printf_core) for _printf_core
    printf7.o(i.__0vsprintf$7) refers to printf7.o(i._sputc) for _sputc
    printf7.o(i._printf_core) refers to printf7.o(i._printf_pre_padding) for _printf_pre_padding
    printf7.o(i._printf_core) refers to printf7.o(i._printf_post_padding) for _printf_post_padding
    printf7.o(i._printf_core) refers to uldiv.o(.text) for __aeabi_uldivmod
    printf8.o(i.__0fprintf$8) refers to printf8.o(i._printf_core) for _printf_core
    printf8.o(i.__0fprintf$8) refers to retarget.o(i.fputc) for fputc
    printf8.o(i.__0printf$8) refers to printf8.o(i._printf_core) for _printf_core
    printf8.o(i.__0printf$8) refers to retarget.o(i.fputc) for fputc
    printf8.o(i.__0printf$8) refers to retarget.o(.data) for __stdout
    printf8.o(i.__0snprintf$8) refers to printf8.o(i._printf_core) for _printf_core
    printf8.o(i.__0snprintf$8) refers to printf8.o(i._snputc) for _snputc
    printf8.o(i.__0sprintf$8) refers to printf8.o(i._printf_core) for _printf_core
    printf8.o(i.__0sprintf$8) refers to printf8.o(i._sputc) for _sputc
    printf8.o(i.__0vfprintf$8) refers to printf8.o(i._printf_core) for _printf_core
    printf8.o(i.__0vfprintf$8) refers to retarget.o(i.fputc) for fputc
    printf8.o(i.__0vprintf$8) refers to printf8.o(i._printf_core) for _printf_core
    printf8.o(i.__0vprintf$8) refers to retarget.o(i.fputc) for fputc
    printf8.o(i.__0vprintf$8) refers to retarget.o(.data) for __stdout
    printf8.o(i.__0vsnprintf$8) refers to printf8.o(i._printf_core) for _printf_core
    printf8.o(i.__0vsnprintf$8) refers to printf8.o(i._snputc) for _snputc
    printf8.o(i.__0vsprintf$8) refers to printf8.o(i._printf_core) for _printf_core
    printf8.o(i.__0vsprintf$8) refers to printf8.o(i._sputc) for _sputc
    printf8.o(i._printf_core) refers to printf8.o(i._printf_pre_padding) for _printf_pre_padding
    printf8.o(i._printf_core) refers to printf8.o(i._printf_post_padding) for _printf_post_padding
    printf8.o(i._printf_core) refers to uldiv.o(.text) for __aeabi_uldivmod
    printfa.o(i.__0fprintf) refers (Special) to iusefp.o(.text) for __I$use$fp
    printfa.o(i.__0fprintf) refers to printfa.o(i._printf_core) for _printf_core
    printfa.o(i.__0fprintf) refers to retarget.o(i.fputc) for fputc
    printfa.o(i.__0printf) refers (Special) to iusefp.o(.text) for __I$use$fp
    printfa.o(i.__0printf) refers to printfa.o(i._printf_core) for _printf_core
    printfa.o(i.__0printf) refers to retarget.o(i.fputc) for fputc
    printfa.o(i.__0printf) refers to retarget.o(.data) for __stdout
    printfa.o(i.__0snprintf) refers (Special) to iusefp.o(.text) for __I$use$fp
    printfa.o(i.__0snprintf) refers to printfa.o(i._printf_core) for _printf_core
    printfa.o(i.__0snprintf) refers to printfa.o(i._snputc) for _snputc
    printfa.o(i.__0sprintf) refers (Special) to iusefp.o(.text) for __I$use$fp
    printfa.o(i.__0sprintf) refers to printfa.o(i._printf_core) for _printf_core
    printfa.o(i.__0sprintf) refers to printfa.o(i._sputc) for _sputc
    printfa.o(i.__0vfprintf) refers (Special) to iusefp.o(.text) for __I$use$fp
    printfa.o(i.__0vfprintf) refers to printfa.o(i._printf_core) for _printf_core
    printfa.o(i.__0vfprintf) refers to retarget.o(i.fputc) for fputc
    printfa.o(i.__0vprintf) refers (Special) to iusefp.o(.text) for __I$use$fp
    printfa.o(i.__0vprintf) refers to printfa.o(i._printf_core) for _printf_core
    printfa.o(i.__0vprintf) refers to retarget.o(i.fputc) for fputc
    printfa.o(i.__0vprintf) refers to retarget.o(.data) for __stdout
    printfa.o(i.__0vsnprintf) refers (Special) to iusefp.o(.text) for __I$use$fp
    printfa.o(i.__0vsnprintf) refers to printfa.o(i._printf_core) for _printf_core
    printfa.o(i.__0vsnprintf) refers to printfa.o(i._snputc) for _snputc
    printfa.o(i.__0vsprintf) refers (Special) to iusefp.o(.text) for __I$use$fp
    printfa.o(i.__0vsprintf) refers to printfa.o(i._printf_core) for _printf_core
    printfa.o(i.__0vsprintf) refers to printfa.o(i._sputc) for _sputc
    printfa.o(i._fp_digits) refers (Special) to iusefp.o(.text) for __I$use$fp
    printfa.o(i._fp_digits) refers to dmul.o(.text) for __aeabi_dmul
    printfa.o(i._fp_digits) refers to ddiv.o(.text) for __aeabi_ddiv
    printfa.o(i._fp_digits) refers to cdrcmple.o(.text) for __aeabi_cdrcmple
    printfa.o(i._fp_digits) refers to dadd.o(.text) for __aeabi_dadd
    printfa.o(i._fp_digits) refers to dfixul.o(.text) for __aeabi_d2ulz
    printfa.o(i._fp_digits) refers to uldiv.o(.text) for __aeabi_uldivmod
    printfa.o(i._printf_core) refers (Special) to iusefp.o(.text) for __I$use$fp
    printfa.o(i._printf_core) refers to printfa.o(i._printf_pre_padding) for _printf_pre_padding
    printfa.o(i._printf_core) refers to uldiv.o(.text) for __aeabi_uldivmod
    printfa.o(i._printf_core) refers to printfa.o(i._printf_post_padding) for _printf_post_padding
    printfa.o(i._printf_core) refers to printfa.o(i._fp_digits) for _fp_digits
    printfa.o(i._printf_core) refers to uidiv.o(.text) for __aeabi_uidivmod
    printfa.o(i._printf_post_padding) refers (Special) to iusefp.o(.text) for __I$use$fp
    printfa.o(i._printf_pre_padding) refers (Special) to iusefp.o(.text) for __I$use$fp
    printfa.o(i._snputc) refers (Special) to iusefp.o(.text) for __I$use$fp
    printfa.o(i._sputc) refers (Special) to iusefp.o(.text) for __I$use$fp
    entry2.o(.ARM.Collect$$$$00000001) refers to entry2.o(.ARM.Collect$$$$00002712) for __lit__00000000
    entry2.o(.ARM.Collect$$$$00002712) refers to startup_nano100series.o(STACK) for __initial_sp
    entry2.o(__vectab_stack_and_reset_area) refers to startup_nano100series.o(STACK) for __initial_sp
    entry2.o(__vectab_stack_and_reset_area) refers to entry.o(.ARM.Collect$$$$00000000) for __main
    entry5.o(.ARM.Collect$$$$00000004) refers to init.o(.text) for __scatterload
    entry9a.o(.ARM.Collect$$$$0000000B) refers to main.o(i.main) for main
    entry9b.o(.ARM.Collect$$$$0000000C) refers to main.o(i.main) for main
    uldiv.o(.text) refers to llushr.o(.text) for __aeabi_llsr
    uldiv.o(.text) refers to llshl.o(.text) for __aeabi_llsl
    dadd.o(.text) refers to llshl.o(.text) for __aeabi_llsl
    dadd.o(.text) refers to llsshr.o(.text) for __aeabi_lasr
    dadd.o(.text) refers to depilogue.o(.text) for _double_epilogue
    dmul.o(.text) refers to depilogue.o(.text) for _double_epilogue
    ddiv.o(.text) refers to depilogue.o(.text) for _double_round
    dfixul.o(.text) refers to llushr.o(.text) for __aeabi_llsr
    dfixul.o(.text) refers to llshl.o(.text) for __aeabi_llsl
    init.o(.text) refers to entry5.o(.ARM.Collect$$$$00000004) for __main_after_scatterload
    depilogue.o(.text) refers to depilogue.o(i.__ARM_clz) for __ARM_clz
    depilogue.o(.text) refers to llshl.o(.text) for __aeabi_llsl
    depilogue.o(.text) refers to llushr.o(.text) for __aeabi_llsr


==============================================================================

Removing Unused input sections from the image.

    Removing main.o(.rev16_text), (4 bytes).
    Removing main.o(.revsh_text), (4 bytes).
    Removing tft.o(.rev16_text), (4 bytes).
    Removing tft.o(.revsh_text), (4 bytes).
    Removing tft.o(i.tft_box1), (68 bytes).
    Removing font16.o(.constdata), (3040 bytes).
    Removing clk.o(.rev16_text), (4 bytes).
    Removing clk.o(.revsh_text), (4 bytes).
    Removing clk.o(i.CLK_DisableCKO), (20 bytes).
    Removing clk.o(i.CLK_DisableModuleClock), (36 bytes).
    Removing clk.o(i.CLK_DisablePLL), (20 bytes).
    Removing clk.o(i.CLK_DisableSysTick), (12 bytes).
    Removing clk.o(i.CLK_DisableXtalRC), (16 bytes).
    Removing clk.o(i.CLK_EnableCKO), (40 bytes).
    Removing clk.o(i.CLK_EnableSysTick), (64 bytes).
    Removing clk.o(i.CLK_GetCPUFreq), (16 bytes).
    Removing clk.o(i.CLK_GetHCLKFreq), (16 bytes).
    Removing clk.o(i.CLK_GetHXTFreq), (28 bytes).
    Removing clk.o(i.CLK_GetLXTFreq), (24 bytes).
    Removing clk.o(i.CLK_Idle), (20 bytes).
    Removing clk.o(i.CLK_PowerDown), (32 bytes).
    Removing clk.o(i.CLK_SetCoreClock), (148 bytes).
    Removing ebi.o(.rev16_text), (4 bytes).
    Removing ebi.o(.revsh_text), (4 bytes).
    Removing ebi.o(i.EBI_Close), (16 bytes).
    Removing ebi.o(i.EBI_SetBusTiming), (32 bytes).
    Removing gpio.o(.rev16_text), (4 bytes).
    Removing gpio.o(.revsh_text), (4 bytes).
    Removing gpio.o(i.GPIO_DisableInt), (28 bytes).
    Removing gpio.o(i.GPIO_EnableInt), (26 bytes).
    Removing sys.o(.rev16_text), (4 bytes).
    Removing sys.o(.revsh_text), (4 bytes).
    Removing sys.o(i.SYS_ClearResetSrc), (16 bytes).
    Removing sys.o(i.SYS_DisableBOD), (20 bytes).
    Removing sys.o(i.SYS_DisableIRCTrim), (12 bytes).
    Removing sys.o(i.SYS_EnableBOD), (24 bytes).
    Removing sys.o(i.SYS_EnableIRCTrim), (32 bytes).
    Removing sys.o(i.SYS_GetBODStatus), (12 bytes).
    Removing sys.o(i.SYS_GetResetSrc), (8 bytes).
    Removing sys.o(i.SYS_IsRegLocked), (20 bytes).
    Removing sys.o(i.SYS_ReadPDID), (8 bytes).
    Removing sys.o(i.SYS_ResetCPU), (18 bytes).
    Removing sys.o(i.SYS_ResetChip), (18 bytes).
    Removing sys.o(i.SYS_ResetModule), (48 bytes).
    Removing uart.o(.rev16_text), (4 bytes).
    Removing uart.o(.revsh_text), (4 bytes).
    Removing uart.o(i.UART_ClearIntFlag), (112 bytes).
    Removing uart.o(i.UART_Close), (6 bytes).
    Removing uart.o(i.UART_DisableFlowCtrl), (10 bytes).
    Removing uart.o(i.UART_DisableInt), (8 bytes).
    Removing uart.o(i.UART_EnableFlowCtrl), (24 bytes).
    Removing uart.o(i.UART_EnableInt), (8 bytes).
    Removing uart.o(i.UART_Open), (160 bytes).
    Removing uart.o(i.UART_Read), (52 bytes).
    Removing uart.o(i.UART_SelectIrDAMode), (164 bytes).
    Removing uart.o(i.UART_SelectLINMode), (34 bytes).
    Removing uart.o(i.UART_SelectRS485Mode), (22 bytes).
    Removing uart.o(i.UART_SetLine_Config), (164 bytes).
    Removing uart.o(i.UART_SetTimeoutCnt), (20 bytes).
    Removing uart.o(i.UART_Write), (54 bytes).
    Removing uart.o(.constdata), (48 bytes).
    Removing usbd.o(.rev16_text), (4 bytes).
    Removing usbd.o(.revsh_text), (4 bytes).
    Removing usbd.o(i.USBD_LockEpStall), (12 bytes).
    Removing usbd.o(i.USBD_SetVendorRequest), (12 bytes).
    Removing retarget.o(.rev16_text), (4 bytes).
    Removing retarget.o(.revsh_text), (4 bytes).
    Removing retarget.o(i.GetChar), (28 bytes).
    Removing retarget.o(i.IsDebugFifoEmpty), (20 bytes).
    Removing retarget.o(i._ttywrch), (12 bytes).
    Removing retarget.o(i.ferror), (8 bytes).
    Removing retarget.o(i.fgetc), (10 bytes).
    Removing retarget.o(i.kbhit), (16 bytes).
    Removing startup_nano100series.o(HEAP), (1280 bytes).
    Removing system_nano100series.o(.rev16_text), (4 bytes).
    Removing system_nano100series.o(.revsh_text), (4 bytes).
    Removing hid_transfer.o(.rev16_text), (4 bytes).
    Removing hid_transfer.o(.revsh_text), (4 bytes).
    Removing descriptors.o(.rev16_text), (4 bytes).
    Removing descriptors.o(.revsh_text), (4 bytes).
    Removing dadd.o(.text), (356 bytes).
    Removing dmul.o(.text), (208 bytes).
    Removing ddiv.o(.text), (240 bytes).
    Removing dfixul.o(.text), (64 bytes).
    Removing cdrcmple.o(.text), (40 bytes).
    Removing depilogue.o(.text), (190 bytes).
    Removing depilogue.o(i.__ARM_clz), (46 bytes).

87 unused section(s) (total 7462 bytes) removed from the image.

==============================================================================

Image Symbol Table

    Local Symbols

    Symbol Name                              Value     Ov Type        Size  Object(Section)

    RESET                                    0x00000000   Section      192  startup_nano100series.o(RESET)
    ../clib/../cmprslib/zerorunl2.c          0x00000000   Number         0  __dczerorl2.o ABSOLUTE
    ../clib/microlib/division.c              0x00000000   Number         0  uldiv.o ABSOLUTE
    ../clib/microlib/division.c              0x00000000   Number         0  uidiv.o ABSOLUTE
    ../clib/microlib/init/entry.s            0x00000000   Number         0  entry8b.o ABSOLUTE
    ../clib/microlib/init/entry.s            0x00000000   Number         0  entry8a.o ABSOLUTE
    ../clib/microlib/init/entry.s            0x00000000   Number         0  entry7b.o ABSOLUTE
    ../clib/microlib/init/entry.s            0x00000000   Number         0  entry7a.o ABSOLUTE
    ../clib/microlib/init/entry.s            0x00000000   Number         0  entry5.o ABSOLUTE
    ../clib/microlib/init/entry.s            0x00000000   Number         0  entry2.o ABSOLUTE
    ../clib/microlib/init/entry.s            0x00000000   Number         0  entry.o ABSOLUTE
    ../clib/microlib/init/entry.s            0x00000000   Number         0  entry11b.o ABSOLUTE
    ../clib/microlib/init/entry.s            0x00000000   Number         0  entry11a.o ABSOLUTE
    ../clib/microlib/init/entry.s            0x00000000   Number         0  entry10b.o ABSOLUTE
    ../clib/microlib/init/entry.s            0x00000000   Number         0  entry10a.o ABSOLUTE
    ../clib/microlib/init/entry.s            0x00000000   Number         0  entry9b.o ABSOLUTE
    ../clib/microlib/init/entry.s            0x00000000   Number         0  entry9a.o ABSOLUTE
    ../clib/microlib/longlong.c              0x00000000   Number         0  llshl.o ABSOLUTE
    ../clib/microlib/longlong.c              0x00000000   Number         0  llushr.o ABSOLUTE
    ../clib/microlib/longlong.c              0x00000000   Number         0  llsshr.o ABSOLUTE
    ../clib/microlib/printf/printf.c         0x00000000   Number         0  printfa.o ABSOLUTE
    ../clib/microlib/printf/printf.c         0x00000000   Number         0  printf8.o ABSOLUTE
    ../clib/microlib/printf/printf.c         0x00000000   Number         0  printf7.o ABSOLUTE
    ../clib/microlib/printf/printf.c         0x00000000   Number         0  printf6.o ABSOLUTE
    ../clib/microlib/printf/printf.c         0x00000000   Number         0  printf5.o ABSOLUTE
    ../clib/microlib/printf/printf.c         0x00000000   Number         0  printf4.o ABSOLUTE
    ../clib/microlib/printf/printf.c         0x00000000   Number         0  printf0.o ABSOLUTE
    ../clib/microlib/printf/printf.c         0x00000000   Number         0  printfb.o ABSOLUTE
    ../clib/microlib/printf/printf.c         0x00000000   Number         0  printf2.o ABSOLUTE
    ../clib/microlib/printf/printf.c         0x00000000   Number         0  printf3.o ABSOLUTE
    ../clib/microlib/printf/printf.c         0x00000000   Number         0  printf1.o ABSOLUTE
    ../clib/microlib/printf/stubs.s          0x00000000   Number         0  stubs.o ABSOLUTE
    ../clib/microlib/stubs.s                 0x00000000   Number         0  iusefp.o ABSOLUTE
    ../fplib/microlib/fpadd.c                0x00000000   Number         0  dadd.o ABSOLUTE
    ../fplib/microlib/fpdiv.c                0x00000000   Number         0  ddiv.o ABSOLUTE
    ../fplib/microlib/fpepilogue.c           0x00000000   Number         0  depilogue.o ABSOLUTE
    ../fplib/microlib/fpfix.c                0x00000000   Number         0  dfixul.o ABSOLUTE
    ../fplib/microlib/fpmul.c                0x00000000   Number         0  dmul.o ABSOLUTE
    C:\Keil_v5\ARM\PACK\Nuvoton\NuMicro_DFP\1.0.7\Device\NANO100BN\Driver\clk.c 0x00000000   Number         0  clk.o ABSOLUTE
    C:\Keil_v5\ARM\PACK\Nuvoton\NuMicro_DFP\1.0.7\Device\NANO100BN\Driver\ebi.c 0x00000000   Number         0  ebi.o ABSOLUTE
    C:\Keil_v5\ARM\PACK\Nuvoton\NuMicro_DFP\1.0.7\Device\NANO100BN\Driver\gpio.c 0x00000000   Number         0  gpio.o ABSOLUTE
    C:\Keil_v5\ARM\PACK\Nuvoton\NuMicro_DFP\1.0.7\Device\NANO100BN\Driver\sys.c 0x00000000   Number         0  sys.o ABSOLUTE
    C:\Keil_v5\ARM\PACK\Nuvoton\NuMicro_DFP\1.0.7\Device\NANO100BN\Driver\uart.c 0x00000000   Number         0  uart.o ABSOLUTE
    C:\Keil_v5\ARM\PACK\Nuvoton\NuMicro_DFP\1.0.7\Device\NANO100BN\Driver\usbd.c 0x00000000   Number         0  usbd.o ABSOLUTE
    C:\\Keil_v5\\ARM\\PACK\\Nuvoton\\NuMicro_DFP\\1.0.7\\Device\\NANO100BN\\Driver\\clk.c 0x00000000   Number         0  clk.o ABSOLUTE
    C:\\Keil_v5\\ARM\\PACK\\Nuvoton\\NuMicro_DFP\\1.0.7\\Device\\NANO100BN\\Driver\\ebi.c 0x00000000   Number         0  ebi.o ABSOLUTE
    C:\\Keil_v5\\ARM\\PACK\\Nuvoton\\NuMicro_DFP\\1.0.7\\Device\\NANO100BN\\Driver\\gpio.c 0x00000000   Number         0  gpio.o ABSOLUTE
    C:\\Keil_v5\\ARM\\PACK\\Nuvoton\\NuMicro_DFP\\1.0.7\\Device\\NANO100BN\\Driver\\sys.c 0x00000000   Number         0  sys.o ABSOLUTE
    C:\\Keil_v5\\ARM\\PACK\\Nuvoton\\NuMicro_DFP\\1.0.7\\Device\\NANO100BN\\Driver\\uart.c 0x00000000   Number         0  uart.o ABSOLUTE
    C:\\Keil_v5\\ARM\\PACK\\Nuvoton\\NuMicro_DFP\\1.0.7\\Device\\NANO100BN\\Driver\\usbd.c 0x00000000   Number         0  usbd.o ABSOLUTE
    RTE\Device\NANO130KE3BN\retarget.c       0x00000000   Number         0  retarget.o ABSOLUTE
    RTE\Device\NANO130KE3BN\startup_Nano100Series.s 0x00000000   Number         0  startup_nano100series.o ABSOLUTE
    RTE\Device\NANO130KE3BN\system_Nano100Series.c 0x00000000   Number         0  system_nano100series.o ABSOLUTE
    RTE\\Device\\NANO130KE3BN\\retarget.c    0x00000000   Number         0  retarget.o ABSOLUTE
    RTE\\Device\\NANO130KE3BN\\system_Nano100Series.c 0x00000000   Number         0  system_nano100series.o ABSOLUTE
    SRC\\descriptors.c                       0x00000000   Number         0  descriptors.o ABSOLUTE
    SRC\\hid_transfer.c                      0x00000000   Number         0  hid_transfer.o ABSOLUTE
    SRC\descriptors.c                        0x00000000   Number         0  descriptors.o ABSOLUTE
    SRC\hid_transfer.c                       0x00000000   Number         0  hid_transfer.o ABSOLUTE
    aaaa.c                                   0x00000000   Number         0  aaaa.o ABSOLUTE
    cdrcmple.s                               0x00000000   Number         0  cdrcmple.o ABSOLUTE
    dc.s                                     0x00000000   Number         0  dc.o ABSOLUTE
    font16.c                                 0x00000000   Number         0  font16.o ABSOLUTE
    handlers.s                               0x00000000   Number         0  handlers.o ABSOLUTE
    init.s                                   0x00000000   Number         0  init.o ABSOLUTE
    main.c                                   0x00000000   Number         0  main.o ABSOLUTE
    main.c                                   0x00000000   Number         0  main.o ABSOLUTE
    tft.c                                    0x00000000   Number         0  tft.o ABSOLUTE
    tft.c                                    0x00000000   Number         0  tft.o ABSOLUTE
    .ARM.Collect$$$$00000000                 0x000000c0   Section        0  entry.o(.ARM.Collect$$$$00000000)
    .ARM.Collect$$$$00000001                 0x000000c0   Section        4  entry2.o(.ARM.Collect$$$$00000001)
    .ARM.Collect$$$$00000004                 0x000000c4   Section        4  entry5.o(.ARM.Collect$$$$00000004)
    .ARM.Collect$$$$00000008                 0x000000c8   Section        0  entry7b.o(.ARM.Collect$$$$00000008)
    .ARM.Collect$$$$0000000A                 0x000000c8   Section        0  entry8b.o(.ARM.Collect$$$$0000000A)
    .ARM.Collect$$$$0000000B                 0x000000c8   Section        8  entry9a.o(.ARM.Collect$$$$0000000B)
    .ARM.Collect$$$$0000000D                 0x000000d0   Section        0  entry10a.o(.ARM.Collect$$$$0000000D)
    .ARM.Collect$$$$0000000F                 0x000000d0   Section        0  entry11a.o(.ARM.Collect$$$$0000000F)
    .ARM.Collect$$$$00002712                 0x000000d0   Section        4  entry2.o(.ARM.Collect$$$$00002712)
    __lit__00000000                          0x000000d0   Data           4  entry2.o(.ARM.Collect$$$$00002712)
    .emb_text                                0x000000d4   Section       28  retarget.o(.emb_text)
    .text                                    0x000000f0   Section       68  startup_nano100series.o(.text)
    .text                                    0x00000134   Section        0  uidiv.o(.text)
    .text                                    0x00000160   Section        0  uldiv.o(.text)
    .text                                    0x000001c0   Section       36  init.o(.text)
    .text                                    0x000001e4   Section        0  llshl.o(.text)
    .text                                    0x00000204   Section        0  llushr.o(.text)
    .text                                    0x00000226   Section        0  __dczerorl2.o(.text)
    i.BlockWrite                             0x0000027c   Section        0  tft.o(i.BlockWrite)
    i.CLK_EnableModuleClock                  0x000002c8   Section        0  clk.o(i.CLK_EnableModuleClock)
    i.CLK_EnablePLL                          0x000002ec   Section        0  clk.o(i.CLK_EnablePLL)
    i.CLK_EnableXtalRC                       0x000003cc   Section        0  clk.o(i.CLK_EnableXtalRC)
    i.CLK_GetPLLClockFreq                    0x00000418   Section        0  clk.o(i.CLK_GetPLLClockFreq)
    i.CLK_SetHCLK                            0x00000498   Section        0  clk.o(i.CLK_SetHCLK)
    i.CLK_SetModuleClock                     0x000004fc   Section        0  clk.o(i.CLK_SetModuleClock)
    i.CLK_SysTickDelay                       0x00000560   Section        0  clk.o(i.CLK_SysTickDelay)
    i.CLK_WaitClockReady                     0x00000594   Section        0  clk.o(i.CLK_WaitClockReady)
    i.EBI_Open                               0x000005bc   Section        0  ebi.o(i.EBI_Open)
    i.EP2_Handler                            0x00000714   Section        0  hid_transfer.o(i.EP2_Handler)
    i.EP3_Handler                            0x00000720   Section        0  hid_transfer.o(i.EP3_Handler)
    i.GPIO_SetMode                           0x00000740   Section        0  gpio.o(i.GPIO_SetMode)
    i.HID_ClassRequest                       0x00000770   Section        0  hid_transfer.o(i.HID_ClassRequest)
    i.HID_Init                               0x000007f4   Section        0  hid_transfer.o(i.HID_Init)
    i.HID_input                              0x0000082c   Section        0  hid_transfer.o(i.HID_input)
    i.HID_output                             0x00000870   Section        0  hid_transfer.o(i.HID_output)
    i.Hard_Fault_Handler                     0x000008bc   Section        0  retarget.o(i.Hard_Fault_Handler)
    __tagsym$$used                           0x000008bd   Number         0  retarget.o(i.Hard_Fault_Handler)
    i.NVIC_SetPriority                       0x000008e8   Section        0  main.o(i.NVIC_SetPriority)
    NVIC_SetPriority                         0x000008e9   Thumb Code   110  main.o(i.NVIC_SetPriority)
    i.SendChar                               0x00000960   Section        0  retarget.o(i.SendChar)
    i.SendChar_ToUART                        0x0000096c   Section        0  retarget.o(i.SendChar_ToUART)
    i.SysGet_HCLKFreq                        0x000009a0   Section        0  system_nano100series.o(i.SysGet_HCLKFreq)
    i.SysGet_PLLClockFreq                    0x000009f0   Section        0  system_nano100series.o(i.SysGet_PLLClockFreq)
    i.SysTick_Handler                        0x00000a70   Section        0  main.o(i.SysTick_Handler)
    i.SystemCoreClockUpdate                  0x00000a80   Section        0  system_nano100series.o(i.SystemCoreClockUpdate)
    i.USBD_CtrlIn                            0x00000aac   Section        0  usbd.o(i.USBD_CtrlIn)
    i.USBD_CtrlOut                           0x00000b74   Section        0  usbd.o(i.USBD_CtrlOut)
    i.USBD_GetDescriptor                     0x00000bc0   Section        0  usbd.o(i.USBD_GetDescriptor)
    i.USBD_GetSetupPacket                    0x00000d58   Section        0  usbd.o(i.USBD_GetSetupPacket)
    i.USBD_IRQHandler                        0x00000d6c   Section        0  hid_transfer.o(i.USBD_IRQHandler)
    i.USBD_MemCopy                           0x00000edc   Section        0  usbd.o(i.USBD_MemCopy)
    USBD_MemCopy                             0x00000edd   Thumb Code    22  usbd.o(i.USBD_MemCopy)
    i.USBD_Open                              0x00000ef4   Section        0  usbd.o(i.USBD_Open)
    i.USBD_PrepareCtrlIn                     0x00000f4c   Section        0  usbd.o(i.USBD_PrepareCtrlIn)
    i.USBD_PrepareCtrlOut                    0x00000fd4   Section        0  usbd.o(i.USBD_PrepareCtrlOut)
    i.USBD_ProcessSetupPacket                0x00001000   Section        0  usbd.o(i.USBD_ProcessSetupPacket)
    i.USBD_SetStall                          0x0000107c   Section        0  hid_transfer.o(i.USBD_SetStall)
    USBD_SetStall                            0x0000107d   Thumb Code    42  hid_transfer.o(i.USBD_SetStall)
    i.USBD_StandardRequest                   0x000010ac   Section        0  usbd.o(i.USBD_StandardRequest)
    i.USBD_Start                             0x000013f0   Section        0  usbd.o(i.USBD_Start)
    i.USBD_SwReset                           0x0000141c   Section        0  usbd.o(i.USBD_SwReset)
    i.WriteComm                              0x00001480   Section        0  tft.o(i.WriteComm)
    i.WriteData                              0x00001494   Section        0  tft.o(i.WriteData)
    i.__0printf$5                            0x000014a8   Section        0  printf5.o(i.__0printf$5)
    i.__ARM_common_switch8                   0x000014c8   Section        0  ebi.o(i.__ARM_common_switch8)
    i.__scatterload_copy                     0x000014e4   Section       14  handlers.o(i.__scatterload_copy)
    i.__scatterload_null                     0x000014f2   Section        2  handlers.o(i.__scatterload_null)
    i.__scatterload_zeroinit                 0x000014f4   Section       14  handlers.o(i.__scatterload_zeroinit)
    i._printf_core                           0x00001504   Section        0  printf5.o(i._printf_core)
    _printf_core                             0x00001505   Thumb Code   688  printf5.o(i._printf_core)
    i.delay_ms                               0x000017e0   Section        0  main.o(i.delay_ms)
    i.fputc                                  0x000017f8   Section        0  retarget.o(i.fputc)
    i.init_EBI                               0x00001808   Section        0  main.o(i.init_EBI)
    i.init_TFT                               0x00001a34   Section        0  tft.o(i.init_TFT)
    i.init_USB                               0x00001ce8   Section        0  hid_transfer.o(i.init_USB)
    i.main                                   0x00001d94   Section        0  main.o(i.main)
    i.stackDump                              0x00001e00   Section        0  retarget.o(i.stackDump)
    i.tft_box                                0x00001ea8   Section        0  tft.o(i.tft_box)
    i.tft_color                              0x00001efa   Section        0  tft.o(i.tft_color)
    i.tft_line                               0x00001f34   Section        0  tft.o(i.tft_line)
    i.tft_line2                              0x00001f70   Section        0  tft.o(i.tft_line2)
    i.tft_test                               0x00001fac   Section        0  tft.o(i.tft_test)
    i.usb_test                               0x000023d8   Section        0  main.o(i.usb_test)
    .constdata                               0x00002474   Section     2600  aaaa.o(.constdata)
    .constdata                               0x00002e9c   Section       16  clk.o(.constdata)
    .data                                    0x20000000   Section       16  main.o(.data)
    .data                                    0x20000010   Section        8  tft.o(.data)
    .data                                    0x20000018   Section       68  usbd.o(.data)
    g_usbd_CtrlInPointer                     0x20000024   Data           4  usbd.o(.data)
    g_usbd_CtrlInSize                        0x20000028   Data           4  usbd.o(.data)
    g_usbd_CtrlOutPointer                    0x2000002c   Data           4  usbd.o(.data)
    g_usbd_CtrlOutSize                       0x20000030   Data           4  usbd.o(.data)
    g_usbd_CtrlOutSizeLimit                  0x20000034   Data           4  usbd.o(.data)
    g_usbd_UsbAddr                           0x20000038   Data           4  usbd.o(.data)
    g_usbd_CtrlMaxPktSize                    0x2000003c   Data           4  usbd.o(.data)
    g_usbd_UsbAltInterface                   0x20000040   Data           4  usbd.o(.data)
    .data                                    0x2000005c   Section        8  retarget.o(.data)
    .data                                    0x20000064   Section        8  system_nano100series.o(.data)
    .data                                    0x2000006c   Section       13  hid_transfer.o(.data)
    .data                                    0x2000007c   Section      212  descriptors.o(.data)
    .bss                                     0x20000150   Section       64  hid_transfer.o(.bss)
    STACK                                    0x20000190   Section     1280  startup_nano100series.o(STACK)

    Global Symbols

    Symbol Name                              Value     Ov Type        Size  Object(Section)

    BuildAttributes$$THM_ISAv3M$S$PE$A:L22$X:L11$S22$IEEE1$IW$USESV6$~STKCKD$USESV7$~SHL$OSPACE$ROPI$EBA8$MICROLIB$REQ8$PRES8$EABIv2 0x00000000   Number         0  anon$$obj.o ABSOLUTE
    __ARM_use_no_argv                        0x00000000   Number         0  main.o ABSOLUTE
    __Vectors                                0x00000000   Data           4  startup_nano100series.o(RESET)
    _printf_a                                0x00000000   Number         0  stubs.o ABSOLUTE
    _printf_c                                0x00000000   Number         0  stubs.o ABSOLUTE
    _printf_charcount                        0x00000000   Number         0  stubs.o ABSOLUTE
    _printf_d                                0x00000000   Number         0  stubs.o ABSOLUTE
    _printf_e                                0x00000000   Number         0  stubs.o ABSOLUTE
    _printf_f                                0x00000000   Number         0  stubs.o ABSOLUTE
    _printf_flags                            0x00000000   Number         0  stubs.o ABSOLUTE
    _printf_fp_dec                           0x00000000   Number         0  stubs.o ABSOLUTE
    _printf_fp_hex                           0x00000000   Number         0  stubs.o ABSOLUTE
    _printf_g                                0x00000000   Number         0  stubs.o ABSOLUTE
    _printf_i                                0x00000000   Number         0  stubs.o ABSOLUTE
    _printf_int_dec                          0x00000000   Number         0  stubs.o ABSOLUTE
    _printf_l                                0x00000000   Number         0  stubs.o ABSOLUTE
    _printf_lc                               0x00000000   Number         0  stubs.o ABSOLUTE
    _printf_ll                               0x00000000   Number         0  stubs.o ABSOLUTE
    _printf_lld                              0x00000000   Number         0  stubs.o ABSOLUTE
    _printf_lli                              0x00000000   Number         0  stubs.o ABSOLUTE
    _printf_llo                              0x00000000   Number         0  stubs.o ABSOLUTE
    _printf_llu                              0x00000000   Number         0  stubs.o ABSOLUTE
    _printf_llx                              0x00000000   Number         0  stubs.o ABSOLUTE
    _printf_longlong_dec                     0x00000000   Number         0  stubs.o ABSOLUTE
    _printf_longlong_hex                     0x00000000   Number         0  stubs.o ABSOLUTE
    _printf_longlong_oct                     0x00000000   Number         0  stubs.o ABSOLUTE
    _printf_ls                               0x00000000   Number         0  stubs.o ABSOLUTE
    _printf_mbtowc                           0x00000000   Number         0  stubs.o ABSOLUTE
    _printf_n                                0x00000000   Number         0  stubs.o ABSOLUTE
    _printf_o                                0x00000000   Number         0  stubs.o ABSOLUTE
    _printf_p                                0x00000000   Number         0  stubs.o ABSOLUTE
    _printf_percent                          0x00000000   Number         0  stubs.o ABSOLUTE
    _printf_pre_padding                      0x00000000   Number         0  stubs.o ABSOLUTE
    _printf_return_value                     0x00000000   Number         0  stubs.o ABSOLUTE
    _printf_s                                0x00000000   Number         0  stubs.o ABSOLUTE
    _printf_sizespec                         0x00000000   Number         0  stubs.o ABSOLUTE
    _printf_str                              0x00000000   Number         0  stubs.o ABSOLUTE
    _printf_truncate_signed                  0x00000000   Number         0  stubs.o ABSOLUTE
    _printf_truncate_unsigned                0x00000000   Number         0  stubs.o ABSOLUTE
    _printf_u                                0x00000000   Number         0  stubs.o ABSOLUTE
    _printf_wc                               0x00000000   Number         0  stubs.o ABSOLUTE
    _printf_wctomb                           0x00000000   Number         0  stubs.o ABSOLUTE
    _printf_widthprec                        0x00000000   Number         0  stubs.o ABSOLUTE
    _printf_x                                0x00000000   Number         0  stubs.o ABSOLUTE
    __cpp_initialize__aeabi_                  - Undefined Weak Reference
    __cxa_finalize                            - Undefined Weak Reference
    _clock_init                               - Undefined Weak Reference
    _microlib_exit                            - Undefined Weak Reference
    __main                                   0x000000c1   Thumb Code     0  entry.o(.ARM.Collect$$$$00000000)
    _main_stk                                0x000000c1   Thumb Code     0  entry2.o(.ARM.Collect$$$$00000001)
    _main_scatterload                        0x000000c5   Thumb Code     0  entry5.o(.ARM.Collect$$$$00000004)
    __main_after_scatterload                 0x000000c9   Thumb Code     0  entry5.o(.ARM.Collect$$$$00000004)
    _main_clock                              0x000000c9   Thumb Code     0  entry7b.o(.ARM.Collect$$$$00000008)
    _main_cpp_init                           0x000000c9   Thumb Code     0  entry8b.o(.ARM.Collect$$$$0000000A)
    _main_init                               0x000000c9   Thumb Code     0  entry9a.o(.ARM.Collect$$$$0000000B)
    __rt_final_cpp                           0x000000d1   Thumb Code     0  entry10a.o(.ARM.Collect$$$$0000000D)
    __rt_final_exit                          0x000000d1   Thumb Code     0  entry11a.o(.ARM.Collect$$$$0000000F)
    HardFault_Handler                        0x000000d5   Thumb Code    24  retarget.o(.emb_text)
    Reset_Handler                            0x000000f1   Thumb Code    28  startup_nano100series.o(.text)
    NMI_Handler                              0x0000010d   Thumb Code     2  startup_nano100series.o(.text)
    SVC_Handler                              0x00000111   Thumb Code     2  startup_nano100series.o(.text)
    PendSV_Handler                           0x00000113   Thumb Code     2  startup_nano100series.o(.text)
    ADC_IRQHandler                           0x00000117   Thumb Code     0  startup_nano100series.o(.text)
    BOD_IRQHandler                           0x00000117   Thumb Code     0  startup_nano100series.o(.text)
    DAC_IRQHandler                           0x00000117   Thumb Code     0  startup_nano100series.o(.text)
    EINT0_IRQHandler                         0x00000117   Thumb Code     0  startup_nano100series.o(.text)
    EINT1_IRQHandler                         0x00000117   Thumb Code     0  startup_nano100series.o(.text)
    GPABC_IRQHandler                         0x00000117   Thumb Code     0  startup_nano100series.o(.text)
    GPDEF_IRQHandler                         0x00000117   Thumb Code     0  startup_nano100series.o(.text)
    HIRC_IRQHandler                          0x00000117   Thumb Code     0  startup_nano100series.o(.text)
    I2C0_IRQHandler                          0x00000117   Thumb Code     0  startup_nano100series.o(.text)
    I2C1_IRQHandler                          0x00000117   Thumb Code     0  startup_nano100series.o(.text)
    I2S_IRQHandler                           0x00000117   Thumb Code     0  startup_nano100series.o(.text)
    LCD_IRQHandler                           0x00000117   Thumb Code     0  startup_nano100series.o(.text)
    PDMA_IRQHandler                          0x00000117   Thumb Code     0  startup_nano100series.o(.text)
    PDWU_IRQHandler                          0x00000117   Thumb Code     0  startup_nano100series.o(.text)
    PWM0_IRQHandler                          0x00000117   Thumb Code     0  startup_nano100series.o(.text)
    PWM1_IRQHandler                          0x00000117   Thumb Code     0  startup_nano100series.o(.text)
    RTC_IRQHandler                           0x00000117   Thumb Code     0  startup_nano100series.o(.text)
    SC0_IRQHandler                           0x00000117   Thumb Code     0  startup_nano100series.o(.text)
    SC1_IRQHandler                           0x00000117   Thumb Code     0  startup_nano100series.o(.text)
    SC2_IRQHandler                           0x00000117   Thumb Code     0  startup_nano100series.o(.text)
    SPI0_IRQHandler                          0x00000117   Thumb Code     0  startup_nano100series.o(.text)
    SPI1_IRQHandler                          0x00000117   Thumb Code     0  startup_nano100series.o(.text)
    SPI2_IRQHandler                          0x00000117   Thumb Code     0  startup_nano100series.o(.text)
    TMR0_IRQHandler                          0x00000117   Thumb Code     0  startup_nano100series.o(.text)
    TMR1_IRQHandler                          0x00000117   Thumb Code     0  startup_nano100series.o(.text)
    TMR2_IRQHandler                          0x00000117   Thumb Code     0  startup_nano100series.o(.text)
    TMR3_IRQHandler                          0x00000117   Thumb Code     0  startup_nano100series.o(.text)
    UART0_IRQHandler                         0x00000117   Thumb Code     0  startup_nano100series.o(.text)
    UART1_IRQHandler                         0x00000117   Thumb Code     0  startup_nano100series.o(.text)
    WDT_IRQHandler                           0x00000117   Thumb Code     0  startup_nano100series.o(.text)
    __aeabi_uidiv                            0x00000135   Thumb Code     0  uidiv.o(.text)
    __aeabi_uidivmod                         0x00000135   Thumb Code    44  uidiv.o(.text)
    __aeabi_uldivmod                         0x00000161   Thumb Code    96  uldiv.o(.text)
    __scatterload                            0x000001c1   Thumb Code    28  init.o(.text)
    __scatterload_rt2                        0x000001c1   Thumb Code     0  init.o(.text)
    __aeabi_llsl                             0x000001e5   Thumb Code    32  llshl.o(.text)
    _ll_shift_l                              0x000001e5   Thumb Code     0  llshl.o(.text)
    __aeabi_llsr                             0x00000205   Thumb Code    34  llushr.o(.text)
    _ll_ushift_r                             0x00000205   Thumb Code     0  llushr.o(.text)
    __decompress                             0x00000227   Thumb Code     0  __dczerorl2.o(.text)
    __decompress1                            0x00000227   Thumb Code    86  __dczerorl2.o(.text)
    BlockWrite                               0x0000027d   Thumb Code    76  tft.o(i.BlockWrite)
    CLK_EnableModuleClock                    0x000002c9   Thumb Code    32  clk.o(i.CLK_EnableModuleClock)
    CLK_EnablePLL                            0x000002ed   Thumb Code   200  clk.o(i.CLK_EnablePLL)
    CLK_EnableXtalRC                         0x000003cd   Thumb Code    72  clk.o(i.CLK_EnableXtalRC)
    CLK_GetPLLClockFreq                      0x00000419   Thumb Code   120  clk.o(i.CLK_GetPLLClockFreq)
    CLK_SetHCLK                              0x00000499   Thumb Code    94  clk.o(i.CLK_SetHCLK)
    CLK_SetModuleClock                       0x000004fd   Thumb Code    94  clk.o(i.CLK_SetModuleClock)
    CLK_SysTickDelay                         0x00000561   Thumb Code    42  clk.o(i.CLK_SysTickDelay)
    CLK_WaitClockReady                       0x00000595   Thumb Code    32  clk.o(i.CLK_WaitClockReady)
    EBI_Open                                 0x000005bd   Thumb Code   306  ebi.o(i.EBI_Open)
    EP2_Handler                              0x00000715   Thumb Code     8  hid_transfer.o(i.EP2_Handler)
    EP3_Handler                              0x00000721   Thumb Code    18  hid_transfer.o(i.EP3_Handler)
    GPIO_SetMode                             0x00000741   Thumb Code    46  gpio.o(i.GPIO_SetMode)
    HID_ClassRequest                         0x00000771   Thumb Code   128  hid_transfer.o(i.HID_ClassRequest)
    HID_Init                                 0x000007f5   Thumb Code    52  hid_transfer.o(i.HID_Init)
    HID_input                                0x0000082d   Thumb Code    56  hid_transfer.o(i.HID_input)
    HID_output                               0x00000871   Thumb Code    66  hid_transfer.o(i.HID_output)
    Hard_Fault_Handler                       0x000008bd   Thumb Code    18  retarget.o(i.Hard_Fault_Handler)
    SendChar                                 0x00000961   Thumb Code    12  retarget.o(i.SendChar)
    SendChar_ToUART                          0x0000096d   Thumb Code    48  retarget.o(i.SendChar_ToUART)
    SysGet_HCLKFreq                          0x000009a1   Thumb Code    68  system_nano100series.o(i.SysGet_HCLKFreq)
    SysGet_PLLClockFreq                      0x000009f1   Thumb Code   120  system_nano100series.o(i.SysGet_PLLClockFreq)
    SysTick_Handler                          0x00000a71   Thumb Code    12  main.o(i.SysTick_Handler)
    SystemCoreClockUpdate                    0x00000a81   Thumb Code    30  system_nano100series.o(i.SystemCoreClockUpdate)
    USBD_CtrlIn                              0x00000aad   Thumb Code   172  usbd.o(i.USBD_CtrlIn)
    USBD_CtrlOut                             0x00000b75   Thumb Code    56  usbd.o(i.USBD_CtrlOut)
    USBD_GetDescriptor                       0x00000bc1   Thumb Code   394  usbd.o(i.USBD_GetDescriptor)
    USBD_GetSetupPacket                      0x00000d59   Thumb Code    16  usbd.o(i.USBD_GetSetupPacket)
    USBD_IRQHandler                          0x00000d6d   Thumb Code   362  hid_transfer.o(i.USBD_IRQHandler)
    USBD_Open                                0x00000ef5   Thumb Code    62  usbd.o(i.USBD_Open)
    USBD_PrepareCtrlIn                       0x00000f4d   Thumb Code   114  usbd.o(i.USBD_PrepareCtrlIn)
    USBD_PrepareCtrlOut                      0x00000fd5   Thumb Code    24  usbd.o(i.USBD_PrepareCtrlOut)
    USBD_ProcessSetupPacket                  0x00001001   Thumb Code   104  usbd.o(i.USBD_ProcessSetupPacket)
    USBD_StandardRequest                     0x000010ad   Thumb Code   788  usbd.o(i.USBD_StandardRequest)
    USBD_Start                               0x000013f1   Thumb Code    34  usbd.o(i.USBD_Start)
    USBD_SwReset                             0x0000141d   Thumb Code    70  usbd.o(i.USBD_SwReset)
    WriteComm                                0x00001481   Thumb Code    14  tft.o(i.WriteComm)
    WriteData                                0x00001495   Thumb Code    14  tft.o(i.WriteData)
    __0printf$5                              0x000014a9   Thumb Code    24  printf5.o(i.__0printf$5)
    __1printf$5                              0x000014a9   Thumb Code     0  printf5.o(i.__0printf$5)
    __2printf                                0x000014a9   Thumb Code     0  printf5.o(i.__0printf$5)
    __ARM_common_switch8                     0x000014c9   Thumb Code    28  ebi.o(i.__ARM_common_switch8)
    __scatterload_copy                       0x000014e5   Thumb Code    14  handlers.o(i.__scatterload_copy)
    __scatterload_null                       0x000014f3   Thumb Code     2  handlers.o(i.__scatterload_null)
    __scatterload_zeroinit                   0x000014f5   Thumb Code    14  handlers.o(i.__scatterload_zeroinit)
    delay_ms                                 0x000017e1   Thumb Code    18  main.o(i.delay_ms)
    fputc                                    0x000017f9   Thumb Code    16  retarget.o(i.fputc)
    init_EBI                                 0x00001809   Thumb Code   538  main.o(i.init_EBI)
    init_TFT                                 0x00001a35   Thumb Code   688  tft.o(i.init_TFT)
    init_USB                                 0x00001ce9   Thumb Code   142  hid_transfer.o(i.init_USB)
    main                                     0x00001d95   Thumb Code    94  main.o(i.main)
    stackDump                                0x00001e01   Thumb Code    70  retarget.o(i.stackDump)
    tft_box                                  0x00001ea9   Thumb Code    82  tft.o(i.tft_box)
    tft_color                                0x00001efb   Thumb Code    56  tft.o(i.tft_color)
    tft_line                                 0x00001f35   Thumb Code    54  tft.o(i.tft_line)
    tft_line2                                0x00001f71   Thumb Code    54  tft.o(i.tft_line2)
    tft_test                                 0x00001fad   Thumb Code  1064  tft.o(i.tft_test)
    usb_test                                 0x000023d9   Thumb Code   146  main.o(i.usb_test)
    aaaa                                     0x00002474   Data        2600  aaaa.o(.constdata)
    Region$$Table$$Base                      0x00002eac   Number         0  anon$$obj.o(Region$$Table)
    Region$$Table$$Limit                     0x00002ecc   Number         0  anon$$obj.o(Region$$Table)
    tick                                     0x20000000   Data           4  main.o(.data)
    cnt                                      0x20000004   Data           4  main.o(.data)
    cc                                       0x20000008   Data           2  main.o(.data)
    sta                                      0x2000000a   Data           2  main.o(.data)
    wh                                       0x2000000c   Data           4  main.o(.data)
    FG                                       0x20000010   Data           2  tft.o(.data)
    BG                                       0x20000012   Data           2  tft.o(.data)
    RED                                      0x20000014   Data           2  tft.o(.data)
    g                                        0x20000016   Data           2  tft.o(.data)
    g_usbd_SetupPacket                       0x20000018   Data           8  usbd.o(.data)
    g_usbd_RemoteWakeupEn                    0x20000020   Data           1  usbd.o(.data)
    g_usbd_UsbConfig                         0x20000044   Data           4  usbd.o(.data)
    g_usbd_sInfo                             0x20000048   Data           4  usbd.o(.data)
    g_usbd_pfnVendorRequest                  0x2000004c   Data           4  usbd.o(.data)
    g_usbd_pfnClassRequest                   0x20000050   Data           4  usbd.o(.data)
    g_usbd_pfnSetInterface                   0x20000054   Data           4  usbd.o(.data)
    g_u32EpStallLock                         0x20000058   Data           4  usbd.o(.data)
    __stdout                                 0x2000005c   Data           4  retarget.o(.data)
    __stdin                                  0x20000060   Data           4  retarget.o(.data)
    SystemCoreClock                          0x20000064   Data           4  system_nano100series.o(.data)
    CyclesPerUs                              0x20000068   Data           4  system_nano100series.o(.data)
    g_u8EP2Ready                             0x2000006c   Data           1  hid_transfer.o(.data)
    urx_busy                                 0x20000070   Data           4  hid_transfer.o(.data)
    utx_busy                                 0x20000074   Data           4  hid_transfer.o(.data)
    urx_ln                                   0x20000078   Data           1  hid_transfer.o(.data)
    HID_DeviceReportDescriptor               0x2000007c   Data          29  descriptors.o(.data)
    gu8DeviceDescriptor                      0x20000099   Data          18  descriptors.o(.data)
    gu8ConfigDescriptor                      0x200000ab   Data          41  descriptors.o(.data)
    gu8StringLang                            0x200000d4   Data           4  descriptors.o(.data)
    gu8VendorStringDesc                      0x200000d8   Data          16  descriptors.o(.data)
    gu8ProductStringDesc                     0x200000e8   Data          26  descriptors.o(.data)
    gpu8UsbString                            0x20000104   Data          16  descriptors.o(.data)
    gu8UsbHidReport                          0x20000114   Data          12  descriptors.o(.data)
    gu32UsbHidReportLen                      0x20000120   Data          12  descriptors.o(.data)
    gu32ConfigHidDescIdx                     0x2000012c   Data          12  descriptors.o(.data)
    gsInfo                                   0x20000138   Data          24  descriptors.o(.data)
    urx_buf                                  0x20000150   Data          64  hid_transfer.o(.bss)
    __initial_sp                             0x20000690   Data           0  startup_nano100series.o(STACK)



==============================================================================

Memory Map of the image

  Image Entry point : 0x000000f1

  Load Region LR_1 (Base: 0x00000000, Size: 0x0000301c, Max: 0xffffffff, ABSOLUTE, COMPRESSED[0x00002f84])

    Execution Region ER_RO (Base: 0x00000000, Size: 0x00002ecc, Max: 0xffffffff, ABSOLUTE)

    Base Addr    Size         Type   Attr      Idx    E Section Name        Object

    0x00000000   0x000000c0   Data   RO          895    RESET               startup_nano100series.o
    0x000000c0   0x00000000   Code   RO         1158  * .ARM.Collect$$$$00000000  mc_p.l(entry.o)
    0x000000c0   0x00000004   Code   RO         1424    .ARM.Collect$$$$00000001  mc_p.l(entry2.o)
    0x000000c4   0x00000004   Code   RO         1427    .ARM.Collect$$$$00000004  mc_p.l(entry5.o)
    0x000000c8   0x00000000   Code   RO         1429    .ARM.Collect$$$$00000008  mc_p.l(entry7b.o)
    0x000000c8   0x00000000   Code   RO         1431    .ARM.Collect$$$$0000000A  mc_p.l(entry8b.o)
    0x000000c8   0x00000008   Code   RO         1432    .ARM.Collect$$$$0000000B  mc_p.l(entry9a.o)
    0x000000d0   0x00000000   Code   RO         1434    .ARM.Collect$$$$0000000D  mc_p.l(entry10a.o)
    0x000000d0   0x00000000   Code   RO         1436    .ARM.Collect$$$$0000000F  mc_p.l(entry11a.o)
    0x000000d0   0x00000004   Code   RO         1425    .ARM.Collect$$$$00002712  mc_p.l(entry2.o)
    0x000000d4   0x0000001c   Code   RO          804    .emb_text           retarget.o
    0x000000f0   0x00000044   Code   RO          896  * .text               startup_nano100series.o
    0x00000134   0x0000002c   Code   RO         1161    .text               mc_p.l(uidiv.o)
    0x00000160   0x00000060   Code   RO         1438    .text               mc_p.l(uldiv.o)
    0x000001c0   0x00000024   Code   RO         1451    .text               mc_p.l(init.o)
    0x000001e4   0x00000020   Code   RO         1453    .text               mc_p.l(llshl.o)
    0x00000204   0x00000022   Code   RO         1455    .text               mc_p.l(llushr.o)
    0x00000226   0x00000056   Code   RO         1471    .text               mc_p.l(__dczerorl2.o)
    0x0000027c   0x0000004c   Code   RO          149    i.BlockWrite        tft.o
    0x000002c8   0x00000024   Code   RO          255    i.CLK_EnableModuleClock  clk.o
    0x000002ec   0x000000e0   Code   RO          256    i.CLK_EnablePLL     clk.o
    0x000003cc   0x0000004c   Code   RO          258    i.CLK_EnableXtalRC  clk.o
    0x00000418   0x00000080   Code   RO          263    i.CLK_GetPLLClockFreq  clk.o
    0x00000498   0x00000064   Code   RO          267    i.CLK_SetHCLK       clk.o
    0x000004fc   0x00000064   Code   RO          268    i.CLK_SetModuleClock  clk.o
    0x00000560   0x00000034   Code   RO          269    i.CLK_SysTickDelay  clk.o
    0x00000594   0x00000028   Code   RO          270    i.CLK_WaitClockReady  clk.o
    0x000005bc   0x00000158   Code   RO          397    i.EBI_Open          ebi.o
    0x00000714   0x0000000c   Code   RO          940    i.EP2_Handler       HID.lib(hid_transfer.o)
    0x00000720   0x00000020   Code   RO          941    i.EP3_Handler       HID.lib(hid_transfer.o)
    0x00000740   0x0000002e   Code   RO          432    i.GPIO_SetMode      gpio.o
    0x0000076e   0x00000002   PAD
    0x00000770   0x00000084   Code   RO          942    i.HID_ClassRequest  HID.lib(hid_transfer.o)
    0x000007f4   0x00000038   Code   RO          943    i.HID_Init          HID.lib(hid_transfer.o)
    0x0000082c   0x00000044   Code   RO          944    i.HID_input         HID.lib(hid_transfer.o)
    0x00000870   0x0000004c   Code   RO          945    i.HID_output        HID.lib(hid_transfer.o)
    0x000008bc   0x0000002c   Code   RO          806    i.Hard_Fault_Handler  retarget.o
    0x000008e8   0x00000078   Code   RO            3    i.NVIC_SetPriority  main.o
    0x00000960   0x0000000c   Code   RO          808    i.SendChar          retarget.o
    0x0000096c   0x00000034   Code   RO          809    i.SendChar_ToUART   retarget.o
    0x000009a0   0x00000050   Code   RO          902    i.SysGet_HCLKFreq   system_nano100series.o
    0x000009f0   0x00000080   Code   RO          903    i.SysGet_PLLClockFreq  system_nano100series.o
    0x00000a70   0x00000010   Code   RO            4    i.SysTick_Handler   main.o
    0x00000a80   0x0000002c   Code   RO          904    i.SystemCoreClockUpdate  system_nano100series.o
    0x00000aac   0x000000c8   Code   RO          672    i.USBD_CtrlIn       usbd.o
    0x00000b74   0x0000004c   Code   RO          673    i.USBD_CtrlOut      usbd.o
    0x00000bc0   0x00000198   Code   RO          674    i.USBD_GetDescriptor  usbd.o
    0x00000d58   0x00000014   Code   RO          675    i.USBD_GetSetupPacket  usbd.o
    0x00000d6c   0x00000170   Code   RO          946    i.USBD_IRQHandler   HID.lib(hid_transfer.o)
    0x00000edc   0x00000016   Code   RO          677    i.USBD_MemCopy      usbd.o
    0x00000ef2   0x00000002   PAD
    0x00000ef4   0x00000058   Code   RO          678    i.USBD_Open         usbd.o
    0x00000f4c   0x00000088   Code   RO          679    i.USBD_PrepareCtrlIn  usbd.o
    0x00000fd4   0x0000002c   Code   RO          680    i.USBD_PrepareCtrlOut  usbd.o
    0x00001000   0x0000007c   Code   RO          681    i.USBD_ProcessSetupPacket  usbd.o
    0x0000107c   0x00000030   Code   RO          947    i.USBD_SetStall     HID.lib(hid_transfer.o)
    0x000010ac   0x00000344   Code   RO          683    i.USBD_StandardRequest  usbd.o
    0x000013f0   0x0000002c   Code   RO          684    i.USBD_Start        usbd.o
    0x0000141c   0x00000064   Code   RO          685    i.USBD_SwReset      usbd.o
    0x00001480   0x00000014   Code   RO          150    i.WriteComm         tft.o
    0x00001494   0x00000014   Code   RO          151    i.WriteData         tft.o
    0x000014a8   0x00000020   Code   RO         1296    i.__0printf$5       mc_p.l(printf5.o)
    0x000014c8   0x0000001c   Code   RO          423    i.__ARM_common_switch8  ebi.o
    0x000014e4   0x0000000e   Code   RO         1465    i.__scatterload_copy  mc_p.l(handlers.o)
    0x000014f2   0x00000002   Code   RO         1466    i.__scatterload_null  mc_p.l(handlers.o)
    0x000014f4   0x0000000e   Code   RO         1467    i.__scatterload_zeroinit  mc_p.l(handlers.o)
    0x00001502   0x00000002   PAD
    0x00001504   0x000002dc   Code   RO         1303    i._printf_core      mc_p.l(printf5.o)
    0x000017e0   0x00000018   Code   RO            5    i.delay_ms          main.o
    0x000017f8   0x00000010   Code   RO          813    i.fputc             retarget.o
    0x00001808   0x0000022c   Code   RO            6    i.init_EBI          main.o
    0x00001a34   0x000002b4   Code   RO          152    i.init_TFT          tft.o
    0x00001ce8   0x000000ac   Code   RO          948    i.init_USB          HID.lib(hid_transfer.o)
    0x00001d94   0x0000006c   Code   RO            7    i.main              main.o
    0x00001e00   0x000000a8   Code   RO          815    i.stackDump         retarget.o
    0x00001ea8   0x00000052   Code   RO          153    i.tft_box           tft.o
    0x00001efa   0x00000038   Code   RO          155    i.tft_color         tft.o
    0x00001f32   0x00000002   PAD
    0x00001f34   0x0000003c   Code   RO          156    i.tft_line          tft.o
    0x00001f70   0x0000003c   Code   RO          157    i.tft_line2         tft.o
    0x00001fac   0x0000042c   Code   RO          158    i.tft_test          tft.o
    0x000023d8   0x0000009c   Code   RO            8    i.usb_test          main.o
    0x00002474   0x00000a28   Data   RO          238    .constdata          aaaa.o
    0x00002e9c   0x00000010   Data   RO          271    .constdata          clk.o
    0x00002eac   0x00000020   Data   RO         1463    Region$$Table       anon$$obj.o


    Execution Region ER_RW (Base: 0x20000000, Size: 0x00000150, Max: 0xffffffff, ABSOLUTE, COMPRESSED[0x000000b8])

    Base Addr    Size         Type   Attr      Idx    E Section Name        Object

    0x20000000   0x00000010   Data   RW            9    .data               main.o
    0x20000010   0x00000008   Data   RW          159    .data               tft.o
    0x20000018   0x00000044   Data   RW          686    .data               usbd.o
    0x2000005c   0x00000008   Data   RW          816    .data               retarget.o
    0x20000064   0x00000008   Data   RW          905    .data               system_nano100series.o
    0x2000006c   0x0000000d   Data   RW          950    .data               HID.lib(hid_transfer.o)
    0x20000079   0x00000003   PAD
    0x2000007c   0x000000d4   Data   RW         1111    .data               HID.lib(descriptors.o)


    Execution Region ER_ZI (Base: 0x20000150, Size: 0x00000540, Max: 0xffffffff, ABSOLUTE)

    Base Addr    Size         Type   Attr      Idx    E Section Name        Object

    0x20000150   0x00000040   Zero   RW          949    .bss                HID.lib(hid_transfer.o)
    0x20000190   0x00000500   Zero   RW          893    STACK               startup_nano100series.o


==============================================================================

Image component sizes


      Code (inc. data)   RO Data    RW Data    ZI Data      Debug   Object Name

         0          0       2600          0          0        427   aaaa.o
       756         70         16          0          0       5464   clk.o
       372         48          0          0          0        895   ebi.o
        46          0          0          0          0       1019   gpio.o
       980         62          0         16          0     154251   main.o
       320        132          0          8          0       4752   retarget.o
        68         28        192          0       1280        632   startup_nano100series.o
       252         34          0          8          0       2198   system_nano100series.o
      2134         32          0          8          0       8030   tft.o
      2098        242          0         68          0      14417   usbd.o

    ----------------------------------------------------------------------
      7032        648       2840        108       1280     192085   Object Totals
         0          0         32          0          0          0   (incl. Generated)
         6          0          0          0          0          0   (incl. Padding)

    ----------------------------------------------------------------------

      Code (inc. data)   RO Data    RW Data    ZI Data      Debug   Library Member Name

         0          0          0        212          0       6607   descriptors.o
       964         90          0         13         64     161188   hid_transfer.o
        86          0          0          0          0          0   __dczerorl2.o
         0          0          0          0          0          0   entry.o
         0          0          0          0          0          0   entry10a.o
         0          0          0          0          0          0   entry11a.o
         8          4          0          0          0          0   entry2.o
         4          0          0          0          0          0   entry5.o
         0          0          0          0          0          0   entry7b.o
         0          0          0          0          0          0   entry8b.o
         8          4          0          0          0          0   entry9a.o
        30          0          0          0          0          0   handlers.o
        36          8          0          0          0         68   init.o
        32          0          0          0          0         68   llshl.o
        34          0          0          0          0         68   llushr.o
       764         52          0          0          0        168   printf5.o
        44          0          0          0          0         72   uidiv.o
        96          0          0          0          0         84   uldiv.o

    ----------------------------------------------------------------------
      2108        158          0        228         64     168323   Library Totals
         2          0          0          3          0          0   (incl. Padding)

    ----------------------------------------------------------------------

      Code (inc. data)   RO Data    RW Data    ZI Data      Debug   Library Name

       964         90          0        225         64     167795   HID.lib
      1142         68          0          0          0        528   mc_p.l

    ----------------------------------------------------------------------
      2108        158          0        228         64     168323   Library Totals

    ----------------------------------------------------------------------

==============================================================================


      Code (inc. data)   RO Data    RW Data    ZI Data      Debug   

      9140        806       2840        336       1344     358072   Grand Totals
      9140        806       2840        184       1344     358072   ELF Image Totals (compressed)
      9140        806       2840        184          0          0   ROM Totals

==============================================================================

    Total RO  Size (Code + RO Data)                11980 (  11.70kB)
    Total RW  Size (RW Data + ZI Data)              1680 (   1.64kB)
    Total ROM Size (Code + RO Data + RW Data)      12164 (  11.88kB)

==============================================================================

